a12_longer | fold 0 | seed 1 | cuda | 1,176,752 parameters
epoch   1 | train loss 2.362 acc 0.273 | val loss 4.284 acc 0.062 | 6s
epoch   2 | train loss 1.738 acc 0.468 | val loss 3.133 acc 0.231 | 11s
epoch   3 | train loss 1.423 acc 0.553 | val loss 2.275 acc 0.367 | 17s
epoch   4 | train loss 1.306 acc 0.571 | val loss 3.559 acc 0.281 | 22s
epoch   5 | train loss 1.111 acc 0.635 | val loss 2.253 acc 0.415 | 27s
epoch   6 | train loss 1.016 acc 0.655 | val loss 1.235 acc 0.613 | 33s
epoch   7 | train loss 0.946 acc 0.666 | val loss 1.912 acc 0.435 | 38s
epoch   8 | train loss 0.928 acc 0.690 | val loss 1.628 acc 0.506 | 44s
epoch   9 | train loss 0.861 acc 0.703 | val loss 1.140 acc 0.617 | 49s
epoch  10 | train loss 0.732 acc 0.748 | val loss 1.680 acc 0.500 | 55s
epoch  11 | train loss 0.744 acc 0.747 | val loss 1.038 acc 0.627 | 61s
epoch  12 | train loss 0.760 acc 0.734 | val loss 1.561 acc 0.494 | 66s
epoch  13 | train loss 0.683 acc 0.772 | val loss 1.165 acc 0.598 | 72s
epoch  14 | train loss 0.645 acc 0.785 | val loss 1.074 acc 0.665 | 77s
epoch  15 | train loss 0.610 acc 0.793 | val loss 0.824 acc 0.719 | 83s
epoch  16 | train loss 0.619 acc 0.793 | val loss 0.756 acc 0.769 | 88s
epoch  17 | train loss 0.547 acc 0.811 | val loss 0.904 acc 0.696 | 94s
epoch  18 | train loss 0.506 acc 0.833 | val loss 1.506 acc 0.587 | 99s
epoch  19 | train loss 0.494 acc 0.832 | val loss 0.837 acc 0.708 | 105s
epoch  20 | train loss 0.483 acc 0.830 | val loss 1.406 acc 0.608 | 110s
epoch  21 | train loss 0.480 acc 0.829 | val loss 1.125 acc 0.681 | 116s
epoch  22 | train loss 0.446 acc 0.851 | val loss 0.853 acc 0.706 | 121s
epoch  23 | train loss 0.432 acc 0.850 | val loss 1.193 acc 0.656 | 126s
epoch  24 | train loss 0.392 acc 0.865 | val loss 0.765 acc 0.752 | 131s
epoch  25 | train loss 0.405 acc 0.860 | val loss 1.304 acc 0.623 | 136s
epoch  26 | train loss 0.381 acc 0.868 | val loss 1.352 acc 0.640 | 142s
epoch  27 | train loss 0.369 acc 0.874 | val loss 0.921 acc 0.738 | 147s
epoch  28 | train loss 0.342 acc 0.877 | val loss 0.844 acc 0.723 | 152s
epoch  29 | train loss 0.352 acc 0.881 | val loss 1.289 acc 0.633 | 157s
epoch  30 | train loss 0.339 acc 0.879 | val loss 1.117 acc 0.671 | 162s
epoch  31 | train loss 0.300 acc 0.903 | val loss 0.773 acc 0.735 | 168s
epoch  32 | train loss 0.299 acc 0.903 | val loss 0.643 acc 0.792 | 173s
epoch  33 | train loss 0.289 acc 0.903 | val loss 0.912 acc 0.729 | 179s
epoch  34 | train loss 0.285 acc 0.906 | val loss 0.868 acc 0.742 | 185s
epoch  35 | train loss 0.269 acc 0.914 | val loss 0.807 acc 0.727 | 188s
epoch  36 | train loss 0.270 acc 0.906 | val loss 1.200 acc 0.675 | 192s
epoch  37 | train loss 0.268 acc 0.912 | val loss 1.387 acc 0.625 | 196s
epoch  38 | train loss 0.246 acc 0.918 | val loss 0.797 acc 0.752 | 199s
epoch  39 | train loss 0.221 acc 0.926 | val loss 0.670 acc 0.785 | 203s
epoch  40 | train loss 0.200 acc 0.936 | val loss 0.794 acc 0.752 | 207s
epoch  41 | train loss 0.189 acc 0.938 | val loss 0.843 acc 0.746 | 210s
epoch  42 | train loss 0.225 acc 0.927 | val loss 0.853 acc 0.775 | 213s
epoch  43 | train loss 0.212 acc 0.925 | val loss 0.951 acc 0.723 | 217s
epoch  44 | train loss 0.176 acc 0.945 | val loss 1.173 acc 0.675 | 219s
epoch  45 | train loss 0.168 acc 0.948 | val loss 0.867 acc 0.735 | 222s
epoch  46 | train loss 0.155 acc 0.948 | val loss 0.750 acc 0.790 | 225s
epoch  47 | train loss 0.152 acc 0.951 | val loss 0.699 acc 0.790 | 229s
epoch  48 | train loss 0.183 acc 0.938 | val loss 0.833 acc 0.733 | 233s
epoch  49 | train loss 0.180 acc 0.941 | val loss 0.848 acc 0.758 | 238s
epoch  50 | train loss 0.157 acc 0.952 | val loss 0.797 acc 0.756 | 242s
epoch  51 | train loss 0.171 acc 0.943 | val loss 0.857 acc 0.746 | 247s
epoch  52 | train loss 0.129 acc 0.960 | val loss 0.726 acc 0.783 | 251s
epoch  53 | train loss 0.139 acc 0.956 | val loss 0.741 acc 0.779 | 256s
epoch  54 | train loss 0.168 acc 0.949 | val loss 0.858 acc 0.758 | 260s
epoch  55 | train loss 0.115 acc 0.967 | val loss 0.661 acc 0.806 | 265s
epoch  56 | train loss 0.111 acc 0.967 | val loss 0.775 acc 0.794 | 269s
epoch  57 | train loss 0.126 acc 0.963 | val loss 0.806 acc 0.748 | 273s
epoch  58 | train loss 0.100 acc 0.968 | val loss 0.792 acc 0.771 | 278s
epoch  59 | train loss 0.092 acc 0.973 | val loss 0.558 acc 0.835 | 282s
epoch  60 | train loss 0.085 acc 0.977 | val loss 0.756 acc 0.794 | 286s
epoch  61 | train loss 0.082 acc 0.980 | val loss 0.885 acc 0.742 | 291s
epoch  62 | train loss 0.098 acc 0.970 | val loss 0.689 acc 0.796 | 296s
epoch  63 | train loss 0.076 acc 0.982 | val loss 0.707 acc 0.800 | 301s
epoch  64 | train loss 0.098 acc 0.971 | val loss 1.028 acc 0.723 | 305s
epoch  65 | train loss 0.084 acc 0.976 | val loss 0.779 acc 0.794 | 310s
epoch  66 | train loss 0.089 acc 0.973 | val loss 0.696 acc 0.792 | 315s
epoch  67 | train loss 0.066 acc 0.983 | val loss 0.717 acc 0.798 | 319s
epoch  68 | train loss 0.067 acc 0.983 | val loss 0.608 acc 0.815 | 324s
epoch  69 | train loss 0.070 acc 0.983 | val loss 0.847 acc 0.785 | 329s
epoch  70 | train loss 0.083 acc 0.977 | val loss 0.645 acc 0.823 | 334s
epoch  71 | train loss 0.073 acc 0.981 | val loss 0.601 acc 0.815 | 338s
epoch  72 | train loss 0.065 acc 0.983 | val loss 0.864 acc 0.773 | 343s
epoch  73 | train loss 0.075 acc 0.977 | val loss 0.718 acc 0.821 | 347s
epoch  74 | train loss 0.053 acc 0.986 | val loss 0.797 acc 0.762 | 352s
epoch  75 | train loss 0.074 acc 0.980 | val loss 0.806 acc 0.783 | 356s
epoch  76 | train loss 0.051 acc 0.988 | val loss 0.729 acc 0.810 | 361s
epoch  77 | train loss 0.045 acc 0.989 | val loss 0.637 acc 0.804 | 365s
epoch  78 | train loss 0.055 acc 0.985 | val loss 0.761 acc 0.777 | 369s
epoch  79 | train loss 0.053 acc 0.987 | val loss 0.850 acc 0.783 | 373s
epoch  80 | train loss 0.039 acc 0.993 | val loss 0.577 acc 0.848 | 377s
epoch  81 | train loss 0.044 acc 0.991 | val loss 0.644 acc 0.815 | 381s
epoch  82 | train loss 0.031 acc 0.994 | val loss 0.536 acc 0.852 | 386s
epoch  83 | train loss 0.026 acc 0.995 | val loss 0.579 acc 0.842 | 391s
epoch  84 | train loss 0.032 acc 0.993 | val loss 0.610 acc 0.821 | 396s
epoch  85 | train loss 0.030 acc 0.993 | val loss 0.684 acc 0.815 | 401s
epoch  86 | train loss 0.034 acc 0.994 | val loss 0.621 acc 0.823 | 405s
epoch  87 | train loss 0.032 acc 0.993 | val loss 0.571 acc 0.835 | 411s
epoch  88 | train loss 0.028 acc 0.995 | val loss 0.582 acc 0.844 | 416s
epoch  89 | train loss 0.025 acc 0.996 | val loss 0.687 acc 0.821 | 420s
epoch  90 | train loss 0.032 acc 0.992 | val loss 0.612 acc 0.829 | 425s
epoch  91 | train loss 0.023 acc 0.997 | val loss 0.604 acc 0.831 | 430s
epoch  92 | train loss 0.022 acc 0.994 | val loss 0.624 acc 0.837 | 434s
epoch  93 | train loss 0.025 acc 0.995 | val loss 0.566 acc 0.850 | 439s
epoch  94 | train loss 0.024 acc 0.995 | val loss 0.601 acc 0.844 | 443s
epoch  95 | train loss 0.024 acc 0.995 | val loss 0.531 acc 0.860 | 447s
epoch  96 | train loss 0.019 acc 0.997 | val loss 0.603 acc 0.840 | 452s
epoch  97 | train loss 0.020 acc 0.996 | val loss 0.554 acc 0.848 | 456s
epoch  98 | train loss 0.024 acc 0.996 | val loss 0.589 acc 0.848 | 461s
epoch  99 | train loss 0.018 acc 0.996 | val loss 0.544 acc 0.846 | 465s
epoch 100 | train loss 0.021 acc 0.996 | val loss 0.698 acc 0.825 | 469s
epoch 101 | train loss 0.020 acc 0.998 | val loss 0.654 acc 0.833 | 474s
epoch 102 | train loss 0.017 acc 0.997 | val loss 0.583 acc 0.854 | 479s
epoch 103 | train loss 0.021 acc 0.995 | val loss 0.556 acc 0.852 | 483s
epoch 104 | train loss 0.019 acc 0.995 | val loss 0.542 acc 0.854 | 488s
epoch 105 | train loss 0.022 acc 0.996 | val loss 0.634 acc 0.827 | 492s
epoch 106 | train loss 0.018 acc 0.997 | val loss 0.545 acc 0.865 | 497s
epoch 107 | train loss 0.021 acc 0.996 | val loss 0.578 acc 0.844 | 502s
epoch 108 | train loss 0.027 acc 0.994 | val loss 0.594 acc 0.842 | 506s
epoch 109 | train loss 0.022 acc 0.996 | val loss 0.539 acc 0.856 | 511s
epoch 110 | train loss 0.013 acc 0.998 | val loss 0.572 acc 0.842 | 516s
epoch 111 | train loss 0.016 acc 0.996 | val loss 0.517 acc 0.863 | 521s
epoch 112 | train loss 0.011 acc 0.999 | val loss 0.505 acc 0.865 | 526s
epoch 113 | train loss 0.012 acc 0.999 | val loss 0.538 acc 0.863 | 530s
epoch 114 | train loss 0.012 acc 0.999 | val loss 0.534 acc 0.858 | 535s
epoch 115 | train loss 0.012 acc 0.997 | val loss 0.537 acc 0.854 | 539s
epoch 116 | train loss 0.011 acc 0.998 | val loss 0.538 acc 0.865 | 543s
epoch 117 | train loss 0.012 acc 0.998 | val loss 0.522 acc 0.856 | 548s
epoch 118 | train loss 0.011 acc 0.999 | val loss 0.530 acc 0.850 | 552s
epoch 119 | train loss 0.013 acc 0.997 | val loss 0.538 acc 0.850 | 556s
epoch 120 | train loss 0.010 acc 0.998 | val loss 0.533 acc 0.852 | 560s
epoch 121 | train loss 0.012 acc 0.997 | val loss 0.533 acc 0.856 | 564s
epoch 122 | train loss 0.012 acc 0.997 | val loss 0.510 acc 0.860 | 569s
epoch 123 | train loss 0.008 acc 1.000 | val loss 0.520 acc 0.856 | 573s
epoch 124 | train loss 0.010 acc 0.998 | val loss 0.509 acc 0.863 | 578s
epoch 125 | train loss 0.011 acc 0.998 | val loss 0.554 acc 0.850 | 583s
epoch 126 | train loss 0.011 acc 0.997 | val loss 0.553 acc 0.846 | 588s
epoch 127 | train loss 0.007 acc 0.999 | val loss 0.533 acc 0.848 | 593s
epoch 128 | train loss 0.010 acc 0.998 | val loss 0.543 acc 0.848 | 598s
epoch 129 | train loss 0.012 acc 0.998 | val loss 0.530 acc 0.856 | 603s
epoch 130 | train loss 0.010 acc 0.997 | val loss 0.537 acc 0.844 | 608s
epoch 131 | train loss 0.008 acc 0.999 | val loss 0.534 acc 0.856 | 613s
epoch 132 | train loss 0.006 acc 1.000 | val loss 0.518 acc 0.860 | 618s
epoch 133 | train loss 0.009 acc 0.999 | val loss 0.524 acc 0.852 | 623s
epoch 134 | train loss 0.007 acc 0.999 | val loss 0.537 acc 0.850 | 628s
epoch 135 | train loss 0.008 acc 0.999 | val loss 0.538 acc 0.854 | 633s
epoch 136 | train loss 0.007 acc 0.999 | val loss 0.529 acc 0.860 | 638s
epoch 137 | train loss 0.007 acc 0.999 | val loss 0.541 acc 0.858 | 643s
epoch 138 | train loss 0.007 acc 0.999 | val loss 0.531 acc 0.856 | 647s
epoch 139 | train loss 0.007 acc 0.999 | val loss 0.534 acc 0.858 | 652s
epoch 140 | train loss 0.009 acc 0.999 | val loss 0.527 acc 0.856 | 657s
epoch 141 | train loss 0.008 acc 0.998 | val loss 0.525 acc 0.856 | 661s
epoch 142 | train loss 0.006 acc 1.000 | val loss 0.522 acc 0.860 | 666s
epoch 143 | train loss 0.007 acc 0.999 | val loss 0.526 acc 0.858 | 671s
epoch 144 | train loss 0.007 acc 0.999 | val loss 0.525 acc 0.860 | 675s
epoch 145 | train loss 0.007 acc 0.999 | val loss 0.516 acc 0.860 | 680s
epoch 146 | train loss 0.009 acc 0.997 | val loss 0.520 acc 0.858 | 685s
epoch 147 | train loss 0.006 acc 1.000 | val loss 0.523 acc 0.860 | 690s
epoch 148 | train loss 0.007 acc 1.000 | val loss 0.529 acc 0.858 | 695s
epoch 149 | train loss 0.006 acc 1.000 | val loss 0.526 acc 0.858 | 701s
epoch 150 | train loss 0.008 acc 0.999 | val loss 0.526 acc 0.856 | 705s
final validation accuracy 0.8562
