a12_longer | fold 1 | seed 0 | cuda | 1,176,752 parameters
epoch   1 | train loss 2.349 acc 0.276 | val loss 4.139 acc 0.067 | 6s
epoch   2 | train loss 1.715 acc 0.479 | val loss 2.939 acc 0.269 | 12s
epoch   3 | train loss 1.405 acc 0.542 | val loss 2.272 acc 0.335 | 17s
epoch   4 | train loss 1.221 acc 0.593 | val loss 2.778 acc 0.310 | 22s
epoch   5 | train loss 1.077 acc 0.642 | val loss 1.332 acc 0.562 | 27s
epoch   6 | train loss 0.964 acc 0.676 | val loss 1.892 acc 0.463 | 32s
epoch   7 | train loss 0.908 acc 0.691 | val loss 1.444 acc 0.529 | 37s
epoch   8 | train loss 0.839 acc 0.714 | val loss 1.176 acc 0.625 | 43s
epoch   9 | train loss 0.824 acc 0.718 | val loss 1.023 acc 0.665 | 48s
epoch  10 | train loss 0.757 acc 0.745 | val loss 1.014 acc 0.648 | 54s
epoch  11 | train loss 0.695 acc 0.759 | val loss 1.854 acc 0.488 | 59s
epoch  12 | train loss 0.660 acc 0.774 | val loss 0.920 acc 0.721 | 64s
epoch  13 | train loss 0.621 acc 0.793 | val loss 1.032 acc 0.679 | 69s
epoch  14 | train loss 0.628 acc 0.783 | val loss 0.829 acc 0.731 | 73s
epoch  15 | train loss 0.621 acc 0.779 | val loss 1.050 acc 0.650 | 78s
epoch  16 | train loss 0.561 acc 0.807 | val loss 0.839 acc 0.717 | 83s
epoch  17 | train loss 0.550 acc 0.811 | val loss 1.011 acc 0.675 | 87s
epoch  18 | train loss 0.568 acc 0.805 | val loss 0.995 acc 0.667 | 92s
epoch  19 | train loss 0.528 acc 0.819 | val loss 0.766 acc 0.708 | 96s
epoch  20 | train loss 0.510 acc 0.831 | val loss 1.108 acc 0.650 | 101s
epoch  21 | train loss 0.400 acc 0.872 | val loss 0.802 acc 0.750 | 105s
epoch  22 | train loss 0.426 acc 0.854 | val loss 0.708 acc 0.769 | 109s
epoch  23 | train loss 0.388 acc 0.872 | val loss 1.166 acc 0.633 | 113s
epoch  24 | train loss 0.388 acc 0.865 | val loss 0.788 acc 0.738 | 118s
epoch  25 | train loss 0.446 acc 0.847 | val loss 0.723 acc 0.760 | 123s
epoch  26 | train loss 0.364 acc 0.879 | val loss 0.751 acc 0.750 | 129s
epoch  27 | train loss 0.323 acc 0.898 | val loss 0.883 acc 0.750 | 134s
epoch  28 | train loss 0.336 acc 0.886 | val loss 1.221 acc 0.640 | 139s
epoch  29 | train loss 0.335 acc 0.884 | val loss 1.614 acc 0.583 | 145s
epoch  30 | train loss 0.309 acc 0.899 | val loss 0.957 acc 0.719 | 150s
epoch  31 | train loss 0.290 acc 0.904 | val loss 0.708 acc 0.775 | 156s
epoch  32 | train loss 0.299 acc 0.899 | val loss 0.851 acc 0.723 | 161s
epoch  33 | train loss 0.303 acc 0.901 | val loss 0.825 acc 0.738 | 167s
epoch  34 | train loss 0.292 acc 0.896 | val loss 1.041 acc 0.675 | 172s
epoch  35 | train loss 0.269 acc 0.905 | val loss 0.829 acc 0.748 | 178s
epoch  36 | train loss 0.265 acc 0.916 | val loss 0.761 acc 0.762 | 183s
epoch  37 | train loss 0.239 acc 0.924 | val loss 0.786 acc 0.744 | 189s
epoch  38 | train loss 0.222 acc 0.922 | val loss 1.191 acc 0.658 | 194s
epoch  39 | train loss 0.229 acc 0.925 | val loss 0.682 acc 0.796 | 200s
epoch  40 | train loss 0.192 acc 0.938 | val loss 1.134 acc 0.671 | 205s
epoch  41 | train loss 0.214 acc 0.931 | val loss 0.559 acc 0.819 | 210s
epoch  42 | train loss 0.211 acc 0.928 | val loss 0.659 acc 0.806 | 216s
epoch  43 | train loss 0.199 acc 0.936 | val loss 0.609 acc 0.812 | 221s
epoch  44 | train loss 0.182 acc 0.949 | val loss 0.799 acc 0.752 | 227s
epoch  45 | train loss 0.198 acc 0.934 | val loss 0.917 acc 0.721 | 232s
epoch  46 | train loss 0.185 acc 0.940 | val loss 0.881 acc 0.738 | 238s
epoch  47 | train loss 0.160 acc 0.948 | val loss 0.677 acc 0.798 | 243s
epoch  48 | train loss 0.164 acc 0.950 | val loss 0.633 acc 0.796 | 248s
epoch  49 | train loss 0.153 acc 0.950 | val loss 0.629 acc 0.796 | 254s
epoch  50 | train loss 0.141 acc 0.951 | val loss 0.969 acc 0.740 | 259s
epoch  51 | train loss 0.127 acc 0.962 | val loss 0.490 acc 0.863 | 265s
epoch  52 | train loss 0.147 acc 0.951 | val loss 0.774 acc 0.771 | 270s
epoch  53 | train loss 0.136 acc 0.957 | val loss 0.727 acc 0.792 | 273s
epoch  54 | train loss 0.126 acc 0.962 | val loss 0.678 acc 0.790 | 275s
epoch  55 | train loss 0.102 acc 0.973 | val loss 1.102 acc 0.719 | 278s
epoch  56 | train loss 0.113 acc 0.963 | val loss 0.496 acc 0.852 | 281s
epoch  57 | train loss 0.104 acc 0.970 | val loss 0.585 acc 0.810 | 285s
epoch  58 | train loss 0.130 acc 0.956 | val loss 1.217 acc 0.694 | 288s
epoch  59 | train loss 0.125 acc 0.964 | val loss 0.537 acc 0.819 | 292s
epoch  60 | train loss 0.098 acc 0.974 | val loss 0.752 acc 0.779 | 295s
epoch  61 | train loss 0.091 acc 0.971 | val loss 0.724 acc 0.796 | 299s
epoch  62 | train loss 0.080 acc 0.979 | val loss 1.046 acc 0.729 | 303s
epoch  63 | train loss 0.094 acc 0.973 | val loss 0.685 acc 0.810 | 306s
epoch  64 | train loss 0.070 acc 0.982 | val loss 0.641 acc 0.800 | 310s
epoch  65 | train loss 0.068 acc 0.978 | val loss 0.774 acc 0.812 | 313s
epoch  66 | train loss 0.062 acc 0.983 | val loss 0.548 acc 0.835 | 317s
epoch  67 | train loss 0.073 acc 0.980 | val loss 0.699 acc 0.798 | 322s
epoch  68 | train loss 0.069 acc 0.984 | val loss 0.633 acc 0.804 | 326s
epoch  69 | train loss 0.058 acc 0.985 | val loss 0.530 acc 0.844 | 330s
epoch  70 | train loss 0.075 acc 0.980 | val loss 0.695 acc 0.781 | 334s
epoch  71 | train loss 0.059 acc 0.985 | val loss 0.698 acc 0.812 | 338s
epoch  72 | train loss 0.068 acc 0.980 | val loss 0.532 acc 0.842 | 342s
epoch  73 | train loss 0.047 acc 0.989 | val loss 0.580 acc 0.827 | 346s
epoch  74 | train loss 0.055 acc 0.986 | val loss 0.687 acc 0.817 | 351s
epoch  75 | train loss 0.059 acc 0.986 | val loss 0.484 acc 0.865 | 355s
epoch  76 | train loss 0.047 acc 0.989 | val loss 0.529 acc 0.850 | 360s
epoch  77 | train loss 0.041 acc 0.991 | val loss 0.567 acc 0.831 | 363s
epoch  78 | train loss 0.029 acc 0.995 | val loss 0.498 acc 0.867 | 367s
epoch  79 | train loss 0.036 acc 0.990 | val loss 0.480 acc 0.850 | 371s
epoch  80 | train loss 0.036 acc 0.993 | val loss 0.510 acc 0.869 | 374s
epoch  81 | train loss 0.046 acc 0.988 | val loss 0.812 acc 0.785 | 378s
epoch  82 | train loss 0.043 acc 0.990 | val loss 0.566 acc 0.840 | 381s
epoch  83 | train loss 0.035 acc 0.992 | val loss 0.607 acc 0.825 | 385s
epoch  84 | train loss 0.037 acc 0.990 | val loss 0.471 acc 0.852 | 388s
epoch  85 | train loss 0.034 acc 0.991 | val loss 0.552 acc 0.858 | 392s
epoch  86 | train loss 0.029 acc 0.994 | val loss 0.505 acc 0.867 | 396s
epoch  87 | train loss 0.032 acc 0.993 | val loss 0.649 acc 0.810 | 399s
epoch  88 | train loss 0.028 acc 0.994 | val loss 0.560 acc 0.835 | 402s
epoch  89 | train loss 0.025 acc 0.995 | val loss 0.457 acc 0.860 | 405s
epoch  90 | train loss 0.027 acc 0.995 | val loss 0.598 acc 0.846 | 409s
epoch  91 | train loss 0.028 acc 0.993 | val loss 0.624 acc 0.850 | 413s
epoch  92 | train loss 0.026 acc 0.995 | val loss 0.592 acc 0.835 | 417s
epoch  93 | train loss 0.023 acc 0.996 | val loss 0.517 acc 0.856 | 421s
epoch  94 | train loss 0.026 acc 0.994 | val loss 0.535 acc 0.848 | 426s
epoch  95 | train loss 0.030 acc 0.993 | val loss 0.541 acc 0.850 | 430s
epoch  96 | train loss 0.022 acc 0.997 | val loss 0.575 acc 0.858 | 435s
epoch  97 | train loss 0.027 acc 0.993 | val loss 0.539 acc 0.856 | 440s
epoch  98 | train loss 0.016 acc 0.998 | val loss 0.524 acc 0.860 | 444s
epoch  99 | train loss 0.020 acc 0.994 | val loss 0.511 acc 0.863 | 449s
epoch 100 | train loss 0.022 acc 0.996 | val loss 0.468 acc 0.865 | 452s
epoch 101 | train loss 0.015 acc 0.998 | val loss 0.480 acc 0.865 | 456s
epoch 102 | train loss 0.025 acc 0.995 | val loss 0.522 acc 0.858 | 460s
epoch 103 | train loss 0.023 acc 0.995 | val loss 0.607 acc 0.825 | 464s
epoch 104 | train loss 0.020 acc 0.995 | val loss 0.507 acc 0.867 | 467s
epoch 105 | train loss 0.021 acc 0.995 | val loss 0.552 acc 0.852 | 471s
epoch 106 | train loss 0.021 acc 0.996 | val loss 0.584 acc 0.846 | 475s
epoch 107 | train loss 0.016 acc 0.997 | val loss 0.488 acc 0.871 | 478s
epoch 108 | train loss 0.016 acc 0.997 | val loss 0.493 acc 0.869 | 482s
epoch 109 | train loss 0.015 acc 0.997 | val loss 0.468 acc 0.875 | 485s
epoch 110 | train loss 0.016 acc 0.997 | val loss 0.519 acc 0.852 | 487s
epoch 111 | train loss 0.012 acc 0.999 | val loss 0.477 acc 0.879 | 490s
epoch 112 | train loss 0.014 acc 0.998 | val loss 0.445 acc 0.883 | 493s
epoch 113 | train loss 0.015 acc 0.998 | val loss 0.468 acc 0.877 | 496s
epoch 114 | train loss 0.014 acc 0.998 | val loss 0.486 acc 0.867 | 501s
epoch 115 | train loss 0.017 acc 0.997 | val loss 0.499 acc 0.854 | 505s
epoch 116 | train loss 0.013 acc 0.998 | val loss 0.472 acc 0.871 | 510s
epoch 117 | train loss 0.014 acc 0.997 | val loss 0.479 acc 0.881 | 515s
epoch 118 | train loss 0.011 acc 0.998 | val loss 0.471 acc 0.873 | 519s
epoch 119 | train loss 0.008 acc 1.000 | val loss 0.439 acc 0.879 | 524s
epoch 120 | train loss 0.010 acc 0.998 | val loss 0.449 acc 0.875 | 528s
epoch 121 | train loss 0.013 acc 0.997 | val loss 0.447 acc 0.883 | 533s
epoch 122 | train loss 0.013 acc 0.998 | val loss 0.451 acc 0.879 | 537s
epoch 123 | train loss 0.010 acc 0.999 | val loss 0.442 acc 0.885 | 541s
epoch 124 | train loss 0.009 acc 0.999 | val loss 0.431 acc 0.879 | 543s
epoch 125 | train loss 0.011 acc 0.997 | val loss 0.470 acc 0.865 | 546s
epoch 126 | train loss 0.010 acc 0.999 | val loss 0.463 acc 0.875 | 550s
epoch 127 | train loss 0.010 acc 0.999 | val loss 0.455 acc 0.871 | 553s
epoch 128 | train loss 0.008 acc 0.998 | val loss 0.459 acc 0.873 | 557s
epoch 129 | train loss 0.006 acc 1.000 | val loss 0.449 acc 0.883 | 560s
epoch 130 | train loss 0.010 acc 0.998 | val loss 0.459 acc 0.875 | 563s
epoch 131 | train loss 0.006 acc 0.999 | val loss 0.444 acc 0.885 | 567s
epoch 132 | train loss 0.008 acc 1.000 | val loss 0.462 acc 0.877 | 570s
epoch 133 | train loss 0.006 acc 1.000 | val loss 0.448 acc 0.881 | 574s
epoch 134 | train loss 0.010 acc 0.998 | val loss 0.444 acc 0.885 | 577s
epoch 135 | train loss 0.007 acc 0.999 | val loss 0.457 acc 0.881 | 581s
epoch 136 | train loss 0.007 acc 0.999 | val loss 0.450 acc 0.879 | 584s
epoch 137 | train loss 0.006 acc 1.000 | val loss 0.445 acc 0.875 | 586s
epoch 138 | train loss 0.008 acc 0.999 | val loss 0.450 acc 0.881 | 590s
epoch 139 | train loss 0.007 acc 0.999 | val loss 0.452 acc 0.873 | 594s
epoch 140 | train loss 0.008 acc 0.999 | val loss 0.449 acc 0.883 | 599s
epoch 141 | train loss 0.006 acc 1.000 | val loss 0.456 acc 0.875 | 603s
epoch 142 | train loss 0.007 acc 0.999 | val loss 0.453 acc 0.879 | 608s
epoch 143 | train loss 0.005 acc 1.000 | val loss 0.452 acc 0.877 | 612s
epoch 144 | train loss 0.008 acc 0.999 | val loss 0.452 acc 0.881 | 616s
epoch 145 | train loss 0.007 acc 0.999 | val loss 0.455 acc 0.881 | 621s
epoch 146 | train loss 0.007 acc 0.999 | val loss 0.451 acc 0.879 | 625s
epoch 147 | train loss 0.008 acc 0.999 | val loss 0.450 acc 0.881 | 629s
epoch 148 | train loss 0.007 acc 0.999 | val loss 0.451 acc 0.881 | 634s
epoch 149 | train loss 0.007 acc 0.999 | val loss 0.452 acc 0.881 | 637s
epoch 150 | train loss 0.009 acc 0.998 | val loss 0.449 acc 0.881 | 640s
final validation accuracy 0.8813
