a12_longer | fold 4 | seed 0 | cuda | 1,176,752 parameters
epoch   1 | train loss 2.342 acc 0.274 | val loss 3.664 acc 0.100 | 6s
epoch   2 | train loss 1.698 acc 0.470 | val loss 2.338 acc 0.281 | 12s
epoch   3 | train loss 1.395 acc 0.558 | val loss 2.024 acc 0.410 | 18s
epoch   4 | train loss 1.188 acc 0.617 | val loss 1.933 acc 0.442 | 23s
epoch   5 | train loss 1.108 acc 0.623 | val loss 1.384 acc 0.554 | 29s
epoch   6 | train loss 1.006 acc 0.654 | val loss 1.250 acc 0.560 | 34s
epoch   7 | train loss 0.933 acc 0.669 | val loss 1.530 acc 0.504 | 40s
epoch   8 | train loss 0.869 acc 0.716 | val loss 1.643 acc 0.492 | 45s
epoch   9 | train loss 0.818 acc 0.726 | val loss 1.776 acc 0.469 | 50s
epoch  10 | train loss 0.749 acc 0.742 | val loss 1.021 acc 0.671 | 56s
epoch  11 | train loss 0.719 acc 0.754 | val loss 1.017 acc 0.658 | 61s
epoch  12 | train loss 0.686 acc 0.772 | val loss 1.525 acc 0.575 | 66s
epoch  13 | train loss 0.592 acc 0.803 | val loss 2.303 acc 0.475 | 71s
epoch  14 | train loss 0.634 acc 0.781 | val loss 1.367 acc 0.552 | 76s
epoch  15 | train loss 0.622 acc 0.789 | val loss 1.305 acc 0.604 | 82s
epoch  16 | train loss 0.565 acc 0.808 | val loss 1.193 acc 0.665 | 87s
epoch  17 | train loss 0.543 acc 0.815 | val loss 0.945 acc 0.675 | 92s
epoch  18 | train loss 0.493 acc 0.833 | val loss 0.722 acc 0.746 | 98s
epoch  19 | train loss 0.500 acc 0.831 | val loss 0.933 acc 0.679 | 103s
epoch  20 | train loss 0.479 acc 0.836 | val loss 0.856 acc 0.723 | 109s
epoch  21 | train loss 0.442 acc 0.851 | val loss 1.116 acc 0.654 | 114s
epoch  22 | train loss 0.462 acc 0.838 | val loss 1.157 acc 0.604 | 120s
epoch  23 | train loss 0.398 acc 0.853 | val loss 0.684 acc 0.756 | 125s
epoch  24 | train loss 0.413 acc 0.849 | val loss 1.046 acc 0.663 | 131s
epoch  25 | train loss 0.419 acc 0.852 | val loss 1.005 acc 0.681 | 137s
epoch  26 | train loss 0.350 acc 0.894 | val loss 0.705 acc 0.783 | 142s
epoch  27 | train loss 0.330 acc 0.887 | val loss 0.808 acc 0.712 | 147s
epoch  28 | train loss 0.357 acc 0.877 | val loss 1.578 acc 0.615 | 152s
epoch  29 | train loss 0.320 acc 0.890 | val loss 0.876 acc 0.721 | 156s
epoch  30 | train loss 0.302 acc 0.895 | val loss 0.932 acc 0.717 | 161s
epoch  31 | train loss 0.309 acc 0.889 | val loss 0.882 acc 0.725 | 165s
epoch  32 | train loss 0.299 acc 0.901 | val loss 0.662 acc 0.781 | 170s
epoch  33 | train loss 0.311 acc 0.896 | val loss 0.902 acc 0.717 | 174s
epoch  34 | train loss 0.294 acc 0.904 | val loss 0.866 acc 0.731 | 178s
epoch  35 | train loss 0.261 acc 0.916 | val loss 0.860 acc 0.742 | 183s
epoch  36 | train loss 0.244 acc 0.916 | val loss 1.001 acc 0.725 | 187s
epoch  37 | train loss 0.245 acc 0.921 | val loss 1.315 acc 0.623 | 191s
epoch  38 | train loss 0.245 acc 0.920 | val loss 0.841 acc 0.756 | 195s
epoch  39 | train loss 0.220 acc 0.934 | val loss 0.816 acc 0.731 | 200s
epoch  40 | train loss 0.230 acc 0.925 | val loss 0.766 acc 0.742 | 205s
epoch  41 | train loss 0.213 acc 0.930 | val loss 0.921 acc 0.725 | 210s
epoch  42 | train loss 0.199 acc 0.934 | val loss 0.975 acc 0.710 | 215s
epoch  43 | train loss 0.187 acc 0.934 | val loss 0.884 acc 0.729 | 219s
epoch  44 | train loss 0.183 acc 0.940 | val loss 0.838 acc 0.754 | 224s
epoch  45 | train loss 0.174 acc 0.949 | val loss 0.827 acc 0.758 | 229s
epoch  46 | train loss 0.170 acc 0.945 | val loss 1.041 acc 0.702 | 234s
epoch  47 | train loss 0.171 acc 0.946 | val loss 1.180 acc 0.675 | 240s
epoch  48 | train loss 0.164 acc 0.945 | val loss 0.719 acc 0.804 | 244s
epoch  49 | train loss 0.165 acc 0.945 | val loss 1.031 acc 0.708 | 249s
epoch  50 | train loss 0.148 acc 0.951 | val loss 0.510 acc 0.833 | 254s
epoch  51 | train loss 0.130 acc 0.959 | val loss 0.926 acc 0.727 | 258s
epoch  52 | train loss 0.157 acc 0.954 | val loss 0.746 acc 0.773 | 263s
epoch  53 | train loss 0.131 acc 0.960 | val loss 0.547 acc 0.815 | 267s
epoch  54 | train loss 0.135 acc 0.959 | val loss 0.823 acc 0.754 | 271s
epoch  55 | train loss 0.109 acc 0.967 | val loss 0.992 acc 0.708 | 276s
epoch  56 | train loss 0.101 acc 0.971 | val loss 0.737 acc 0.767 | 280s
epoch  57 | train loss 0.094 acc 0.974 | val loss 0.638 acc 0.794 | 284s
epoch  58 | train loss 0.092 acc 0.977 | val loss 0.591 acc 0.817 | 288s
epoch  59 | train loss 0.074 acc 0.982 | val loss 0.626 acc 0.798 | 293s
epoch  60 | train loss 0.074 acc 0.982 | val loss 0.615 acc 0.810 | 298s
epoch  61 | train loss 0.083 acc 0.978 | val loss 0.610 acc 0.794 | 303s
epoch  62 | train loss 0.088 acc 0.974 | val loss 0.582 acc 0.821 | 308s
epoch  63 | train loss 0.096 acc 0.979 | val loss 0.671 acc 0.812 | 313s
epoch  64 | train loss 0.082 acc 0.979 | val loss 0.715 acc 0.792 | 318s
epoch  65 | train loss 0.095 acc 0.972 | val loss 0.660 acc 0.819 | 323s
epoch  66 | train loss 0.081 acc 0.979 | val loss 0.584 acc 0.817 | 328s
epoch  67 | train loss 0.070 acc 0.983 | val loss 0.648 acc 0.808 | 333s
epoch  68 | train loss 0.054 acc 0.988 | val loss 0.763 acc 0.773 | 338s
epoch  69 | train loss 0.050 acc 0.987 | val loss 0.984 acc 0.742 | 342s
epoch  70 | train loss 0.070 acc 0.983 | val loss 0.582 acc 0.815 | 347s
epoch  71 | train loss 0.076 acc 0.980 | val loss 0.629 acc 0.815 | 351s
epoch  72 | train loss 0.067 acc 0.981 | val loss 0.593 acc 0.810 | 356s
epoch  73 | train loss 0.052 acc 0.986 | val loss 0.574 acc 0.844 | 360s
epoch  74 | train loss 0.048 acc 0.989 | val loss 0.565 acc 0.823 | 364s
epoch  75 | train loss 0.048 acc 0.986 | val loss 0.506 acc 0.856 | 369s
epoch  76 | train loss 0.046 acc 0.991 | val loss 0.536 acc 0.835 | 373s
epoch  77 | train loss 0.037 acc 0.994 | val loss 0.590 acc 0.823 | 377s
epoch  78 | train loss 0.043 acc 0.988 | val loss 0.628 acc 0.810 | 381s
epoch  79 | train loss 0.044 acc 0.990 | val loss 0.538 acc 0.825 | 386s
epoch  80 | train loss 0.034 acc 0.991 | val loss 0.659 acc 0.817 | 391s
epoch  81 | train loss 0.035 acc 0.993 | val loss 0.682 acc 0.781 | 396s
epoch  82 | train loss 0.036 acc 0.992 | val loss 0.569 acc 0.823 | 400s
epoch  83 | train loss 0.037 acc 0.991 | val loss 0.533 acc 0.840 | 405s
epoch  84 | train loss 0.035 acc 0.990 | val loss 0.466 acc 0.865 | 410s
epoch  85 | train loss 0.027 acc 0.995 | val loss 0.498 acc 0.854 | 415s
epoch  86 | train loss 0.036 acc 0.991 | val loss 0.650 acc 0.804 | 421s
epoch  87 | train loss 0.040 acc 0.990 | val loss 0.625 acc 0.827 | 426s
epoch  88 | train loss 0.033 acc 0.991 | val loss 0.577 acc 0.835 | 430s
epoch  89 | train loss 0.037 acc 0.989 | val loss 0.607 acc 0.837 | 435s
epoch  90 | train loss 0.035 acc 0.993 | val loss 0.732 acc 0.796 | 439s
epoch  91 | train loss 0.039 acc 0.991 | val loss 0.617 acc 0.812 | 444s
epoch  92 | train loss 0.029 acc 0.995 | val loss 0.558 acc 0.821 | 449s
epoch  93 | train loss 0.025 acc 0.994 | val loss 0.581 acc 0.821 | 453s
epoch  94 | train loss 0.027 acc 0.995 | val loss 0.586 acc 0.833 | 457s
epoch  95 | train loss 0.026 acc 0.994 | val loss 0.472 acc 0.848 | 462s
epoch  96 | train loss 0.028 acc 0.995 | val loss 0.503 acc 0.856 | 466s
epoch  97 | train loss 0.028 acc 0.995 | val loss 0.505 acc 0.854 | 470s
epoch  98 | train loss 0.026 acc 0.994 | val loss 0.545 acc 0.840 | 475s
epoch  99 | train loss 0.018 acc 0.997 | val loss 0.517 acc 0.846 | 479s
epoch 100 | train loss 0.017 acc 0.997 | val loss 0.477 acc 0.844 | 484s
epoch 101 | train loss 0.021 acc 0.996 | val loss 0.504 acc 0.842 | 489s
epoch 102 | train loss 0.018 acc 0.996 | val loss 0.552 acc 0.842 | 494s
epoch 103 | train loss 0.013 acc 0.998 | val loss 0.485 acc 0.858 | 499s
epoch 104 | train loss 0.022 acc 0.994 | val loss 0.503 acc 0.850 | 503s
epoch 105 | train loss 0.016 acc 0.998 | val loss 0.506 acc 0.846 | 508s
epoch 106 | train loss 0.014 acc 0.997 | val loss 0.489 acc 0.865 | 513s
epoch 107 | train loss 0.013 acc 0.999 | val loss 0.443 acc 0.858 | 518s
epoch 108 | train loss 0.016 acc 0.997 | val loss 0.483 acc 0.852 | 523s
epoch 109 | train loss 0.012 acc 0.999 | val loss 0.446 acc 0.856 | 528s
epoch 110 | train loss 0.012 acc 0.999 | val loss 0.461 acc 0.865 | 533s
epoch 111 | train loss 0.013 acc 0.999 | val loss 0.447 acc 0.865 | 538s
epoch 112 | train loss 0.010 acc 0.999 | val loss 0.458 acc 0.856 | 543s
epoch 113 | train loss 0.013 acc 0.997 | val loss 0.443 acc 0.858 | 549s
epoch 114 | train loss 0.012 acc 0.998 | val loss 0.472 acc 0.860 | 553s
epoch 115 | train loss 0.011 acc 0.998 | val loss 0.469 acc 0.860 | 558s
epoch 116 | train loss 0.010 acc 0.999 | val loss 0.471 acc 0.860 | 563s
epoch 117 | train loss 0.010 acc 0.998 | val loss 0.454 acc 0.863 | 568s
epoch 118 | train loss 0.007 acc 1.000 | val loss 0.463 acc 0.869 | 573s
epoch 119 | train loss 0.012 acc 0.998 | val loss 0.466 acc 0.867 | 578s
epoch 120 | train loss 0.011 acc 0.998 | val loss 0.455 acc 0.860 | 583s
epoch 121 | train loss 0.011 acc 0.998 | val loss 0.452 acc 0.865 | 588s
epoch 122 | train loss 0.009 acc 0.998 | val loss 0.458 acc 0.856 | 593s
epoch 123 | train loss 0.008 acc 0.999 | val loss 0.454 acc 0.867 | 597s
epoch 124 | train loss 0.009 acc 0.998 | val loss 0.454 acc 0.865 | 602s
epoch 125 | train loss 0.010 acc 0.998 | val loss 0.458 acc 0.863 | 607s
epoch 126 | train loss 0.010 acc 0.998 | val loss 0.450 acc 0.860 | 612s
epoch 127 | train loss 0.010 acc 0.999 | val loss 0.455 acc 0.867 | 616s
epoch 128 | train loss 0.009 acc 0.999 | val loss 0.452 acc 0.869 | 618s
epoch 129 | train loss 0.008 acc 0.998 | val loss 0.449 acc 0.871 | 620s
epoch 130 | train loss 0.008 acc 0.999 | val loss 0.450 acc 0.863 | 622s
epoch 131 | train loss 0.008 acc 0.999 | val loss 0.448 acc 0.867 | 624s
epoch 132 | train loss 0.010 acc 0.998 | val loss 0.446 acc 0.858 | 626s
epoch 133 | train loss 0.007 acc 0.999 | val loss 0.443 acc 0.867 | 628s
epoch 134 | train loss 0.013 acc 0.998 | val loss 0.444 acc 0.865 | 629s
epoch 135 | train loss 0.008 acc 0.999 | val loss 0.452 acc 0.869 | 631s
epoch 136 | train loss 0.011 acc 0.998 | val loss 0.449 acc 0.871 | 633s
epoch 137 | train loss 0.008 acc 0.999 | val loss 0.447 acc 0.871 | 635s
epoch 138 | train loss 0.009 acc 0.999 | val loss 0.456 acc 0.873 | 637s
epoch 139 | train loss 0.006 acc 0.999 | val loss 0.446 acc 0.869 | 639s
epoch 140 | train loss 0.007 acc 0.999 | val loss 0.445 acc 0.875 | 641s
epoch 141 | train loss 0.006 acc 1.000 | val loss 0.442 acc 0.873 | 643s
epoch 142 | train loss 0.007 acc 0.999 | val loss 0.448 acc 0.873 | 645s
epoch 143 | train loss 0.006 acc 1.000 | val loss 0.449 acc 0.871 | 647s
epoch 144 | train loss 0.009 acc 0.999 | val loss 0.444 acc 0.873 | 648s
epoch 145 | train loss 0.006 acc 0.999 | val loss 0.451 acc 0.871 | 650s
epoch 146 | train loss 0.008 acc 0.999 | val loss 0.445 acc 0.875 | 652s
epoch 147 | train loss 0.009 acc 0.998 | val loss 0.441 acc 0.871 | 654s
epoch 148 | train loss 0.010 acc 0.999 | val loss 0.444 acc 0.875 | 656s
epoch 149 | train loss 0.008 acc 0.999 | val loss 0.449 acc 0.871 | 658s
epoch 150 | train loss 0.008 acc 0.999 | val loss 0.445 acc 0.875 | 660s
final validation accuracy 0.8750
