a12_longer | fold 3 | seed 1 | cuda | 1,176,752 parameters
epoch   1 | train loss 2.389 acc 0.251 | val loss 4.413 acc 0.062 | 6s
epoch   2 | train loss 1.721 acc 0.495 | val loss 2.997 acc 0.258 | 12s
epoch   3 | train loss 1.413 acc 0.565 | val loss 2.472 acc 0.323 | 17s
epoch   4 | train loss 1.288 acc 0.574 | val loss 2.693 acc 0.298 | 23s
epoch   5 | train loss 1.144 acc 0.619 | val loss 2.099 acc 0.383 | 28s
epoch   6 | train loss 0.992 acc 0.674 | val loss 1.408 acc 0.550 | 33s
epoch   7 | train loss 0.958 acc 0.679 | val loss 1.942 acc 0.477 | 39s
epoch   8 | train loss 0.863 acc 0.710 | val loss 1.194 acc 0.608 | 44s
epoch   9 | train loss 0.837 acc 0.718 | val loss 1.418 acc 0.552 | 49s
epoch  10 | train loss 0.753 acc 0.740 | val loss 1.162 acc 0.623 | 55s
epoch  11 | train loss 0.741 acc 0.745 | val loss 1.171 acc 0.619 | 60s
epoch  12 | train loss 0.761 acc 0.731 | val loss 1.336 acc 0.556 | 65s
epoch  13 | train loss 0.678 acc 0.759 | val loss 1.576 acc 0.521 | 71s
epoch  14 | train loss 0.650 acc 0.792 | val loss 1.136 acc 0.646 | 76s
epoch  15 | train loss 0.655 acc 0.770 | val loss 1.295 acc 0.590 | 81s
epoch  16 | train loss 0.613 acc 0.801 | val loss 1.061 acc 0.663 | 87s
epoch  17 | train loss 0.557 acc 0.807 | val loss 0.844 acc 0.733 | 92s
epoch  18 | train loss 0.504 acc 0.827 | val loss 1.621 acc 0.533 | 97s
epoch  19 | train loss 0.507 acc 0.831 | val loss 1.010 acc 0.679 | 103s
epoch  20 | train loss 0.497 acc 0.831 | val loss 1.235 acc 0.617 | 108s
epoch  21 | train loss 0.472 acc 0.843 | val loss 1.097 acc 0.675 | 113s
epoch  22 | train loss 0.447 acc 0.846 | val loss 1.013 acc 0.683 | 119s
epoch  23 | train loss 0.484 acc 0.833 | val loss 1.097 acc 0.669 | 124s
epoch  24 | train loss 0.437 acc 0.842 | val loss 0.746 acc 0.758 | 130s
epoch  25 | train loss 0.422 acc 0.856 | val loss 1.458 acc 0.615 | 135s
epoch  26 | train loss 0.408 acc 0.861 | val loss 1.013 acc 0.688 | 141s
epoch  27 | train loss 0.374 acc 0.873 | val loss 1.015 acc 0.690 | 146s
epoch  28 | train loss 0.394 acc 0.857 | val loss 0.782 acc 0.754 | 152s
epoch  29 | train loss 0.372 acc 0.873 | val loss 0.756 acc 0.769 | 157s
epoch  30 | train loss 0.346 acc 0.887 | val loss 0.720 acc 0.783 | 161s
epoch  31 | train loss 0.342 acc 0.882 | val loss 0.823 acc 0.752 | 165s
epoch  32 | train loss 0.293 acc 0.900 | val loss 0.810 acc 0.775 | 168s
epoch  33 | train loss 0.287 acc 0.904 | val loss 0.796 acc 0.756 | 172s
epoch  34 | train loss 0.272 acc 0.904 | val loss 1.537 acc 0.596 | 176s
epoch  35 | train loss 0.300 acc 0.897 | val loss 0.936 acc 0.715 | 179s
epoch  36 | train loss 0.260 acc 0.913 | val loss 1.309 acc 0.648 | 183s
epoch  37 | train loss 0.261 acc 0.914 | val loss 0.816 acc 0.758 | 186s
epoch  38 | train loss 0.253 acc 0.918 | val loss 0.722 acc 0.792 | 189s
epoch  39 | train loss 0.242 acc 0.924 | val loss 0.653 acc 0.804 | 192s
epoch  40 | train loss 0.238 acc 0.923 | val loss 1.408 acc 0.642 | 195s
epoch  41 | train loss 0.225 acc 0.924 | val loss 1.063 acc 0.663 | 198s
epoch  42 | train loss 0.227 acc 0.930 | val loss 1.374 acc 0.681 | 201s
epoch  43 | train loss 0.210 acc 0.933 | val loss 0.778 acc 0.762 | 205s
epoch  44 | train loss 0.197 acc 0.938 | val loss 0.794 acc 0.750 | 209s
epoch  45 | train loss 0.172 acc 0.951 | val loss 0.665 acc 0.781 | 214s
epoch  46 | train loss 0.162 acc 0.949 | val loss 0.614 acc 0.808 | 218s
epoch  47 | train loss 0.161 acc 0.953 | val loss 0.627 acc 0.827 | 223s
epoch  48 | train loss 0.155 acc 0.955 | val loss 0.722 acc 0.773 | 227s
epoch  49 | train loss 0.142 acc 0.955 | val loss 0.746 acc 0.773 | 232s
epoch  50 | train loss 0.131 acc 0.960 | val loss 0.564 acc 0.812 | 237s
epoch  51 | train loss 0.148 acc 0.955 | val loss 0.862 acc 0.754 | 241s
epoch  52 | train loss 0.158 acc 0.947 | val loss 0.890 acc 0.752 | 246s
epoch  53 | train loss 0.149 acc 0.957 | val loss 0.710 acc 0.800 | 250s
epoch  54 | train loss 0.131 acc 0.965 | val loss 0.695 acc 0.792 | 254s
epoch  55 | train loss 0.124 acc 0.957 | val loss 0.839 acc 0.792 | 258s
epoch  56 | train loss 0.111 acc 0.967 | val loss 0.791 acc 0.781 | 261s
epoch  57 | train loss 0.119 acc 0.964 | val loss 0.698 acc 0.781 | 264s
epoch  58 | train loss 0.128 acc 0.960 | val loss 0.859 acc 0.727 | 267s
epoch  59 | train loss 0.121 acc 0.966 | val loss 0.746 acc 0.790 | 270s
epoch  60 | train loss 0.097 acc 0.968 | val loss 0.755 acc 0.783 | 273s
epoch  61 | train loss 0.096 acc 0.974 | val loss 0.843 acc 0.758 | 276s
epoch  62 | train loss 0.085 acc 0.978 | val loss 0.725 acc 0.802 | 280s
epoch  63 | train loss 0.072 acc 0.982 | val loss 0.621 acc 0.821 | 283s
epoch  64 | train loss 0.094 acc 0.973 | val loss 0.981 acc 0.760 | 287s
epoch  65 | train loss 0.101 acc 0.971 | val loss 0.748 acc 0.800 | 290s
epoch  66 | train loss 0.116 acc 0.967 | val loss 0.859 acc 0.777 | 294s
epoch  67 | train loss 0.072 acc 0.978 | val loss 0.735 acc 0.819 | 298s
epoch  68 | train loss 0.074 acc 0.981 | val loss 0.685 acc 0.810 | 302s
epoch  69 | train loss 0.079 acc 0.978 | val loss 0.785 acc 0.785 | 307s
epoch  70 | train loss 0.070 acc 0.983 | val loss 0.769 acc 0.792 | 312s
epoch  71 | train loss 0.069 acc 0.980 | val loss 0.785 acc 0.812 | 316s
epoch  72 | train loss 0.077 acc 0.977 | val loss 0.752 acc 0.812 | 321s
epoch  73 | train loss 0.057 acc 0.985 | val loss 0.497 acc 0.856 | 325s
epoch  74 | train loss 0.054 acc 0.987 | val loss 0.550 acc 0.842 | 330s
epoch  75 | train loss 0.057 acc 0.985 | val loss 0.531 acc 0.837 | 334s
epoch  76 | train loss 0.059 acc 0.985 | val loss 0.561 acc 0.831 | 338s
epoch  77 | train loss 0.047 acc 0.985 | val loss 0.644 acc 0.829 | 342s
epoch  78 | train loss 0.053 acc 0.987 | val loss 0.577 acc 0.831 | 344s
epoch  79 | train loss 0.048 acc 0.988 | val loss 0.749 acc 0.817 | 348s
epoch  80 | train loss 0.046 acc 0.988 | val loss 0.659 acc 0.827 | 351s
epoch  81 | train loss 0.040 acc 0.988 | val loss 0.673 acc 0.823 | 355s
epoch  82 | train loss 0.035 acc 0.990 | val loss 0.518 acc 0.844 | 359s
epoch  83 | train loss 0.040 acc 0.991 | val loss 0.598 acc 0.842 | 362s
epoch  84 | train loss 0.038 acc 0.991 | val loss 0.924 acc 0.777 | 366s
epoch  85 | train loss 0.038 acc 0.993 | val loss 0.580 acc 0.833 | 369s
epoch  86 | train loss 0.044 acc 0.986 | val loss 0.598 acc 0.815 | 373s
epoch  87 | train loss 0.040 acc 0.994 | val loss 0.915 acc 0.783 | 376s
epoch  88 | train loss 0.029 acc 0.995 | val loss 0.574 acc 0.842 | 380s
epoch  89 | train loss 0.034 acc 0.993 | val loss 0.608 acc 0.817 | 383s
epoch  90 | train loss 0.029 acc 0.994 | val loss 0.500 acc 0.854 | 386s
epoch  91 | train loss 0.024 acc 0.996 | val loss 0.551 acc 0.829 | 390s
epoch  92 | train loss 0.024 acc 0.995 | val loss 0.653 acc 0.829 | 394s
epoch  93 | train loss 0.026 acc 0.993 | val loss 0.536 acc 0.846 | 398s
epoch  94 | train loss 0.026 acc 0.995 | val loss 0.581 acc 0.831 | 402s
epoch  95 | train loss 0.024 acc 0.997 | val loss 0.550 acc 0.840 | 406s
epoch  96 | train loss 0.023 acc 0.995 | val loss 0.499 acc 0.856 | 411s
epoch  97 | train loss 0.027 acc 0.994 | val loss 0.621 acc 0.837 | 415s
epoch  98 | train loss 0.026 acc 0.992 | val loss 0.575 acc 0.856 | 420s
epoch  99 | train loss 0.029 acc 0.993 | val loss 0.617 acc 0.829 | 425s
epoch 100 | train loss 0.024 acc 0.994 | val loss 0.515 acc 0.863 | 429s
epoch 101 | train loss 0.023 acc 0.996 | val loss 0.590 acc 0.833 | 433s
epoch 102 | train loss 0.022 acc 0.996 | val loss 0.528 acc 0.840 | 437s
epoch 103 | train loss 0.018 acc 0.997 | val loss 0.518 acc 0.858 | 440s
epoch 104 | train loss 0.020 acc 0.995 | val loss 0.564 acc 0.844 | 443s
epoch 105 | train loss 0.016 acc 0.996 | val loss 0.474 acc 0.856 | 447s
epoch 106 | train loss 0.017 acc 0.998 | val loss 0.493 acc 0.854 | 450s
epoch 107 | train loss 0.020 acc 0.996 | val loss 0.542 acc 0.833 | 454s
epoch 108 | train loss 0.022 acc 0.996 | val loss 0.587 acc 0.842 | 457s
epoch 109 | train loss 0.017 acc 0.998 | val loss 0.523 acc 0.852 | 459s
epoch 110 | train loss 0.016 acc 0.997 | val loss 0.550 acc 0.858 | 462s
epoch 111 | train loss 0.020 acc 0.994 | val loss 0.552 acc 0.848 | 465s
epoch 112 | train loss 0.016 acc 0.997 | val loss 0.476 acc 0.871 | 469s
epoch 113 | train loss 0.012 acc 0.998 | val loss 0.571 acc 0.852 | 472s
epoch 114 | train loss 0.015 acc 0.997 | val loss 0.531 acc 0.850 | 476s
epoch 115 | train loss 0.014 acc 0.997 | val loss 0.522 acc 0.863 | 479s
epoch 116 | train loss 0.013 acc 0.997 | val loss 0.557 acc 0.842 | 484s
epoch 117 | train loss 0.011 acc 0.999 | val loss 0.553 acc 0.863 | 488s
epoch 118 | train loss 0.008 acc 1.000 | val loss 0.510 acc 0.850 | 493s
epoch 119 | train loss 0.010 acc 0.998 | val loss 0.519 acc 0.860 | 497s
epoch 120 | train loss 0.016 acc 0.997 | val loss 0.472 acc 0.875 | 501s
epoch 121 | train loss 0.015 acc 0.998 | val loss 0.505 acc 0.867 | 506s
epoch 122 | train loss 0.011 acc 0.998 | val loss 0.528 acc 0.858 | 510s
epoch 123 | train loss 0.007 acc 0.999 | val loss 0.485 acc 0.865 | 515s
epoch 124 | train loss 0.009 acc 0.999 | val loss 0.505 acc 0.867 | 520s
epoch 125 | train loss 0.012 acc 0.998 | val loss 0.516 acc 0.865 | 523s
epoch 126 | train loss 0.009 acc 0.999 | val loss 0.520 acc 0.871 | 527s
epoch 127 | train loss 0.012 acc 0.999 | val loss 0.515 acc 0.846 | 530s
epoch 128 | train loss 0.010 acc 0.998 | val loss 0.515 acc 0.854 | 533s
epoch 129 | train loss 0.009 acc 0.998 | val loss 0.516 acc 0.860 | 535s
epoch 130 | train loss 0.011 acc 0.999 | val loss 0.486 acc 0.867 | 537s
epoch 131 | train loss 0.010 acc 0.998 | val loss 0.495 acc 0.858 | 540s
epoch 132 | train loss 0.012 acc 0.998 | val loss 0.512 acc 0.852 | 542s
epoch 133 | train loss 0.011 acc 0.998 | val loss 0.504 acc 0.867 | 544s
epoch 134 | train loss 0.009 acc 0.998 | val loss 0.516 acc 0.852 | 547s
epoch 135 | train loss 0.008 acc 0.998 | val loss 0.502 acc 0.856 | 549s
epoch 136 | train loss 0.008 acc 0.999 | val loss 0.509 acc 0.860 | 551s
epoch 137 | train loss 0.009 acc 0.999 | val loss 0.498 acc 0.865 | 554s
epoch 138 | train loss 0.006 acc 1.000 | val loss 0.499 acc 0.856 | 556s
epoch 139 | train loss 0.006 acc 0.999 | val loss 0.507 acc 0.858 | 559s
epoch 140 | train loss 0.008 acc 0.999 | val loss 0.502 acc 0.863 | 561s
epoch 141 | train loss 0.012 acc 0.998 | val loss 0.510 acc 0.863 | 564s
epoch 142 | train loss 0.005 acc 1.000 | val loss 0.505 acc 0.867 | 566s
epoch 143 | train loss 0.008 acc 1.000 | val loss 0.503 acc 0.860 | 569s
epoch 144 | train loss 0.007 acc 1.000 | val loss 0.502 acc 0.865 | 571s
epoch 145 | train loss 0.008 acc 0.999 | val loss 0.505 acc 0.856 | 574s
epoch 146 | train loss 0.010 acc 0.999 | val loss 0.499 acc 0.858 | 577s
epoch 147 | train loss 0.007 acc 1.000 | val loss 0.509 acc 0.863 | 580s
epoch 148 | train loss 0.007 acc 0.999 | val loss 0.503 acc 0.860 | 584s
epoch 149 | train loss 0.007 acc 0.999 | val loss 0.501 acc 0.860 | 587s
epoch 150 | train loss 0.009 acc 0.999 | val loss 0.500 acc 0.865 | 590s
final validation accuracy 0.8646
