a12_longer | fold 0 | seed 2 | cuda | 1,176,752 parameters
epoch   1 | train loss 2.281 acc 0.278 | val loss 3.546 acc 0.119 | 5s
epoch   2 | train loss 1.641 acc 0.507 | val loss 3.298 acc 0.225 | 11s
epoch   3 | train loss 1.352 acc 0.576 | val loss 4.535 acc 0.198 | 16s
epoch   4 | train loss 1.260 acc 0.592 | val loss 2.022 acc 0.410 | 22s
epoch   5 | train loss 1.075 acc 0.639 | val loss 1.733 acc 0.502 | 28s
epoch   6 | train loss 0.995 acc 0.667 | val loss 1.518 acc 0.492 | 33s
epoch   7 | train loss 0.916 acc 0.697 | val loss 1.085 acc 0.640 | 39s
epoch   8 | train loss 0.843 acc 0.726 | val loss 1.194 acc 0.590 | 44s
epoch   9 | train loss 0.743 acc 0.747 | val loss 1.332 acc 0.546 | 49s
epoch  10 | train loss 0.722 acc 0.756 | val loss 2.831 acc 0.419 | 55s
epoch  11 | train loss 0.738 acc 0.740 | val loss 1.155 acc 0.604 | 60s
epoch  12 | train loss 0.687 acc 0.764 | val loss 2.696 acc 0.346 | 65s
epoch  13 | train loss 0.637 acc 0.782 | val loss 1.073 acc 0.633 | 69s
epoch  14 | train loss 0.628 acc 0.781 | val loss 1.097 acc 0.654 | 73s
epoch  15 | train loss 0.566 acc 0.810 | val loss 0.946 acc 0.665 | 77s
epoch  16 | train loss 0.554 acc 0.814 | val loss 1.148 acc 0.617 | 81s
epoch  17 | train loss 0.537 acc 0.813 | val loss 1.202 acc 0.608 | 86s
epoch  18 | train loss 0.571 acc 0.803 | val loss 2.189 acc 0.485 | 90s
epoch  19 | train loss 0.492 acc 0.831 | val loss 1.040 acc 0.681 | 95s
epoch  20 | train loss 0.468 acc 0.849 | val loss 1.039 acc 0.654 | 99s
epoch  21 | train loss 0.406 acc 0.865 | val loss 0.831 acc 0.725 | 104s
epoch  22 | train loss 0.415 acc 0.856 | val loss 1.098 acc 0.677 | 108s
epoch  23 | train loss 0.393 acc 0.865 | val loss 0.805 acc 0.742 | 113s
epoch  24 | train loss 0.379 acc 0.873 | val loss 1.277 acc 0.635 | 118s
epoch  25 | train loss 0.389 acc 0.864 | val loss 0.972 acc 0.696 | 124s
epoch  26 | train loss 0.382 acc 0.865 | val loss 1.471 acc 0.608 | 129s
epoch  27 | train loss 0.357 acc 0.881 | val loss 0.630 acc 0.775 | 134s
epoch  28 | train loss 0.334 acc 0.885 | val loss 1.017 acc 0.712 | 140s
epoch  29 | train loss 0.338 acc 0.877 | val loss 1.057 acc 0.704 | 145s
epoch  30 | train loss 0.306 acc 0.894 | val loss 1.791 acc 0.504 | 150s
epoch  31 | train loss 0.305 acc 0.895 | val loss 1.891 acc 0.535 | 156s
epoch  32 | train loss 0.277 acc 0.906 | val loss 1.079 acc 0.715 | 161s
epoch  33 | train loss 0.274 acc 0.907 | val loss 0.863 acc 0.733 | 166s
epoch  34 | train loss 0.273 acc 0.908 | val loss 0.903 acc 0.733 | 171s
epoch  35 | train loss 0.226 acc 0.932 | val loss 0.706 acc 0.785 | 176s
epoch  36 | train loss 0.226 acc 0.924 | val loss 0.972 acc 0.721 | 182s
epoch  37 | train loss 0.252 acc 0.918 | val loss 0.826 acc 0.746 | 187s
epoch  38 | train loss 0.277 acc 0.904 | val loss 1.881 acc 0.535 | 192s
epoch  39 | train loss 0.235 acc 0.920 | val loss 0.800 acc 0.733 | 198s
epoch  40 | train loss 0.201 acc 0.935 | val loss 0.799 acc 0.773 | 203s
epoch  41 | train loss 0.190 acc 0.940 | val loss 0.715 acc 0.781 | 209s
epoch  42 | train loss 0.186 acc 0.938 | val loss 0.890 acc 0.744 | 214s
epoch  43 | train loss 0.183 acc 0.943 | val loss 1.012 acc 0.735 | 219s
epoch  44 | train loss 0.158 acc 0.955 | val loss 0.970 acc 0.756 | 225s
epoch  45 | train loss 0.168 acc 0.952 | val loss 1.893 acc 0.567 | 230s
epoch  46 | train loss 0.153 acc 0.954 | val loss 1.315 acc 0.631 | 236s
epoch  47 | train loss 0.162 acc 0.947 | val loss 1.166 acc 0.702 | 241s
epoch  48 | train loss 0.205 acc 0.931 | val loss 0.994 acc 0.733 | 247s
epoch  49 | train loss 0.143 acc 0.963 | val loss 0.780 acc 0.767 | 252s
epoch  50 | train loss 0.122 acc 0.962 | val loss 0.923 acc 0.740 | 258s
epoch  51 | train loss 0.118 acc 0.969 | val loss 0.594 acc 0.808 | 263s
epoch  52 | train loss 0.113 acc 0.969 | val loss 0.670 acc 0.800 | 268s
epoch  53 | train loss 0.117 acc 0.967 | val loss 0.778 acc 0.781 | 273s
epoch  54 | train loss 0.114 acc 0.966 | val loss 0.909 acc 0.762 | 277s
epoch  55 | train loss 0.113 acc 0.966 | val loss 0.893 acc 0.742 | 280s
epoch  56 | train loss 0.097 acc 0.973 | val loss 1.126 acc 0.752 | 283s
epoch  57 | train loss 0.129 acc 0.959 | val loss 0.873 acc 0.740 | 286s
epoch  58 | train loss 0.128 acc 0.963 | val loss 0.869 acc 0.746 | 289s
epoch  59 | train loss 0.112 acc 0.966 | val loss 0.724 acc 0.781 | 292s
epoch  60 | train loss 0.090 acc 0.974 | val loss 0.753 acc 0.800 | 295s
epoch  61 | train loss 0.083 acc 0.981 | val loss 0.727 acc 0.788 | 298s
epoch  62 | train loss 0.080 acc 0.978 | val loss 0.646 acc 0.810 | 302s
epoch  63 | train loss 0.069 acc 0.980 | val loss 0.577 acc 0.835 | 305s
epoch  64 | train loss 0.067 acc 0.982 | val loss 0.675 acc 0.804 | 309s
epoch  65 | train loss 0.069 acc 0.983 | val loss 0.738 acc 0.804 | 313s
epoch  66 | train loss 0.080 acc 0.979 | val loss 1.099 acc 0.721 | 316s
epoch  67 | train loss 0.066 acc 0.981 | val loss 0.700 acc 0.810 | 320s
epoch  68 | train loss 0.080 acc 0.978 | val loss 0.652 acc 0.812 | 325s
epoch  69 | train loss 0.077 acc 0.977 | val loss 0.684 acc 0.821 | 330s
epoch  70 | train loss 0.067 acc 0.981 | val loss 0.697 acc 0.792 | 334s
epoch  71 | train loss 0.065 acc 0.981 | val loss 0.713 acc 0.796 | 339s
epoch  72 | train loss 0.056 acc 0.986 | val loss 0.701 acc 0.810 | 343s
epoch  73 | train loss 0.060 acc 0.983 | val loss 0.784 acc 0.792 | 348s
epoch  74 | train loss 0.058 acc 0.983 | val loss 0.846 acc 0.771 | 352s
epoch  75 | train loss 0.056 acc 0.986 | val loss 0.579 acc 0.840 | 356s
epoch  76 | train loss 0.050 acc 0.988 | val loss 0.608 acc 0.823 | 360s
epoch  77 | train loss 0.056 acc 0.982 | val loss 0.777 acc 0.810 | 363s
epoch  78 | train loss 0.043 acc 0.990 | val loss 0.579 acc 0.827 | 366s
epoch  79 | train loss 0.046 acc 0.988 | val loss 0.644 acc 0.823 | 370s
epoch  80 | train loss 0.046 acc 0.989 | val loss 0.665 acc 0.808 | 373s
epoch  81 | train loss 0.040 acc 0.990 | val loss 0.628 acc 0.825 | 377s
epoch  82 | train loss 0.046 acc 0.990 | val loss 0.657 acc 0.833 | 381s
epoch  83 | train loss 0.043 acc 0.988 | val loss 0.723 acc 0.829 | 384s
epoch  84 | train loss 0.044 acc 0.989 | val loss 0.616 acc 0.833 | 388s
epoch  85 | train loss 0.036 acc 0.994 | val loss 0.650 acc 0.815 | 391s
epoch  86 | train loss 0.032 acc 0.995 | val loss 0.718 acc 0.815 | 394s
epoch  87 | train loss 0.031 acc 0.991 | val loss 0.680 acc 0.815 | 397s
epoch  88 | train loss 0.036 acc 0.989 | val loss 0.605 acc 0.827 | 400s
epoch  89 | train loss 0.030 acc 0.994 | val loss 0.644 acc 0.848 | 403s
epoch  90 | train loss 0.029 acc 0.991 | val loss 0.594 acc 0.856 | 406s
epoch  91 | train loss 0.025 acc 0.996 | val loss 0.620 acc 0.833 | 410s
epoch  92 | train loss 0.025 acc 0.997 | val loss 0.564 acc 0.860 | 414s
epoch  93 | train loss 0.022 acc 0.996 | val loss 0.606 acc 0.837 | 419s
epoch  94 | train loss 0.025 acc 0.994 | val loss 0.626 acc 0.840 | 423s
epoch  95 | train loss 0.029 acc 0.994 | val loss 0.665 acc 0.825 | 427s
epoch  96 | train loss 0.022 acc 0.996 | val loss 0.628 acc 0.844 | 431s
epoch  97 | train loss 0.020 acc 0.994 | val loss 0.683 acc 0.825 | 434s
epoch  98 | train loss 0.018 acc 0.996 | val loss 0.595 acc 0.846 | 438s
epoch  99 | train loss 0.024 acc 0.993 | val loss 0.602 acc 0.842 | 443s
epoch 100 | train loss 0.024 acc 0.994 | val loss 0.714 acc 0.812 | 447s
epoch 101 | train loss 0.021 acc 0.995 | val loss 0.565 acc 0.848 | 452s
epoch 102 | train loss 0.024 acc 0.995 | val loss 0.604 acc 0.844 | 455s
epoch 103 | train loss 0.016 acc 0.997 | val loss 0.607 acc 0.846 | 459s
epoch 104 | train loss 0.018 acc 0.998 | val loss 0.563 acc 0.848 | 463s
epoch 105 | train loss 0.013 acc 0.999 | val loss 0.579 acc 0.850 | 466s
epoch 106 | train loss 0.015 acc 0.996 | val loss 0.593 acc 0.860 | 470s
epoch 107 | train loss 0.024 acc 0.993 | val loss 0.634 acc 0.833 | 474s
epoch 108 | train loss 0.018 acc 0.997 | val loss 0.552 acc 0.858 | 477s
epoch 109 | train loss 0.016 acc 0.997 | val loss 0.590 acc 0.842 | 480s
epoch 110 | train loss 0.016 acc 0.998 | val loss 0.573 acc 0.846 | 482s
epoch 111 | train loss 0.016 acc 0.997 | val loss 0.579 acc 0.850 | 485s
epoch 112 | train loss 0.016 acc 0.998 | val loss 0.590 acc 0.848 | 489s
epoch 113 | train loss 0.015 acc 0.997 | val loss 0.628 acc 0.842 | 492s
epoch 114 | train loss 0.010 acc 1.000 | val loss 0.554 acc 0.848 | 495s
epoch 115 | train loss 0.010 acc 0.998 | val loss 0.555 acc 0.850 | 499s
epoch 116 | train loss 0.014 acc 0.997 | val loss 0.599 acc 0.837 | 503s
epoch 117 | train loss 0.011 acc 0.998 | val loss 0.563 acc 0.850 | 508s
epoch 118 | train loss 0.012 acc 0.998 | val loss 0.572 acc 0.854 | 512s
epoch 119 | train loss 0.010 acc 0.998 | val loss 0.590 acc 0.840 | 517s
epoch 120 | train loss 0.008 acc 1.000 | val loss 0.578 acc 0.835 | 521s
epoch 121 | train loss 0.010 acc 0.998 | val loss 0.577 acc 0.840 | 525s
epoch 122 | train loss 0.008 acc 0.999 | val loss 0.570 acc 0.844 | 529s
epoch 123 | train loss 0.013 acc 0.997 | val loss 0.572 acc 0.848 | 533s
epoch 124 | train loss 0.015 acc 0.995 | val loss 0.574 acc 0.848 | 537s
epoch 125 | train loss 0.013 acc 0.998 | val loss 0.582 acc 0.842 | 542s
epoch 126 | train loss 0.010 acc 0.999 | val loss 0.583 acc 0.842 | 545s
epoch 127 | train loss 0.010 acc 0.999 | val loss 0.579 acc 0.848 | 549s
epoch 128 | train loss 0.008 acc 1.000 | val loss 0.570 acc 0.846 | 552s
epoch 129 | train loss 0.010 acc 0.998 | val loss 0.574 acc 0.848 | 556s
epoch 130 | train loss 0.007 acc 0.999 | val loss 0.569 acc 0.850 | 559s
epoch 131 | train loss 0.007 acc 0.999 | val loss 0.569 acc 0.848 | 563s
epoch 132 | train loss 0.010 acc 0.998 | val loss 0.582 acc 0.837 | 566s
epoch 133 | train loss 0.010 acc 0.998 | val loss 0.585 acc 0.844 | 570s
epoch 134 | train loss 0.008 acc 1.000 | val loss 0.587 acc 0.840 | 573s
epoch 135 | train loss 0.011 acc 0.997 | val loss 0.592 acc 0.848 | 576s
epoch 136 | train loss 0.010 acc 0.998 | val loss 0.573 acc 0.842 | 579s
epoch 137 | train loss 0.006 acc 0.999 | val loss 0.573 acc 0.846 | 582s
epoch 138 | train loss 0.006 acc 1.000 | val loss 0.574 acc 0.848 | 585s
epoch 139 | train loss 0.007 acc 0.999 | val loss 0.570 acc 0.850 | 588s
epoch 140 | train loss 0.006 acc 1.000 | val loss 0.566 acc 0.854 | 592s
epoch 141 | train loss 0.007 acc 0.999 | val loss 0.561 acc 0.848 | 596s
epoch 142 | train loss 0.006 acc 1.000 | val loss 0.574 acc 0.848 | 601s
epoch 143 | train loss 0.006 acc 1.000 | val loss 0.567 acc 0.844 | 606s
epoch 144 | train loss 0.005 acc 1.000 | val loss 0.558 acc 0.844 | 610s
epoch 145 | train loss 0.005 acc 1.000 | val loss 0.561 acc 0.846 | 614s
epoch 146 | train loss 0.008 acc 0.999 | val loss 0.565 acc 0.852 | 619s
epoch 147 | train loss 0.008 acc 0.999 | val loss 0.564 acc 0.850 | 623s
epoch 148 | train loss 0.009 acc 0.998 | val loss 0.563 acc 0.846 | 627s
epoch 149 | train loss 0.009 acc 0.999 | val loss 0.563 acc 0.846 | 632s
epoch 150 | train loss 0.007 acc 0.999 | val loss 0.568 acc 0.846 | 636s
final validation accuracy 0.8458
