a12_longer | fold 3 | seed 2 | cuda | 1,176,752 parameters
epoch   1 | train loss 2.275 acc 0.312 | val loss 4.082 acc 0.106 | 6s
epoch   2 | train loss 1.629 acc 0.521 | val loss 2.258 acc 0.317 | 12s
epoch   3 | train loss 1.374 acc 0.567 | val loss 1.565 acc 0.477 | 17s
epoch   4 | train loss 1.185 acc 0.620 | val loss 3.488 acc 0.285 | 23s
epoch   5 | train loss 1.095 acc 0.647 | val loss 1.767 acc 0.454 | 29s
epoch   6 | train loss 0.955 acc 0.676 | val loss 1.731 acc 0.498 | 34s
epoch   7 | train loss 0.944 acc 0.688 | val loss 1.139 acc 0.604 | 40s
epoch   8 | train loss 0.856 acc 0.708 | val loss 1.536 acc 0.508 | 45s
epoch   9 | train loss 0.794 acc 0.718 | val loss 1.587 acc 0.523 | 51s
epoch  10 | train loss 0.724 acc 0.761 | val loss 1.983 acc 0.435 | 57s
epoch  11 | train loss 0.738 acc 0.755 | val loss 1.164 acc 0.615 | 62s
epoch  12 | train loss 0.676 acc 0.781 | val loss 1.233 acc 0.604 | 68s
epoch  13 | train loss 0.628 acc 0.794 | val loss 1.266 acc 0.587 | 73s
epoch  14 | train loss 0.615 acc 0.783 | val loss 1.466 acc 0.571 | 79s
epoch  15 | train loss 0.567 acc 0.803 | val loss 1.079 acc 0.663 | 84s
epoch  16 | train loss 0.588 acc 0.807 | val loss 1.813 acc 0.500 | 90s
epoch  17 | train loss 0.556 acc 0.802 | val loss 1.057 acc 0.650 | 95s
epoch  18 | train loss 0.498 acc 0.841 | val loss 0.892 acc 0.717 | 101s
epoch  19 | train loss 0.515 acc 0.826 | val loss 0.983 acc 0.702 | 106s
epoch  20 | train loss 0.490 acc 0.844 | val loss 1.226 acc 0.596 | 112s
epoch  21 | train loss 0.485 acc 0.832 | val loss 1.208 acc 0.648 | 118s
epoch  22 | train loss 0.437 acc 0.854 | val loss 0.947 acc 0.712 | 123s
epoch  23 | train loss 0.374 acc 0.876 | val loss 1.538 acc 0.602 | 129s
epoch  24 | train loss 0.386 acc 0.872 | val loss 1.299 acc 0.625 | 134s
epoch  25 | train loss 0.437 acc 0.846 | val loss 0.752 acc 0.731 | 140s
epoch  26 | train loss 0.392 acc 0.869 | val loss 1.335 acc 0.660 | 145s
epoch  27 | train loss 0.363 acc 0.877 | val loss 0.915 acc 0.723 | 150s
epoch  28 | train loss 0.348 acc 0.887 | val loss 1.034 acc 0.677 | 154s
epoch  29 | train loss 0.328 acc 0.888 | val loss 0.830 acc 0.746 | 159s
epoch  30 | train loss 0.328 acc 0.891 | val loss 0.763 acc 0.762 | 163s
epoch  31 | train loss 0.315 acc 0.894 | val loss 0.840 acc 0.712 | 167s
epoch  32 | train loss 0.270 acc 0.908 | val loss 0.798 acc 0.735 | 171s
epoch  33 | train loss 0.274 acc 0.917 | val loss 0.968 acc 0.742 | 176s
epoch  34 | train loss 0.298 acc 0.896 | val loss 1.137 acc 0.683 | 180s
epoch  35 | train loss 0.271 acc 0.912 | val loss 1.424 acc 0.671 | 184s
epoch  36 | train loss 0.266 acc 0.910 | val loss 0.666 acc 0.788 | 188s
epoch  37 | train loss 0.253 acc 0.915 | val loss 0.801 acc 0.754 | 193s
epoch  38 | train loss 0.279 acc 0.905 | val loss 1.021 acc 0.712 | 198s
epoch  39 | train loss 0.256 acc 0.920 | val loss 0.734 acc 0.746 | 203s
epoch  40 | train loss 0.216 acc 0.932 | val loss 0.731 acc 0.777 | 207s
epoch  41 | train loss 0.214 acc 0.935 | val loss 0.882 acc 0.750 | 212s
epoch  42 | train loss 0.194 acc 0.943 | val loss 0.814 acc 0.771 | 217s
epoch  43 | train loss 0.178 acc 0.942 | val loss 0.887 acc 0.748 | 222s
epoch  44 | train loss 0.197 acc 0.940 | val loss 0.733 acc 0.775 | 227s
epoch  45 | train loss 0.164 acc 0.951 | val loss 0.844 acc 0.765 | 232s
epoch  46 | train loss 0.147 acc 0.956 | val loss 0.707 acc 0.794 | 237s
epoch  47 | train loss 0.155 acc 0.951 | val loss 1.586 acc 0.654 | 243s
epoch  48 | train loss 0.176 acc 0.948 | val loss 0.944 acc 0.748 | 247s
epoch  49 | train loss 0.159 acc 0.953 | val loss 1.116 acc 0.717 | 252s
epoch  50 | train loss 0.147 acc 0.953 | val loss 0.956 acc 0.733 | 256s
epoch  51 | train loss 0.148 acc 0.953 | val loss 0.729 acc 0.769 | 261s
epoch  52 | train loss 0.124 acc 0.960 | val loss 0.660 acc 0.790 | 265s
epoch  53 | train loss 0.152 acc 0.953 | val loss 0.768 acc 0.773 | 269s
epoch  54 | train loss 0.119 acc 0.965 | val loss 0.636 acc 0.777 | 274s
epoch  55 | train loss 0.119 acc 0.963 | val loss 1.406 acc 0.654 | 278s
epoch  56 | train loss 0.127 acc 0.959 | val loss 0.950 acc 0.756 | 282s
epoch  57 | train loss 0.113 acc 0.966 | val loss 0.687 acc 0.794 | 286s
epoch  58 | train loss 0.111 acc 0.970 | val loss 0.814 acc 0.760 | 290s
epoch  59 | train loss 0.125 acc 0.961 | val loss 1.501 acc 0.627 | 295s
epoch  60 | train loss 0.107 acc 0.968 | val loss 0.951 acc 0.748 | 299s
epoch  61 | train loss 0.107 acc 0.968 | val loss 0.800 acc 0.788 | 304s
epoch  62 | train loss 0.093 acc 0.974 | val loss 0.866 acc 0.740 | 309s
epoch  63 | train loss 0.065 acc 0.982 | val loss 0.606 acc 0.817 | 314s
epoch  64 | train loss 0.084 acc 0.977 | val loss 0.840 acc 0.750 | 319s
epoch  65 | train loss 0.103 acc 0.970 | val loss 0.758 acc 0.781 | 324s
epoch  66 | train loss 0.097 acc 0.973 | val loss 1.248 acc 0.692 | 329s
epoch  67 | train loss 0.101 acc 0.967 | val loss 0.797 acc 0.779 | 334s
epoch  68 | train loss 0.087 acc 0.974 | val loss 0.575 acc 0.815 | 339s
epoch  69 | train loss 0.084 acc 0.980 | val loss 0.695 acc 0.800 | 344s
epoch  70 | train loss 0.071 acc 0.984 | val loss 0.681 acc 0.794 | 348s
epoch  71 | train loss 0.059 acc 0.987 | val loss 0.767 acc 0.790 | 352s
epoch  72 | train loss 0.060 acc 0.984 | val loss 0.647 acc 0.819 | 357s
epoch  73 | train loss 0.048 acc 0.988 | val loss 0.627 acc 0.821 | 361s
epoch  74 | train loss 0.048 acc 0.989 | val loss 0.681 acc 0.808 | 366s
epoch  75 | train loss 0.046 acc 0.988 | val loss 0.612 acc 0.833 | 370s
epoch  76 | train loss 0.051 acc 0.986 | val loss 0.739 acc 0.798 | 374s
epoch  77 | train loss 0.054 acc 0.983 | val loss 0.694 acc 0.792 | 379s
epoch  78 | train loss 0.050 acc 0.986 | val loss 0.645 acc 0.798 | 383s
epoch  79 | train loss 0.043 acc 0.991 | val loss 0.634 acc 0.837 | 388s
epoch  80 | train loss 0.050 acc 0.986 | val loss 0.713 acc 0.794 | 393s
epoch  81 | train loss 0.057 acc 0.986 | val loss 0.762 acc 0.798 | 398s
epoch  82 | train loss 0.050 acc 0.988 | val loss 0.733 acc 0.808 | 403s
epoch  83 | train loss 0.039 acc 0.992 | val loss 0.610 acc 0.817 | 407s
epoch  84 | train loss 0.038 acc 0.990 | val loss 0.650 acc 0.804 | 412s
epoch  85 | train loss 0.040 acc 0.989 | val loss 0.653 acc 0.806 | 417s
epoch  86 | train loss 0.033 acc 0.994 | val loss 0.497 acc 0.848 | 422s
epoch  87 | train loss 0.039 acc 0.990 | val loss 0.531 acc 0.837 | 427s
epoch  88 | train loss 0.026 acc 0.995 | val loss 0.631 acc 0.823 | 432s
epoch  89 | train loss 0.019 acc 0.997 | val loss 0.483 acc 0.856 | 436s
epoch  90 | train loss 0.025 acc 0.994 | val loss 0.584 acc 0.829 | 440s
epoch  91 | train loss 0.022 acc 0.997 | val loss 0.491 acc 0.850 | 445s
epoch  92 | train loss 0.052 acc 0.986 | val loss 0.564 acc 0.842 | 449s
epoch  93 | train loss 0.031 acc 0.993 | val loss 0.549 acc 0.825 | 454s
epoch  94 | train loss 0.025 acc 0.994 | val loss 0.577 acc 0.842 | 458s
epoch  95 | train loss 0.024 acc 0.995 | val loss 0.569 acc 0.848 | 463s
epoch  96 | train loss 0.032 acc 0.992 | val loss 0.814 acc 0.783 | 467s
epoch  97 | train loss 0.026 acc 0.994 | val loss 0.598 acc 0.829 | 471s
epoch  98 | train loss 0.021 acc 0.997 | val loss 0.504 acc 0.831 | 476s
epoch  99 | train loss 0.019 acc 0.997 | val loss 0.620 acc 0.829 | 481s
epoch 100 | train loss 0.017 acc 0.997 | val loss 0.551 acc 0.825 | 486s
epoch 101 | train loss 0.022 acc 0.996 | val loss 0.595 acc 0.827 | 491s
epoch 102 | train loss 0.024 acc 0.995 | val loss 0.527 acc 0.833 | 496s
epoch 103 | train loss 0.016 acc 0.998 | val loss 0.513 acc 0.833 | 501s
epoch 104 | train loss 0.018 acc 0.996 | val loss 0.521 acc 0.819 | 506s
epoch 105 | train loss 0.014 acc 0.998 | val loss 0.479 acc 0.848 | 511s
epoch 106 | train loss 0.025 acc 0.994 | val loss 0.603 acc 0.827 | 516s
epoch 107 | train loss 0.020 acc 0.994 | val loss 0.535 acc 0.837 | 521s
epoch 108 | train loss 0.017 acc 0.997 | val loss 0.559 acc 0.842 | 526s
epoch 109 | train loss 0.013 acc 1.000 | val loss 0.518 acc 0.833 | 531s
epoch 110 | train loss 0.013 acc 0.998 | val loss 0.523 acc 0.844 | 536s
epoch 111 | train loss 0.019 acc 0.995 | val loss 0.545 acc 0.821 | 541s
epoch 112 | train loss 0.013 acc 0.997 | val loss 0.514 acc 0.833 | 546s
epoch 113 | train loss 0.013 acc 0.997 | val loss 0.511 acc 0.842 | 551s
epoch 114 | train loss 0.012 acc 0.999 | val loss 0.536 acc 0.829 | 556s
epoch 115 | train loss 0.011 acc 0.998 | val loss 0.507 acc 0.840 | 561s
epoch 116 | train loss 0.010 acc 0.999 | val loss 0.542 acc 0.827 | 566s
epoch 117 | train loss 0.013 acc 0.999 | val loss 0.506 acc 0.856 | 571s
epoch 118 | train loss 0.016 acc 0.998 | val loss 0.521 acc 0.827 | 576s
epoch 119 | train loss 0.013 acc 0.997 | val loss 0.562 acc 0.833 | 581s
epoch 120 | train loss 0.012 acc 0.999 | val loss 0.522 acc 0.840 | 586s
epoch 121 | train loss 0.012 acc 0.998 | val loss 0.518 acc 0.846 | 591s
epoch 122 | train loss 0.011 acc 0.997 | val loss 0.535 acc 0.842 | 596s
epoch 123 | train loss 0.013 acc 0.998 | val loss 0.575 acc 0.829 | 601s
epoch 124 | train loss 0.009 acc 0.999 | val loss 0.548 acc 0.837 | 606s
epoch 125 | train loss 0.010 acc 0.998 | val loss 0.495 acc 0.850 | 611s
epoch 126 | train loss 0.008 acc 0.999 | val loss 0.504 acc 0.844 | 616s
epoch 127 | train loss 0.008 acc 1.000 | val loss 0.507 acc 0.848 | 621s
epoch 128 | train loss 0.011 acc 0.998 | val loss 0.534 acc 0.844 | 623s
epoch 129 | train loss 0.007 acc 0.999 | val loss 0.510 acc 0.848 | 625s
epoch 130 | train loss 0.006 acc 1.000 | val loss 0.501 acc 0.850 | 627s
epoch 131 | train loss 0.009 acc 0.998 | val loss 0.513 acc 0.850 | 629s
epoch 132 | train loss 0.010 acc 0.997 | val loss 0.507 acc 0.844 | 631s
epoch 133 | train loss 0.008 acc 0.998 | val loss 0.507 acc 0.846 | 633s
epoch 134 | train loss 0.009 acc 0.999 | val loss 0.496 acc 0.848 | 635s
epoch 135 | train loss 0.008 acc 0.999 | val loss 0.500 acc 0.840 | 637s
epoch 136 | train loss 0.007 acc 0.999 | val loss 0.508 acc 0.844 | 639s
epoch 137 | train loss 0.007 acc 0.999 | val loss 0.508 acc 0.848 | 641s
epoch 138 | train loss 0.007 acc 0.999 | val loss 0.509 acc 0.846 | 642s
epoch 139 | train loss 0.007 acc 0.999 | val loss 0.507 acc 0.846 | 644s
epoch 140 | train loss 0.010 acc 0.998 | val loss 0.497 acc 0.844 | 646s
epoch 141 | train loss 0.007 acc 1.000 | val loss 0.508 acc 0.840 | 648s
epoch 142 | train loss 0.006 acc 1.000 | val loss 0.511 acc 0.844 | 650s
epoch 143 | train loss 0.012 acc 0.999 | val loss 0.505 acc 0.844 | 652s
epoch 144 | train loss 0.007 acc 0.999 | val loss 0.504 acc 0.844 | 654s
epoch 145 | train loss 0.006 acc 0.999 | val loss 0.509 acc 0.844 | 656s
epoch 146 | train loss 0.007 acc 1.000 | val loss 0.506 acc 0.842 | 658s
epoch 147 | train loss 0.009 acc 0.999 | val loss 0.511 acc 0.848 | 660s
epoch 148 | train loss 0.011 acc 0.997 | val loss 0.515 acc 0.848 | 661s
epoch 149 | train loss 0.007 acc 0.999 | val loss 0.505 acc 0.840 | 663s
epoch 150 | train loss 0.007 acc 0.999 | val loss 0.518 acc 0.842 | 665s
final validation accuracy 0.8417
