a12_longer | fold 2 | seed 1 | cuda | 1,176,752 parameters
epoch   1 | train loss 2.392 acc 0.246 | val loss 4.433 acc 0.062 | 6s
epoch   2 | train loss 1.785 acc 0.454 | val loss 2.817 acc 0.258 | 12s
epoch   3 | train loss 1.484 acc 0.517 | val loss 3.225 acc 0.242 | 17s
epoch   4 | train loss 1.323 acc 0.552 | val loss 2.107 acc 0.385 | 22s
epoch   5 | train loss 1.113 acc 0.630 | val loss 1.575 acc 0.458 | 28s
epoch   6 | train loss 1.035 acc 0.655 | val loss 1.496 acc 0.506 | 33s
epoch   7 | train loss 1.002 acc 0.659 | val loss 1.787 acc 0.450 | 38s
epoch   8 | train loss 0.986 acc 0.664 | val loss 1.869 acc 0.450 | 43s
epoch   9 | train loss 0.867 acc 0.714 | val loss 1.207 acc 0.615 | 49s
epoch  10 | train loss 0.756 acc 0.740 | val loss 0.968 acc 0.656 | 54s
epoch  11 | train loss 0.758 acc 0.739 | val loss 0.935 acc 0.685 | 59s
epoch  12 | train loss 0.693 acc 0.760 | val loss 1.452 acc 0.558 | 64s
epoch  13 | train loss 0.635 acc 0.777 | val loss 1.104 acc 0.646 | 68s
epoch  14 | train loss 0.653 acc 0.765 | val loss 0.887 acc 0.694 | 73s
epoch  15 | train loss 0.656 acc 0.778 | val loss 1.370 acc 0.565 | 77s
epoch  16 | train loss 0.627 acc 0.778 | val loss 0.915 acc 0.683 | 82s
epoch  17 | train loss 0.575 acc 0.798 | val loss 0.941 acc 0.692 | 86s
epoch  18 | train loss 0.562 acc 0.812 | val loss 1.075 acc 0.654 | 91s
epoch  19 | train loss 0.499 acc 0.840 | val loss 0.935 acc 0.685 | 95s
epoch  20 | train loss 0.482 acc 0.832 | val loss 1.869 acc 0.510 | 100s
epoch  21 | train loss 0.513 acc 0.821 | val loss 1.023 acc 0.694 | 104s
epoch  22 | train loss 0.473 acc 0.839 | val loss 0.716 acc 0.758 | 108s
epoch  23 | train loss 0.430 acc 0.858 | val loss 1.144 acc 0.637 | 113s
epoch  24 | train loss 0.406 acc 0.861 | val loss 0.628 acc 0.804 | 118s
epoch  25 | train loss 0.380 acc 0.872 | val loss 1.127 acc 0.652 | 123s
epoch  26 | train loss 0.401 acc 0.863 | val loss 0.756 acc 0.733 | 129s
epoch  27 | train loss 0.366 acc 0.877 | val loss 0.731 acc 0.756 | 134s
epoch  28 | train loss 0.348 acc 0.874 | val loss 0.905 acc 0.694 | 139s
epoch  29 | train loss 0.343 acc 0.891 | val loss 0.796 acc 0.735 | 145s
epoch  30 | train loss 0.312 acc 0.890 | val loss 1.445 acc 0.592 | 150s
epoch  31 | train loss 0.295 acc 0.904 | val loss 0.673 acc 0.785 | 156s
epoch  32 | train loss 0.289 acc 0.905 | val loss 0.859 acc 0.744 | 161s
epoch  33 | train loss 0.276 acc 0.911 | val loss 1.101 acc 0.663 | 167s
epoch  34 | train loss 0.288 acc 0.904 | val loss 0.902 acc 0.694 | 173s
epoch  35 | train loss 0.253 acc 0.912 | val loss 0.753 acc 0.760 | 178s
epoch  36 | train loss 0.260 acc 0.914 | val loss 0.856 acc 0.735 | 184s
epoch  37 | train loss 0.242 acc 0.923 | val loss 1.266 acc 0.640 | 190s
epoch  38 | train loss 0.287 acc 0.908 | val loss 2.322 acc 0.508 | 195s
epoch  39 | train loss 0.256 acc 0.911 | val loss 0.879 acc 0.750 | 200s
epoch  40 | train loss 0.227 acc 0.927 | val loss 0.710 acc 0.802 | 206s
epoch  41 | train loss 0.181 acc 0.944 | val loss 0.631 acc 0.794 | 211s
epoch  42 | train loss 0.183 acc 0.947 | val loss 0.868 acc 0.738 | 216s
epoch  43 | train loss 0.168 acc 0.951 | val loss 0.704 acc 0.765 | 221s
epoch  44 | train loss 0.162 acc 0.949 | val loss 0.732 acc 0.773 | 227s
epoch  45 | train loss 0.164 acc 0.948 | val loss 0.693 acc 0.775 | 232s
epoch  46 | train loss 0.160 acc 0.948 | val loss 0.781 acc 0.750 | 237s
epoch  47 | train loss 0.150 acc 0.953 | val loss 0.629 acc 0.798 | 242s
epoch  48 | train loss 0.164 acc 0.948 | val loss 0.874 acc 0.758 | 248s
epoch  49 | train loss 0.158 acc 0.948 | val loss 0.739 acc 0.767 | 253s
epoch  50 | train loss 0.137 acc 0.957 | val loss 0.718 acc 0.777 | 258s
epoch  51 | train loss 0.155 acc 0.954 | val loss 0.916 acc 0.717 | 262s
epoch  52 | train loss 0.148 acc 0.952 | val loss 1.055 acc 0.735 | 267s
epoch  53 | train loss 0.138 acc 0.958 | val loss 0.747 acc 0.758 | 271s
epoch  54 | train loss 0.139 acc 0.954 | val loss 0.770 acc 0.760 | 276s
epoch  55 | train loss 0.142 acc 0.955 | val loss 0.656 acc 0.802 | 280s
epoch  56 | train loss 0.124 acc 0.963 | val loss 0.816 acc 0.769 | 285s
epoch  57 | train loss 0.141 acc 0.955 | val loss 0.979 acc 0.735 | 289s
epoch  58 | train loss 0.095 acc 0.974 | val loss 0.608 acc 0.806 | 293s
epoch  59 | train loss 0.102 acc 0.974 | val loss 0.616 acc 0.808 | 298s
epoch  60 | train loss 0.084 acc 0.977 | val loss 0.558 acc 0.827 | 302s
epoch  61 | train loss 0.079 acc 0.982 | val loss 0.716 acc 0.804 | 307s
epoch  62 | train loss 0.085 acc 0.977 | val loss 0.537 acc 0.837 | 312s
epoch  63 | train loss 0.089 acc 0.972 | val loss 0.692 acc 0.829 | 317s
epoch  64 | train loss 0.087 acc 0.981 | val loss 0.733 acc 0.785 | 322s
epoch  65 | train loss 0.088 acc 0.975 | val loss 0.637 acc 0.827 | 327s
epoch  66 | train loss 0.063 acc 0.985 | val loss 0.552 acc 0.827 | 331s
epoch  67 | train loss 0.072 acc 0.981 | val loss 0.705 acc 0.798 | 336s
epoch  68 | train loss 0.065 acc 0.984 | val loss 0.684 acc 0.800 | 341s
epoch  69 | train loss 0.061 acc 0.984 | val loss 0.798 acc 0.790 | 345s
epoch  70 | train loss 0.059 acc 0.988 | val loss 0.733 acc 0.792 | 350s
epoch  71 | train loss 0.050 acc 0.989 | val loss 0.568 acc 0.833 | 355s
epoch  72 | train loss 0.054 acc 0.988 | val loss 0.631 acc 0.819 | 359s
epoch  73 | train loss 0.054 acc 0.986 | val loss 0.643 acc 0.831 | 363s
epoch  74 | train loss 0.059 acc 0.984 | val loss 0.524 acc 0.837 | 368s
epoch  75 | train loss 0.040 acc 0.993 | val loss 0.778 acc 0.798 | 372s
epoch  76 | train loss 0.036 acc 0.993 | val loss 0.528 acc 0.852 | 377s
epoch  77 | train loss 0.055 acc 0.985 | val loss 0.806 acc 0.794 | 381s
epoch  78 | train loss 0.054 acc 0.987 | val loss 0.490 acc 0.850 | 386s
epoch  79 | train loss 0.061 acc 0.982 | val loss 0.934 acc 0.756 | 390s
epoch  80 | train loss 0.056 acc 0.984 | val loss 0.692 acc 0.800 | 394s
epoch  81 | train loss 0.045 acc 0.989 | val loss 0.651 acc 0.825 | 399s
epoch  82 | train loss 0.033 acc 0.993 | val loss 0.545 acc 0.829 | 404s
epoch  83 | train loss 0.025 acc 0.994 | val loss 0.570 acc 0.837 | 409s
epoch  84 | train loss 0.035 acc 0.991 | val loss 0.580 acc 0.829 | 414s
epoch  85 | train loss 0.060 acc 0.982 | val loss 0.729 acc 0.810 | 419s
epoch  86 | train loss 0.064 acc 0.984 | val loss 0.607 acc 0.827 | 423s
epoch  87 | train loss 0.041 acc 0.989 | val loss 0.604 acc 0.833 | 428s
epoch  88 | train loss 0.035 acc 0.992 | val loss 0.538 acc 0.846 | 433s
epoch  89 | train loss 0.025 acc 0.996 | val loss 0.512 acc 0.852 | 438s
epoch  90 | train loss 0.023 acc 0.997 | val loss 0.523 acc 0.840 | 443s
epoch  91 | train loss 0.031 acc 0.992 | val loss 0.541 acc 0.848 | 448s
epoch  92 | train loss 0.033 acc 0.995 | val loss 0.497 acc 0.850 | 452s
epoch  93 | train loss 0.023 acc 0.995 | val loss 0.508 acc 0.844 | 456s
epoch  94 | train loss 0.020 acc 0.994 | val loss 0.542 acc 0.854 | 461s
epoch  95 | train loss 0.030 acc 0.991 | val loss 0.595 acc 0.835 | 465s
epoch  96 | train loss 0.016 acc 0.998 | val loss 0.556 acc 0.835 | 470s
epoch  97 | train loss 0.020 acc 0.998 | val loss 0.503 acc 0.837 | 474s
epoch  98 | train loss 0.017 acc 0.998 | val loss 0.507 acc 0.846 | 478s
epoch  99 | train loss 0.021 acc 0.995 | val loss 0.525 acc 0.854 | 482s
epoch 100 | train loss 0.017 acc 0.996 | val loss 0.519 acc 0.854 | 486s
epoch 101 | train loss 0.014 acc 0.999 | val loss 0.458 acc 0.875 | 490s
epoch 102 | train loss 0.014 acc 0.998 | val loss 0.505 acc 0.856 | 495s
epoch 103 | train loss 0.019 acc 0.995 | val loss 0.539 acc 0.858 | 500s
epoch 104 | train loss 0.013 acc 0.999 | val loss 0.492 acc 0.865 | 505s
epoch 105 | train loss 0.012 acc 0.999 | val loss 0.478 acc 0.858 | 510s
epoch 106 | train loss 0.013 acc 0.999 | val loss 0.556 acc 0.848 | 515s
epoch 107 | train loss 0.017 acc 0.997 | val loss 0.510 acc 0.848 | 520s
epoch 108 | train loss 0.015 acc 0.996 | val loss 0.518 acc 0.844 | 525s
epoch 109 | train loss 0.020 acc 0.997 | val loss 0.587 acc 0.835 | 530s
epoch 110 | train loss 0.022 acc 0.996 | val loss 0.514 acc 0.848 | 535s
epoch 111 | train loss 0.019 acc 0.998 | val loss 0.481 acc 0.850 | 540s
epoch 112 | train loss 0.015 acc 0.997 | val loss 0.487 acc 0.852 | 544s
epoch 113 | train loss 0.013 acc 0.999 | val loss 0.465 acc 0.860 | 549s
epoch 114 | train loss 0.010 acc 1.000 | val loss 0.457 acc 0.871 | 553s
epoch 115 | train loss 0.009 acc 0.999 | val loss 0.476 acc 0.867 | 557s
epoch 116 | train loss 0.009 acc 1.000 | val loss 0.458 acc 0.867 | 562s
epoch 117 | train loss 0.010 acc 0.998 | val loss 0.490 acc 0.871 | 566s
epoch 118 | train loss 0.009 acc 1.000 | val loss 0.522 acc 0.848 | 570s
epoch 119 | train loss 0.008 acc 0.998 | val loss 0.518 acc 0.846 | 574s
epoch 120 | train loss 0.015 acc 0.996 | val loss 0.503 acc 0.858 | 578s
epoch 121 | train loss 0.010 acc 0.998 | val loss 0.489 acc 0.865 | 583s
epoch 122 | train loss 0.010 acc 0.999 | val loss 0.489 acc 0.865 | 587s
epoch 123 | train loss 0.009 acc 0.998 | val loss 0.495 acc 0.860 | 592s
epoch 124 | train loss 0.009 acc 0.998 | val loss 0.493 acc 0.858 | 597s
epoch 125 | train loss 0.012 acc 0.998 | val loss 0.486 acc 0.848 | 602s
epoch 126 | train loss 0.009 acc 0.998 | val loss 0.468 acc 0.863 | 607s
epoch 127 | train loss 0.009 acc 0.998 | val loss 0.474 acc 0.869 | 612s
epoch 128 | train loss 0.007 acc 0.999 | val loss 0.483 acc 0.863 | 617s
epoch 129 | train loss 0.010 acc 0.998 | val loss 0.492 acc 0.871 | 622s
epoch 130 | train loss 0.007 acc 1.000 | val loss 0.496 acc 0.863 | 627s
epoch 131 | train loss 0.008 acc 0.998 | val loss 0.500 acc 0.856 | 632s
epoch 132 | train loss 0.008 acc 0.999 | val loss 0.490 acc 0.856 | 637s
epoch 133 | train loss 0.008 acc 0.999 | val loss 0.484 acc 0.865 | 642s
epoch 134 | train loss 0.007 acc 0.999 | val loss 0.481 acc 0.865 | 647s
epoch 135 | train loss 0.008 acc 0.999 | val loss 0.485 acc 0.860 | 652s
epoch 136 | train loss 0.005 acc 1.000 | val loss 0.487 acc 0.860 | 657s
epoch 137 | train loss 0.008 acc 1.000 | val loss 0.484 acc 0.865 | 662s
epoch 138 | train loss 0.008 acc 0.999 | val loss 0.481 acc 0.860 | 667s
epoch 139 | train loss 0.006 acc 0.999 | val loss 0.486 acc 0.858 | 672s
epoch 140 | train loss 0.006 acc 1.000 | val loss 0.485 acc 0.860 | 676s
epoch 141 | train loss 0.011 acc 0.998 | val loss 0.484 acc 0.865 | 681s
epoch 142 | train loss 0.008 acc 0.999 | val loss 0.485 acc 0.865 | 686s
epoch 143 | train loss 0.007 acc 0.999 | val loss 0.479 acc 0.865 | 691s
epoch 144 | train loss 0.006 acc 1.000 | val loss 0.483 acc 0.858 | 696s
epoch 145 | train loss 0.007 acc 0.998 | val loss 0.482 acc 0.865 | 701s
epoch 146 | train loss 0.007 acc 1.000 | val loss 0.484 acc 0.858 | 706s
epoch 147 | train loss 0.007 acc 1.000 | val loss 0.482 acc 0.856 | 711s
epoch 148 | train loss 0.007 acc 0.999 | val loss 0.485 acc 0.863 | 716s
epoch 149 | train loss 0.008 acc 0.998 | val loss 0.482 acc 0.865 | 721s
epoch 150 | train loss 0.007 acc 0.999 | val loss 0.486 acc 0.860 | 725s
final validation accuracy 0.8604
