a12_longer | fold 1 | seed 1 | cuda | 1,176,752 parameters
epoch   1 | train loss 2.373 acc 0.257 | val loss 4.393 acc 0.062 | 4s
epoch   2 | train loss 1.737 acc 0.469 | val loss 3.987 acc 0.194 | 9s
epoch   3 | train loss 1.465 acc 0.528 | val loss 4.481 acc 0.225 | 14s
epoch   4 | train loss 1.280 acc 0.589 | val loss 2.430 acc 0.335 | 19s
epoch   5 | train loss 1.080 acc 0.637 | val loss 2.725 acc 0.283 | 24s
epoch   6 | train loss 1.013 acc 0.649 | val loss 1.287 acc 0.510 | 30s
epoch   7 | train loss 0.928 acc 0.682 | val loss 1.197 acc 0.608 | 35s
epoch   8 | train loss 0.931 acc 0.689 | val loss 1.136 acc 0.663 | 40s
epoch   9 | train loss 0.810 acc 0.728 | val loss 0.920 acc 0.704 | 46s
epoch  10 | train loss 0.733 acc 0.758 | val loss 1.402 acc 0.542 | 51s
epoch  11 | train loss 0.716 acc 0.754 | val loss 2.190 acc 0.431 | 57s
epoch  12 | train loss 0.731 acc 0.750 | val loss 1.274 acc 0.610 | 62s
epoch  13 | train loss 0.684 acc 0.776 | val loss 1.114 acc 0.613 | 67s
epoch  14 | train loss 0.626 acc 0.773 | val loss 0.945 acc 0.681 | 72s
epoch  15 | train loss 0.602 acc 0.790 | val loss 1.557 acc 0.554 | 77s
epoch  16 | train loss 0.568 acc 0.807 | val loss 0.987 acc 0.681 | 81s
epoch  17 | train loss 0.595 acc 0.801 | val loss 1.070 acc 0.637 | 86s
epoch  18 | train loss 0.575 acc 0.805 | val loss 0.998 acc 0.688 | 90s
epoch  19 | train loss 0.551 acc 0.806 | val loss 1.116 acc 0.635 | 95s
epoch  20 | train loss 0.485 acc 0.833 | val loss 0.864 acc 0.717 | 99s
epoch  21 | train loss 0.493 acc 0.838 | val loss 0.819 acc 0.752 | 103s
epoch  22 | train loss 0.434 acc 0.856 | val loss 0.856 acc 0.729 | 107s
epoch  23 | train loss 0.443 acc 0.849 | val loss 1.019 acc 0.681 | 111s
epoch  24 | train loss 0.427 acc 0.855 | val loss 0.788 acc 0.729 | 116s
epoch  25 | train loss 0.413 acc 0.859 | val loss 0.801 acc 0.729 | 121s
epoch  26 | train loss 0.385 acc 0.878 | val loss 0.792 acc 0.746 | 126s
epoch  27 | train loss 0.350 acc 0.885 | val loss 1.146 acc 0.679 | 132s
epoch  28 | train loss 0.385 acc 0.864 | val loss 0.602 acc 0.790 | 138s
epoch  29 | train loss 0.371 acc 0.865 | val loss 0.576 acc 0.798 | 143s
epoch  30 | train loss 0.334 acc 0.889 | val loss 1.024 acc 0.710 | 149s
epoch  31 | train loss 0.295 acc 0.899 | val loss 0.555 acc 0.798 | 154s
epoch  32 | train loss 0.307 acc 0.898 | val loss 0.965 acc 0.679 | 160s
epoch  33 | train loss 0.292 acc 0.902 | val loss 0.921 acc 0.733 | 166s
epoch  34 | train loss 0.279 acc 0.903 | val loss 0.792 acc 0.738 | 171s
epoch  35 | train loss 0.246 acc 0.919 | val loss 0.810 acc 0.712 | 177s
epoch  36 | train loss 0.242 acc 0.915 | val loss 1.162 acc 0.656 | 183s
epoch  37 | train loss 0.243 acc 0.919 | val loss 0.773 acc 0.746 | 188s
epoch  38 | train loss 0.231 acc 0.927 | val loss 1.138 acc 0.681 | 194s
epoch  39 | train loss 0.226 acc 0.932 | val loss 1.152 acc 0.688 | 199s
epoch  40 | train loss 0.220 acc 0.929 | val loss 0.964 acc 0.754 | 205s
epoch  41 | train loss 0.200 acc 0.935 | val loss 0.929 acc 0.735 | 210s
epoch  42 | train loss 0.188 acc 0.943 | val loss 0.945 acc 0.685 | 216s
epoch  43 | train loss 0.184 acc 0.944 | val loss 0.663 acc 0.783 | 221s
epoch  44 | train loss 0.211 acc 0.931 | val loss 1.003 acc 0.748 | 226s
epoch  45 | train loss 0.207 acc 0.930 | val loss 0.958 acc 0.742 | 232s
epoch  46 | train loss 0.184 acc 0.933 | val loss 0.619 acc 0.817 | 237s
epoch  47 | train loss 0.160 acc 0.953 | val loss 0.818 acc 0.754 | 242s
epoch  48 | train loss 0.143 acc 0.955 | val loss 1.126 acc 0.729 | 248s
epoch  49 | train loss 0.125 acc 0.966 | val loss 0.894 acc 0.746 | 253s
epoch  50 | train loss 0.139 acc 0.959 | val loss 0.963 acc 0.715 | 258s
epoch  51 | train loss 0.149 acc 0.957 | val loss 0.657 acc 0.788 | 263s
epoch  52 | train loss 0.129 acc 0.963 | val loss 0.846 acc 0.758 | 267s
epoch  53 | train loss 0.148 acc 0.949 | val loss 0.588 acc 0.808 | 271s
epoch  54 | train loss 0.119 acc 0.968 | val loss 0.825 acc 0.758 | 276s
epoch  55 | train loss 0.122 acc 0.966 | val loss 0.639 acc 0.783 | 280s
epoch  56 | train loss 0.124 acc 0.963 | val loss 0.649 acc 0.817 | 284s
epoch  57 | train loss 0.128 acc 0.961 | val loss 0.742 acc 0.785 | 289s
epoch  58 | train loss 0.112 acc 0.960 | val loss 0.644 acc 0.806 | 293s
epoch  59 | train loss 0.104 acc 0.968 | val loss 0.589 acc 0.827 | 298s
epoch  60 | train loss 0.091 acc 0.976 | val loss 0.535 acc 0.842 | 302s
epoch  61 | train loss 0.099 acc 0.965 | val loss 0.879 acc 0.785 | 307s
epoch  62 | train loss 0.135 acc 0.957 | val loss 0.643 acc 0.802 | 311s
epoch  63 | train loss 0.090 acc 0.977 | val loss 0.476 acc 0.846 | 316s
epoch  64 | train loss 0.100 acc 0.970 | val loss 0.594 acc 0.835 | 322s
epoch  65 | train loss 0.077 acc 0.981 | val loss 0.605 acc 0.833 | 327s
epoch  66 | train loss 0.072 acc 0.981 | val loss 0.599 acc 0.819 | 332s
epoch  67 | train loss 0.064 acc 0.985 | val loss 0.554 acc 0.823 | 337s
epoch  68 | train loss 0.064 acc 0.984 | val loss 0.484 acc 0.846 | 342s
epoch  69 | train loss 0.062 acc 0.983 | val loss 0.519 acc 0.835 | 347s
epoch  70 | train loss 0.072 acc 0.981 | val loss 0.709 acc 0.829 | 352s
epoch  71 | train loss 0.066 acc 0.980 | val loss 0.554 acc 0.842 | 356s
epoch  72 | train loss 0.081 acc 0.977 | val loss 0.605 acc 0.817 | 360s
epoch  73 | train loss 0.081 acc 0.976 | val loss 0.613 acc 0.812 | 364s
epoch  74 | train loss 0.073 acc 0.979 | val loss 0.609 acc 0.837 | 368s
epoch  75 | train loss 0.072 acc 0.980 | val loss 0.598 acc 0.831 | 373s
epoch  76 | train loss 0.046 acc 0.990 | val loss 0.484 acc 0.850 | 377s
epoch  77 | train loss 0.047 acc 0.990 | val loss 0.546 acc 0.833 | 382s
epoch  78 | train loss 0.050 acc 0.989 | val loss 0.625 acc 0.810 | 386s
epoch  79 | train loss 0.044 acc 0.991 | val loss 0.666 acc 0.831 | 391s
epoch  80 | train loss 0.049 acc 0.988 | val loss 0.469 acc 0.867 | 395s
epoch  81 | train loss 0.044 acc 0.990 | val loss 0.533 acc 0.846 | 399s
epoch  82 | train loss 0.040 acc 0.990 | val loss 0.498 acc 0.844 | 404s
epoch  83 | train loss 0.038 acc 0.990 | val loss 0.482 acc 0.869 | 409s
epoch  84 | train loss 0.035 acc 0.991 | val loss 0.495 acc 0.852 | 414s
epoch  85 | train loss 0.040 acc 0.991 | val loss 0.560 acc 0.831 | 419s
epoch  86 | train loss 0.031 acc 0.992 | val loss 0.506 acc 0.852 | 424s
epoch  87 | train loss 0.026 acc 0.994 | val loss 0.484 acc 0.842 | 429s
epoch  88 | train loss 0.025 acc 0.996 | val loss 0.441 acc 0.869 | 434s
epoch  89 | train loss 0.022 acc 0.998 | val loss 0.423 acc 0.877 | 439s
epoch  90 | train loss 0.021 acc 0.996 | val loss 0.443 acc 0.867 | 444s
epoch  91 | train loss 0.019 acc 0.997 | val loss 0.497 acc 0.860 | 448s
epoch  92 | train loss 0.023 acc 0.996 | val loss 0.458 acc 0.869 | 453s
epoch  93 | train loss 0.025 acc 0.997 | val loss 0.446 acc 0.873 | 457s
epoch  94 | train loss 0.019 acc 0.997 | val loss 0.487 acc 0.856 | 461s
epoch  95 | train loss 0.018 acc 0.997 | val loss 0.478 acc 0.852 | 466s
epoch  96 | train loss 0.020 acc 0.997 | val loss 0.521 acc 0.860 | 470s
epoch  97 | train loss 0.021 acc 0.995 | val loss 0.433 acc 0.869 | 475s
epoch  98 | train loss 0.017 acc 0.998 | val loss 0.468 acc 0.869 | 479s
epoch  99 | train loss 0.016 acc 0.997 | val loss 0.478 acc 0.854 | 484s
epoch 100 | train loss 0.019 acc 0.997 | val loss 0.496 acc 0.858 | 488s
epoch 101 | train loss 0.022 acc 0.996 | val loss 0.512 acc 0.856 | 493s
epoch 102 | train loss 0.015 acc 0.998 | val loss 0.445 acc 0.865 | 497s
epoch 103 | train loss 0.013 acc 0.999 | val loss 0.471 acc 0.867 | 502s
epoch 104 | train loss 0.017 acc 0.997 | val loss 0.461 acc 0.865 | 508s
epoch 105 | train loss 0.016 acc 0.997 | val loss 0.469 acc 0.867 | 513s
epoch 106 | train loss 0.017 acc 0.997 | val loss 0.471 acc 0.869 | 518s
epoch 107 | train loss 0.012 acc 0.999 | val loss 0.444 acc 0.865 | 523s
epoch 108 | train loss 0.015 acc 0.997 | val loss 0.480 acc 0.867 | 528s
epoch 109 | train loss 0.018 acc 0.996 | val loss 0.494 acc 0.867 | 533s
epoch 110 | train loss 0.012 acc 0.998 | val loss 0.451 acc 0.877 | 538s
epoch 111 | train loss 0.016 acc 0.997 | val loss 0.446 acc 0.873 | 543s
epoch 112 | train loss 0.017 acc 0.997 | val loss 0.474 acc 0.869 | 547s
epoch 113 | train loss 0.011 acc 0.998 | val loss 0.461 acc 0.860 | 551s
epoch 114 | train loss 0.011 acc 0.998 | val loss 0.436 acc 0.875 | 555s
epoch 115 | train loss 0.009 acc 0.999 | val loss 0.426 acc 0.881 | 560s
epoch 116 | train loss 0.008 acc 0.999 | val loss 0.414 acc 0.887 | 564s
epoch 117 | train loss 0.011 acc 0.998 | val loss 0.463 acc 0.867 | 568s
epoch 118 | train loss 0.010 acc 0.997 | val loss 0.437 acc 0.865 | 572s
epoch 119 | train loss 0.007 acc 1.000 | val loss 0.439 acc 0.877 | 577s
epoch 120 | train loss 0.012 acc 0.998 | val loss 0.424 acc 0.879 | 581s
epoch 121 | train loss 0.011 acc 0.999 | val loss 0.434 acc 0.871 | 586s
epoch 122 | train loss 0.010 acc 0.997 | val loss 0.446 acc 0.869 | 590s
epoch 123 | train loss 0.008 acc 0.999 | val loss 0.448 acc 0.869 | 595s
epoch 124 | train loss 0.011 acc 0.998 | val loss 0.446 acc 0.869 | 600s
epoch 125 | train loss 0.007 acc 1.000 | val loss 0.434 acc 0.867 | 606s
epoch 126 | train loss 0.011 acc 0.998 | val loss 0.442 acc 0.879 | 611s
epoch 127 | train loss 0.007 acc 0.999 | val loss 0.431 acc 0.871 | 616s
epoch 128 | train loss 0.008 acc 0.998 | val loss 0.431 acc 0.885 | 621s
epoch 129 | train loss 0.008 acc 0.999 | val loss 0.426 acc 0.881 | 626s
epoch 130 | train loss 0.007 acc 1.000 | val loss 0.427 acc 0.881 | 631s
epoch 131 | train loss 0.007 acc 0.999 | val loss 0.430 acc 0.881 | 636s
epoch 132 | train loss 0.007 acc 1.000 | val loss 0.429 acc 0.877 | 641s
epoch 133 | train loss 0.008 acc 0.999 | val loss 0.434 acc 0.883 | 646s
epoch 134 | train loss 0.010 acc 0.998 | val loss 0.435 acc 0.881 | 651s
epoch 135 | train loss 0.006 acc 1.000 | val loss 0.430 acc 0.885 | 655s
epoch 136 | train loss 0.008 acc 0.999 | val loss 0.425 acc 0.881 | 660s
epoch 137 | train loss 0.007 acc 0.999 | val loss 0.426 acc 0.877 | 665s
epoch 138 | train loss 0.012 acc 0.999 | val loss 0.434 acc 0.873 | 670s
epoch 139 | train loss 0.005 acc 1.000 | val loss 0.429 acc 0.879 | 675s
epoch 140 | train loss 0.008 acc 0.999 | val loss 0.423 acc 0.881 | 680s
epoch 141 | train loss 0.007 acc 0.999 | val loss 0.422 acc 0.879 | 685s
epoch 142 | train loss 0.007 acc 1.000 | val loss 0.421 acc 0.879 | 690s
epoch 143 | train loss 0.008 acc 0.998 | val loss 0.424 acc 0.879 | 695s
epoch 144 | train loss 0.006 acc 1.000 | val loss 0.423 acc 0.877 | 700s
epoch 145 | train loss 0.006 acc 0.999 | val loss 0.420 acc 0.887 | 705s
epoch 146 | train loss 0.005 acc 1.000 | val loss 0.424 acc 0.877 | 710s
epoch 147 | train loss 0.006 acc 1.000 | val loss 0.421 acc 0.883 | 715s
epoch 148 | train loss 0.007 acc 0.999 | val loss 0.427 acc 0.879 | 720s
epoch 149 | train loss 0.006 acc 0.999 | val loss 0.427 acc 0.879 | 725s
epoch 150 | train loss 0.009 acc 0.998 | val loss 0.423 acc 0.887 | 729s
final validation accuracy 0.8875
