a12_longer | fold 2 | seed 2 | cuda | 1,176,752 parameters
epoch   1 | train loss 2.291 acc 0.292 | val loss 4.245 acc 0.115 | 6s
epoch   2 | train loss 1.740 acc 0.458 | val loss 2.363 acc 0.258 | 11s
epoch   3 | train loss 1.458 acc 0.532 | val loss 1.801 acc 0.423 | 15s
epoch   4 | train loss 1.246 acc 0.601 | val loss 2.776 acc 0.304 | 19s
epoch   5 | train loss 1.153 acc 0.618 | val loss 2.133 acc 0.406 | 25s
epoch   6 | train loss 1.089 acc 0.623 | val loss 1.345 acc 0.535 | 30s
epoch   7 | train loss 0.956 acc 0.676 | val loss 1.235 acc 0.600 | 36s
epoch   8 | train loss 0.899 acc 0.690 | val loss 1.476 acc 0.554 | 42s
epoch   9 | train loss 0.858 acc 0.705 | val loss 1.416 acc 0.531 | 48s
epoch  10 | train loss 0.749 acc 0.749 | val loss 1.163 acc 0.621 | 53s
epoch  11 | train loss 0.802 acc 0.729 | val loss 1.758 acc 0.533 | 59s
epoch  12 | train loss 0.733 acc 0.741 | val loss 1.076 acc 0.596 | 63s
epoch  13 | train loss 0.703 acc 0.754 | val loss 0.802 acc 0.719 | 68s
epoch  14 | train loss 0.656 acc 0.766 | val loss 1.088 acc 0.615 | 72s
epoch  15 | train loss 0.637 acc 0.777 | val loss 0.889 acc 0.694 | 76s
epoch  16 | train loss 0.619 acc 0.789 | val loss 1.575 acc 0.546 | 81s
epoch  17 | train loss 0.600 acc 0.793 | val loss 1.063 acc 0.648 | 85s
epoch  18 | train loss 0.532 acc 0.821 | val loss 0.818 acc 0.735 | 89s
epoch  19 | train loss 0.537 acc 0.819 | val loss 0.832 acc 0.744 | 94s
epoch  20 | train loss 0.503 acc 0.821 | val loss 0.598 acc 0.788 | 98s
epoch  21 | train loss 0.467 acc 0.842 | val loss 0.745 acc 0.731 | 102s
epoch  22 | train loss 0.474 acc 0.835 | val loss 1.452 acc 0.598 | 106s
epoch  23 | train loss 0.446 acc 0.851 | val loss 0.989 acc 0.702 | 112s
epoch  24 | train loss 0.402 acc 0.865 | val loss 0.771 acc 0.748 | 117s
epoch  25 | train loss 0.414 acc 0.859 | val loss 1.459 acc 0.592 | 123s
epoch  26 | train loss 0.382 acc 0.873 | val loss 0.759 acc 0.754 | 128s
epoch  27 | train loss 0.358 acc 0.874 | val loss 0.664 acc 0.769 | 134s
epoch  28 | train loss 0.398 acc 0.864 | val loss 1.216 acc 0.633 | 139s
epoch  29 | train loss 0.365 acc 0.871 | val loss 1.297 acc 0.621 | 145s
epoch  30 | train loss 0.327 acc 0.885 | val loss 0.872 acc 0.748 | 150s
epoch  31 | train loss 0.316 acc 0.894 | val loss 1.264 acc 0.640 | 156s
epoch  32 | train loss 0.340 acc 0.878 | val loss 1.270 acc 0.665 | 161s
epoch  33 | train loss 0.310 acc 0.894 | val loss 0.902 acc 0.710 | 167s
epoch  34 | train loss 0.292 acc 0.906 | val loss 0.808 acc 0.752 | 172s
epoch  35 | train loss 0.231 acc 0.930 | val loss 0.584 acc 0.815 | 177s
epoch  36 | train loss 0.258 acc 0.915 | val loss 1.181 acc 0.675 | 183s
epoch  37 | train loss 0.285 acc 0.901 | val loss 1.086 acc 0.690 | 188s
epoch  38 | train loss 0.318 acc 0.888 | val loss 0.702 acc 0.765 | 194s
epoch  39 | train loss 0.251 acc 0.921 | val loss 0.828 acc 0.746 | 199s
epoch  40 | train loss 0.231 acc 0.928 | val loss 0.575 acc 0.806 | 205s
epoch  41 | train loss 0.212 acc 0.934 | val loss 0.591 acc 0.808 | 210s
epoch  42 | train loss 0.193 acc 0.934 | val loss 0.691 acc 0.765 | 216s
epoch  43 | train loss 0.199 acc 0.937 | val loss 0.971 acc 0.719 | 221s
epoch  44 | train loss 0.195 acc 0.935 | val loss 0.806 acc 0.771 | 226s
epoch  45 | train loss 0.190 acc 0.936 | val loss 0.968 acc 0.735 | 231s
epoch  46 | train loss 0.173 acc 0.946 | val loss 0.517 acc 0.829 | 237s
epoch  47 | train loss 0.196 acc 0.933 | val loss 0.884 acc 0.750 | 242s
epoch  48 | train loss 0.170 acc 0.944 | val loss 0.618 acc 0.806 | 247s
epoch  49 | train loss 0.150 acc 0.954 | val loss 0.813 acc 0.767 | 252s
epoch  50 | train loss 0.134 acc 0.960 | val loss 0.788 acc 0.779 | 257s
epoch  51 | train loss 0.152 acc 0.950 | val loss 0.526 acc 0.819 | 261s
epoch  52 | train loss 0.146 acc 0.956 | val loss 0.581 acc 0.798 | 266s
epoch  53 | train loss 0.124 acc 0.962 | val loss 0.720 acc 0.804 | 270s
epoch  54 | train loss 0.139 acc 0.961 | val loss 1.128 acc 0.715 | 275s
epoch  55 | train loss 0.142 acc 0.957 | val loss 0.716 acc 0.798 | 279s
epoch  56 | train loss 0.120 acc 0.963 | val loss 0.559 acc 0.796 | 284s
epoch  57 | train loss 0.116 acc 0.967 | val loss 0.741 acc 0.788 | 288s
epoch  58 | train loss 0.116 acc 0.962 | val loss 0.543 acc 0.835 | 293s
epoch  59 | train loss 0.096 acc 0.977 | val loss 0.675 acc 0.817 | 297s
epoch  60 | train loss 0.100 acc 0.968 | val loss 0.715 acc 0.769 | 302s
epoch  61 | train loss 0.123 acc 0.960 | val loss 1.061 acc 0.733 | 307s
epoch  62 | train loss 0.110 acc 0.967 | val loss 0.836 acc 0.767 | 312s
epoch  63 | train loss 0.072 acc 0.983 | val loss 0.674 acc 0.819 | 317s
epoch  64 | train loss 0.091 acc 0.972 | val loss 0.644 acc 0.833 | 322s
epoch  65 | train loss 0.084 acc 0.980 | val loss 0.611 acc 0.833 | 327s
epoch  66 | train loss 0.087 acc 0.976 | val loss 0.745 acc 0.756 | 332s
epoch  67 | train loss 0.071 acc 0.982 | val loss 0.602 acc 0.819 | 337s
epoch  68 | train loss 0.068 acc 0.985 | val loss 0.532 acc 0.835 | 342s
epoch  69 | train loss 0.078 acc 0.980 | val loss 0.763 acc 0.788 | 347s
epoch  70 | train loss 0.067 acc 0.985 | val loss 0.740 acc 0.775 | 351s
epoch  71 | train loss 0.058 acc 0.987 | val loss 0.589 acc 0.846 | 355s
epoch  72 | train loss 0.062 acc 0.982 | val loss 0.555 acc 0.844 | 360s
epoch  73 | train loss 0.050 acc 0.987 | val loss 0.454 acc 0.848 | 364s
epoch  74 | train loss 0.051 acc 0.986 | val loss 0.640 acc 0.817 | 368s
epoch  75 | train loss 0.046 acc 0.991 | val loss 0.464 acc 0.867 | 372s
epoch  76 | train loss 0.037 acc 0.994 | val loss 0.479 acc 0.848 | 376s
epoch  77 | train loss 0.031 acc 0.994 | val loss 0.495 acc 0.852 | 381s
epoch  78 | train loss 0.036 acc 0.995 | val loss 0.473 acc 0.854 | 385s
epoch  79 | train loss 0.037 acc 0.992 | val loss 0.563 acc 0.840 | 389s
epoch  80 | train loss 0.034 acc 0.995 | val loss 0.588 acc 0.842 | 394s
epoch  81 | train loss 0.036 acc 0.994 | val loss 0.554 acc 0.837 | 399s
epoch  82 | train loss 0.035 acc 0.991 | val loss 0.522 acc 0.844 | 404s
epoch  83 | train loss 0.029 acc 0.995 | val loss 0.467 acc 0.873 | 409s
epoch  84 | train loss 0.039 acc 0.992 | val loss 0.470 acc 0.865 | 414s
epoch  85 | train loss 0.038 acc 0.990 | val loss 0.519 acc 0.842 | 419s
epoch  86 | train loss 0.031 acc 0.994 | val loss 0.481 acc 0.848 | 424s
epoch  87 | train loss 0.037 acc 0.990 | val loss 0.515 acc 0.854 | 429s
epoch  88 | train loss 0.033 acc 0.995 | val loss 0.463 acc 0.865 | 434s
epoch  89 | train loss 0.032 acc 0.993 | val loss 0.459 acc 0.858 | 439s
epoch  90 | train loss 0.030 acc 0.992 | val loss 0.516 acc 0.854 | 444s
epoch  91 | train loss 0.038 acc 0.988 | val loss 0.578 acc 0.844 | 448s
epoch  92 | train loss 0.029 acc 0.996 | val loss 0.616 acc 0.835 | 453s
epoch  93 | train loss 0.026 acc 0.995 | val loss 0.573 acc 0.840 | 457s
epoch  94 | train loss 0.028 acc 0.995 | val loss 0.571 acc 0.837 | 461s
epoch  95 | train loss 0.026 acc 0.996 | val loss 0.581 acc 0.815 | 466s
epoch  96 | train loss 0.025 acc 0.995 | val loss 0.523 acc 0.865 | 470s
epoch  97 | train loss 0.019 acc 0.997 | val loss 0.530 acc 0.844 | 474s
epoch  98 | train loss 0.023 acc 0.996 | val loss 0.504 acc 0.850 | 479s
epoch  99 | train loss 0.019 acc 0.996 | val loss 0.497 acc 0.854 | 483s
epoch 100 | train loss 0.018 acc 0.998 | val loss 0.463 acc 0.873 | 487s
epoch 101 | train loss 0.023 acc 0.995 | val loss 0.542 acc 0.833 | 492s
epoch 102 | train loss 0.023 acc 0.995 | val loss 0.517 acc 0.852 | 497s
epoch 103 | train loss 0.024 acc 0.995 | val loss 0.540 acc 0.848 | 502s
epoch 104 | train loss 0.020 acc 0.996 | val loss 0.506 acc 0.856 | 507s
epoch 105 | train loss 0.018 acc 0.996 | val loss 0.492 acc 0.863 | 512s
epoch 106 | train loss 0.016 acc 0.996 | val loss 0.476 acc 0.858 | 517s
epoch 107 | train loss 0.018 acc 0.996 | val loss 0.498 acc 0.869 | 522s
epoch 108 | train loss 0.017 acc 0.996 | val loss 0.443 acc 0.869 | 527s
epoch 109 | train loss 0.012 acc 0.998 | val loss 0.483 acc 0.860 | 532s
epoch 110 | train loss 0.019 acc 0.993 | val loss 0.596 acc 0.854 | 537s
epoch 111 | train loss 0.014 acc 0.999 | val loss 0.481 acc 0.850 | 541s
epoch 112 | train loss 0.014 acc 0.997 | val loss 0.485 acc 0.854 | 545s
epoch 113 | train loss 0.011 acc 0.999 | val loss 0.451 acc 0.879 | 550s
epoch 114 | train loss 0.011 acc 0.998 | val loss 0.557 acc 0.858 | 554s
epoch 115 | train loss 0.010 acc 0.999 | val loss 0.477 acc 0.867 | 559s
epoch 116 | train loss 0.008 acc 1.000 | val loss 0.457 acc 0.869 | 563s
epoch 117 | train loss 0.017 acc 0.996 | val loss 0.534 acc 0.852 | 568s
epoch 118 | train loss 0.012 acc 0.997 | val loss 0.507 acc 0.856 | 572s
epoch 119 | train loss 0.010 acc 0.999 | val loss 0.474 acc 0.871 | 576s
epoch 120 | train loss 0.010 acc 0.999 | val loss 0.496 acc 0.871 | 581s
epoch 121 | train loss 0.011 acc 0.998 | val loss 0.472 acc 0.871 | 585s
epoch 122 | train loss 0.007 acc 0.999 | val loss 0.456 acc 0.871 | 590s
epoch 123 | train loss 0.011 acc 0.998 | val loss 0.473 acc 0.875 | 595s
epoch 124 | train loss 0.010 acc 0.999 | val loss 0.476 acc 0.863 | 600s
epoch 125 | train loss 0.010 acc 0.998 | val loss 0.470 acc 0.869 | 605s
epoch 126 | train loss 0.010 acc 0.998 | val loss 0.460 acc 0.869 | 610s
epoch 127 | train loss 0.008 acc 0.998 | val loss 0.468 acc 0.879 | 615s
epoch 128 | train loss 0.007 acc 0.999 | val loss 0.469 acc 0.873 | 620s
epoch 129 | train loss 0.010 acc 0.998 | val loss 0.462 acc 0.877 | 625s
epoch 130 | train loss 0.008 acc 0.999 | val loss 0.453 acc 0.875 | 630s
epoch 131 | train loss 0.008 acc 1.000 | val loss 0.447 acc 0.879 | 635s
epoch 132 | train loss 0.007 acc 0.999 | val loss 0.461 acc 0.875 | 640s
epoch 133 | train loss 0.010 acc 0.998 | val loss 0.455 acc 0.869 | 645s
epoch 134 | train loss 0.008 acc 0.999 | val loss 0.450 acc 0.871 | 650s
epoch 135 | train loss 0.009 acc 0.999 | val loss 0.450 acc 0.871 | 654s
epoch 136 | train loss 0.008 acc 0.999 | val loss 0.444 acc 0.877 | 659s
epoch 137 | train loss 0.007 acc 0.999 | val loss 0.443 acc 0.881 | 664s
epoch 138 | train loss 0.007 acc 0.999 | val loss 0.445 acc 0.879 | 669s
epoch 139 | train loss 0.008 acc 0.998 | val loss 0.449 acc 0.881 | 673s
epoch 140 | train loss 0.006 acc 1.000 | val loss 0.449 acc 0.879 | 678s
epoch 141 | train loss 0.007 acc 0.999 | val loss 0.449 acc 0.877 | 683s
epoch 142 | train loss 0.008 acc 0.999 | val loss 0.450 acc 0.871 | 688s
epoch 143 | train loss 0.007 acc 0.999 | val loss 0.452 acc 0.877 | 693s
epoch 144 | train loss 0.007 acc 0.999 | val loss 0.447 acc 0.879 | 698s
epoch 145 | train loss 0.006 acc 1.000 | val loss 0.447 acc 0.879 | 703s
epoch 146 | train loss 0.006 acc 0.999 | val loss 0.448 acc 0.879 | 708s
epoch 147 | train loss 0.006 acc 1.000 | val loss 0.447 acc 0.881 | 713s
epoch 148 | train loss 0.007 acc 0.999 | val loss 0.444 acc 0.881 | 718s
epoch 149 | train loss 0.011 acc 0.999 | val loss 0.449 acc 0.875 | 723s
epoch 150 | train loss 0.008 acc 0.998 | val loss 0.455 acc 0.875 | 728s
final validation accuracy 0.8750
