a12_longer | fold 2 | seed 0 | cuda | 1,176,752 parameters
epoch   1 | train loss 2.344 acc 0.257 | val loss 4.153 acc 0.073 | 4s
epoch   2 | train loss 1.753 acc 0.458 | val loss 3.691 acc 0.131 | 10s
epoch   3 | train loss 1.423 acc 0.559 | val loss 1.776 acc 0.448 | 16s
epoch   4 | train loss 1.227 acc 0.597 | val loss 1.307 acc 0.581 | 22s
epoch   5 | train loss 1.075 acc 0.634 | val loss 1.465 acc 0.548 | 28s
epoch   6 | train loss 0.989 acc 0.676 | val loss 2.287 acc 0.383 | 33s
epoch   7 | train loss 0.925 acc 0.697 | val loss 1.312 acc 0.560 | 39s
epoch   8 | train loss 0.826 acc 0.724 | val loss 1.235 acc 0.571 | 44s
epoch   9 | train loss 0.802 acc 0.728 | val loss 1.369 acc 0.542 | 48s
epoch  10 | train loss 0.769 acc 0.739 | val loss 0.889 acc 0.690 | 52s
epoch  11 | train loss 0.718 acc 0.762 | val loss 1.867 acc 0.475 | 58s
epoch  12 | train loss 0.704 acc 0.769 | val loss 1.104 acc 0.615 | 63s
epoch  13 | train loss 0.601 acc 0.797 | val loss 1.101 acc 0.637 | 68s
epoch  14 | train loss 0.622 acc 0.791 | val loss 1.524 acc 0.540 | 72s
epoch  15 | train loss 0.674 acc 0.761 | val loss 4.125 acc 0.206 | 77s
epoch  16 | train loss 0.598 acc 0.804 | val loss 0.777 acc 0.710 | 81s
epoch  17 | train loss 0.554 acc 0.811 | val loss 0.839 acc 0.706 | 85s
epoch  18 | train loss 0.539 acc 0.808 | val loss 3.070 acc 0.348 | 90s
epoch  19 | train loss 0.493 acc 0.832 | val loss 0.913 acc 0.723 | 94s
epoch  20 | train loss 0.449 acc 0.847 | val loss 0.743 acc 0.740 | 99s
epoch  21 | train loss 0.428 acc 0.857 | val loss 0.783 acc 0.729 | 103s
epoch  22 | train loss 0.410 acc 0.865 | val loss 0.859 acc 0.712 | 108s
epoch  23 | train loss 0.389 acc 0.867 | val loss 0.632 acc 0.783 | 113s
epoch  24 | train loss 0.386 acc 0.864 | val loss 0.998 acc 0.700 | 119s
epoch  25 | train loss 0.409 acc 0.867 | val loss 0.653 acc 0.769 | 124s
epoch  26 | train loss 0.365 acc 0.883 | val loss 1.109 acc 0.658 | 130s
epoch  27 | train loss 0.370 acc 0.874 | val loss 0.643 acc 0.796 | 135s
epoch  28 | train loss 0.376 acc 0.873 | val loss 0.879 acc 0.742 | 140s
epoch  29 | train loss 0.345 acc 0.878 | val loss 0.808 acc 0.758 | 146s
epoch  30 | train loss 0.304 acc 0.899 | val loss 0.681 acc 0.758 | 151s
epoch  31 | train loss 0.301 acc 0.895 | val loss 1.198 acc 0.685 | 156s
epoch  32 | train loss 0.298 acc 0.897 | val loss 0.638 acc 0.788 | 162s
epoch  33 | train loss 0.286 acc 0.901 | val loss 0.858 acc 0.723 | 167s
epoch  34 | train loss 0.321 acc 0.891 | val loss 1.711 acc 0.525 | 173s
epoch  35 | train loss 0.269 acc 0.912 | val loss 0.766 acc 0.762 | 178s
epoch  36 | train loss 0.269 acc 0.910 | val loss 0.754 acc 0.748 | 184s
epoch  37 | train loss 0.249 acc 0.918 | val loss 0.862 acc 0.735 | 189s
epoch  38 | train loss 0.206 acc 0.931 | val loss 0.559 acc 0.819 | 194s
epoch  39 | train loss 0.210 acc 0.935 | val loss 0.631 acc 0.783 | 200s
epoch  40 | train loss 0.186 acc 0.943 | val loss 0.868 acc 0.738 | 205s
epoch  41 | train loss 0.207 acc 0.932 | val loss 1.360 acc 0.625 | 211s
epoch  42 | train loss 0.187 acc 0.939 | val loss 0.969 acc 0.702 | 216s
epoch  43 | train loss 0.180 acc 0.946 | val loss 0.945 acc 0.733 | 222s
epoch  44 | train loss 0.186 acc 0.940 | val loss 0.740 acc 0.781 | 227s
epoch  45 | train loss 0.162 acc 0.953 | val loss 0.616 acc 0.794 | 233s
epoch  46 | train loss 0.158 acc 0.948 | val loss 0.805 acc 0.748 | 238s
epoch  47 | train loss 0.153 acc 0.947 | val loss 0.909 acc 0.771 | 244s
epoch  48 | train loss 0.140 acc 0.956 | val loss 0.697 acc 0.794 | 249s
epoch  49 | train loss 0.163 acc 0.944 | val loss 0.990 acc 0.723 | 255s
epoch  50 | train loss 0.155 acc 0.948 | val loss 0.560 acc 0.827 | 259s
epoch  51 | train loss 0.136 acc 0.961 | val loss 0.917 acc 0.729 | 264s
epoch  52 | train loss 0.130 acc 0.960 | val loss 0.646 acc 0.829 | 268s
epoch  53 | train loss 0.137 acc 0.955 | val loss 0.870 acc 0.744 | 272s
epoch  54 | train loss 0.132 acc 0.957 | val loss 0.743 acc 0.769 | 277s
epoch  55 | train loss 0.106 acc 0.971 | val loss 1.079 acc 0.717 | 281s
epoch  56 | train loss 0.098 acc 0.970 | val loss 0.799 acc 0.783 | 285s
epoch  57 | train loss 0.107 acc 0.970 | val loss 0.677 acc 0.765 | 289s
epoch  58 | train loss 0.084 acc 0.975 | val loss 0.676 acc 0.800 | 294s
epoch  59 | train loss 0.090 acc 0.977 | val loss 0.810 acc 0.788 | 298s
epoch  60 | train loss 0.093 acc 0.972 | val loss 0.917 acc 0.750 | 302s
epoch  61 | train loss 0.082 acc 0.980 | val loss 0.601 acc 0.823 | 307s
epoch  62 | train loss 0.073 acc 0.979 | val loss 0.662 acc 0.804 | 312s
epoch  63 | train loss 0.094 acc 0.973 | val loss 0.593 acc 0.831 | 317s
epoch  64 | train loss 0.107 acc 0.968 | val loss 0.928 acc 0.735 | 322s
epoch  65 | train loss 0.110 acc 0.972 | val loss 0.608 acc 0.821 | 327s
epoch  66 | train loss 0.076 acc 0.979 | val loss 0.584 acc 0.821 | 332s
epoch  67 | train loss 0.076 acc 0.977 | val loss 0.619 acc 0.815 | 337s
epoch  68 | train loss 0.065 acc 0.980 | val loss 0.696 acc 0.790 | 342s
epoch  69 | train loss 0.062 acc 0.986 | val loss 0.578 acc 0.827 | 347s
epoch  70 | train loss 0.086 acc 0.974 | val loss 0.847 acc 0.785 | 352s
epoch  71 | train loss 0.071 acc 0.983 | val loss 0.627 acc 0.815 | 356s
epoch  72 | train loss 0.048 acc 0.989 | val loss 0.523 acc 0.840 | 361s
epoch  73 | train loss 0.047 acc 0.992 | val loss 0.617 acc 0.835 | 365s
epoch  74 | train loss 0.042 acc 0.992 | val loss 0.540 acc 0.846 | 370s
epoch  75 | train loss 0.044 acc 0.991 | val loss 0.537 acc 0.856 | 374s
epoch  76 | train loss 0.050 acc 0.991 | val loss 0.693 acc 0.815 | 379s
epoch  77 | train loss 0.052 acc 0.984 | val loss 0.722 acc 0.823 | 383s
epoch  78 | train loss 0.041 acc 0.990 | val loss 0.530 acc 0.860 | 388s
epoch  79 | train loss 0.041 acc 0.990 | val loss 0.793 acc 0.785 | 392s
epoch  80 | train loss 0.041 acc 0.990 | val loss 0.668 acc 0.825 | 396s
epoch  81 | train loss 0.041 acc 0.992 | val loss 0.532 acc 0.856 | 401s
epoch  82 | train loss 0.053 acc 0.985 | val loss 0.604 acc 0.821 | 406s
epoch  83 | train loss 0.051 acc 0.989 | val loss 0.620 acc 0.821 | 412s
epoch  84 | train loss 0.047 acc 0.986 | val loss 0.761 acc 0.804 | 416s
epoch  85 | train loss 0.049 acc 0.988 | val loss 0.581 acc 0.835 | 421s
epoch  86 | train loss 0.038 acc 0.993 | val loss 0.528 acc 0.850 | 426s
epoch  87 | train loss 0.044 acc 0.989 | val loss 0.686 acc 0.819 | 431s
epoch  88 | train loss 0.038 acc 0.991 | val loss 0.689 acc 0.821 | 436s
epoch  89 | train loss 0.028 acc 0.993 | val loss 0.551 acc 0.863 | 441s
epoch  90 | train loss 0.023 acc 0.997 | val loss 0.587 acc 0.858 | 446s
epoch  91 | train loss 0.020 acc 0.997 | val loss 0.473 acc 0.871 | 450s
epoch  92 | train loss 0.022 acc 0.996 | val loss 0.509 acc 0.863 | 454s
epoch  93 | train loss 0.019 acc 0.997 | val loss 0.478 acc 0.871 | 459s
epoch  94 | train loss 0.025 acc 0.993 | val loss 0.485 acc 0.879 | 463s
epoch  95 | train loss 0.027 acc 0.995 | val loss 0.503 acc 0.863 | 467s
epoch  96 | train loss 0.024 acc 0.996 | val loss 0.473 acc 0.869 | 472s
epoch  97 | train loss 0.019 acc 0.997 | val loss 0.526 acc 0.865 | 476s
epoch  98 | train loss 0.021 acc 0.995 | val loss 0.432 acc 0.885 | 480s
epoch  99 | train loss 0.016 acc 0.998 | val loss 0.454 acc 0.887 | 485s
epoch 100 | train loss 0.014 acc 0.998 | val loss 0.496 acc 0.863 | 489s
epoch 101 | train loss 0.021 acc 0.995 | val loss 0.550 acc 0.850 | 494s
epoch 102 | train loss 0.021 acc 0.997 | val loss 0.519 acc 0.875 | 499s
epoch 103 | train loss 0.018 acc 0.996 | val loss 0.464 acc 0.877 | 504s
epoch 104 | train loss 0.016 acc 0.999 | val loss 0.460 acc 0.881 | 509s
epoch 105 | train loss 0.013 acc 0.999 | val loss 0.508 acc 0.877 | 514s
epoch 106 | train loss 0.016 acc 0.997 | val loss 0.472 acc 0.871 | 519s
epoch 107 | train loss 0.012 acc 0.999 | val loss 0.476 acc 0.875 | 524s
epoch 108 | train loss 0.021 acc 0.995 | val loss 0.500 acc 0.871 | 529s
epoch 109 | train loss 0.018 acc 0.995 | val loss 0.551 acc 0.863 | 534s
epoch 110 | train loss 0.017 acc 0.997 | val loss 0.497 acc 0.867 | 539s
epoch 111 | train loss 0.018 acc 0.995 | val loss 0.488 acc 0.858 | 543s
epoch 112 | train loss 0.010 acc 0.999 | val loss 0.470 acc 0.865 | 548s
epoch 113 | train loss 0.011 acc 0.998 | val loss 0.489 acc 0.871 | 552s
epoch 114 | train loss 0.015 acc 0.998 | val loss 0.453 acc 0.881 | 557s
epoch 115 | train loss 0.015 acc 0.996 | val loss 0.552 acc 0.865 | 561s
epoch 116 | train loss 0.011 acc 0.999 | val loss 0.483 acc 0.867 | 565s
epoch 117 | train loss 0.008 acc 0.999 | val loss 0.466 acc 0.867 | 570s
epoch 118 | train loss 0.007 acc 0.999 | val loss 0.465 acc 0.877 | 574s
epoch 119 | train loss 0.010 acc 0.998 | val loss 0.457 acc 0.877 | 579s
epoch 120 | train loss 0.008 acc 1.000 | val loss 0.464 acc 0.873 | 583s
epoch 121 | train loss 0.010 acc 0.998 | val loss 0.492 acc 0.875 | 587s
epoch 122 | train loss 0.009 acc 0.998 | val loss 0.471 acc 0.881 | 592s
epoch 123 | train loss 0.011 acc 0.999 | val loss 0.481 acc 0.873 | 597s
epoch 124 | train loss 0.007 acc 1.000 | val loss 0.488 acc 0.877 | 602s
epoch 125 | train loss 0.008 acc 0.999 | val loss 0.472 acc 0.879 | 607s
epoch 126 | train loss 0.009 acc 0.999 | val loss 0.454 acc 0.873 | 612s
epoch 127 | train loss 0.009 acc 0.999 | val loss 0.466 acc 0.871 | 617s
epoch 128 | train loss 0.008 acc 0.999 | val loss 0.469 acc 0.881 | 622s
epoch 129 | train loss 0.006 acc 0.999 | val loss 0.465 acc 0.881 | 627s
epoch 130 | train loss 0.007 acc 1.000 | val loss 0.467 acc 0.881 | 632s
epoch 131 | train loss 0.010 acc 0.998 | val loss 0.458 acc 0.881 | 637s
epoch 132 | train loss 0.008 acc 0.999 | val loss 0.464 acc 0.883 | 641s
epoch 133 | train loss 0.007 acc 0.998 | val loss 0.467 acc 0.879 | 646s
epoch 134 | train loss 0.012 acc 0.998 | val loss 0.453 acc 0.883 | 651s
epoch 135 | train loss 0.005 acc 1.000 | val loss 0.462 acc 0.877 | 656s
epoch 136 | train loss 0.006 acc 1.000 | val loss 0.460 acc 0.885 | 661s
epoch 137 | train loss 0.008 acc 0.999 | val loss 0.462 acc 0.881 | 666s
epoch 138 | train loss 0.007 acc 0.998 | val loss 0.463 acc 0.883 | 671s
epoch 139 | train loss 0.007 acc 1.000 | val loss 0.457 acc 0.883 | 676s
epoch 140 | train loss 0.007 acc 0.999 | val loss 0.463 acc 0.879 | 681s
epoch 141 | train loss 0.011 acc 0.999 | val loss 0.460 acc 0.887 | 686s
epoch 142 | train loss 0.006 acc 0.999 | val loss 0.455 acc 0.890 | 691s
epoch 143 | train loss 0.006 acc 0.999 | val loss 0.460 acc 0.883 | 696s
epoch 144 | train loss 0.010 acc 0.998 | val loss 0.463 acc 0.885 | 701s
epoch 145 | train loss 0.006 acc 1.000 | val loss 0.466 acc 0.883 | 706s
epoch 146 | train loss 0.006 acc 1.000 | val loss 0.461 acc 0.887 | 711s
epoch 147 | train loss 0.009 acc 0.998 | val loss 0.456 acc 0.883 | 716s
epoch 148 | train loss 0.008 acc 0.999 | val loss 0.461 acc 0.883 | 721s
epoch 149 | train loss 0.008 acc 0.998 | val loss 0.469 acc 0.879 | 726s
epoch 150 | train loss 0.007 acc 0.999 | val loss 0.464 acc 0.881 | 731s
final validation accuracy 0.8813
