a12_longer | fold 4 | seed 1 | cuda | 1,176,752 parameters
epoch   1 | train loss 2.387 acc 0.256 | val loss 4.378 acc 0.083 | 6s
epoch   2 | train loss 1.754 acc 0.468 | val loss 3.412 acc 0.229 | 10s
epoch   3 | train loss 1.463 acc 0.525 | val loss 5.446 acc 0.138 | 14s
epoch   4 | train loss 1.291 acc 0.567 | val loss 2.262 acc 0.385 | 18s
epoch   5 | train loss 1.089 acc 0.629 | val loss 1.401 acc 0.527 | 22s
epoch   6 | train loss 0.995 acc 0.660 | val loss 1.314 acc 0.552 | 27s
epoch   7 | train loss 0.929 acc 0.686 | val loss 1.264 acc 0.577 | 31s
epoch   8 | train loss 0.907 acc 0.688 | val loss 1.845 acc 0.500 | 35s
epoch   9 | train loss 0.824 acc 0.721 | val loss 1.247 acc 0.550 | 40s
epoch  10 | train loss 0.720 acc 0.764 | val loss 1.014 acc 0.631 | 44s
epoch  11 | train loss 0.721 acc 0.762 | val loss 1.128 acc 0.613 | 48s
epoch  12 | train loss 0.736 acc 0.747 | val loss 2.124 acc 0.456 | 53s
epoch  13 | train loss 0.663 acc 0.773 | val loss 0.868 acc 0.700 | 58s
epoch  14 | train loss 0.630 acc 0.789 | val loss 0.912 acc 0.721 | 63s
epoch  15 | train loss 0.612 acc 0.781 | val loss 1.240 acc 0.600 | 68s
epoch  16 | train loss 0.594 acc 0.796 | val loss 0.886 acc 0.702 | 73s
epoch  17 | train loss 0.554 acc 0.805 | val loss 1.115 acc 0.635 | 78s
epoch  18 | train loss 0.536 acc 0.824 | val loss 0.880 acc 0.706 | 83s
epoch  19 | train loss 0.492 acc 0.831 | val loss 1.029 acc 0.690 | 88s
epoch  20 | train loss 0.449 acc 0.858 | val loss 1.942 acc 0.500 | 93s
epoch  21 | train loss 0.480 acc 0.822 | val loss 0.871 acc 0.706 | 97s
epoch  22 | train loss 0.459 acc 0.844 | val loss 1.217 acc 0.596 | 102s
epoch  23 | train loss 0.430 acc 0.856 | val loss 1.289 acc 0.646 | 106s
epoch  24 | train loss 0.418 acc 0.857 | val loss 1.015 acc 0.698 | 110s
epoch  25 | train loss 0.381 acc 0.873 | val loss 1.254 acc 0.688 | 115s
epoch  26 | train loss 0.374 acc 0.871 | val loss 0.937 acc 0.717 | 119s
epoch  27 | train loss 0.359 acc 0.873 | val loss 0.758 acc 0.752 | 123s
epoch  28 | train loss 0.351 acc 0.885 | val loss 0.726 acc 0.769 | 127s
epoch  29 | train loss 0.362 acc 0.879 | val loss 0.751 acc 0.744 | 131s
epoch  30 | train loss 0.323 acc 0.890 | val loss 1.139 acc 0.646 | 136s
epoch  31 | train loss 0.283 acc 0.903 | val loss 0.662 acc 0.788 | 140s
epoch  32 | train loss 0.255 acc 0.919 | val loss 0.658 acc 0.785 | 145s
epoch  33 | train loss 0.285 acc 0.899 | val loss 1.117 acc 0.675 | 150s
epoch  34 | train loss 0.286 acc 0.902 | val loss 1.081 acc 0.694 | 155s
epoch  35 | train loss 0.283 acc 0.905 | val loss 0.624 acc 0.788 | 160s
epoch  36 | train loss 0.266 acc 0.912 | val loss 1.180 acc 0.704 | 165s
epoch  37 | train loss 0.250 acc 0.914 | val loss 1.094 acc 0.702 | 170s
epoch  38 | train loss 0.249 acc 0.915 | val loss 0.735 acc 0.750 | 174s
epoch  39 | train loss 0.211 acc 0.929 | val loss 0.751 acc 0.754 | 179s
epoch  40 | train loss 0.209 acc 0.937 | val loss 0.782 acc 0.758 | 184s
epoch  41 | train loss 0.194 acc 0.944 | val loss 0.868 acc 0.742 | 189s
epoch  42 | train loss 0.184 acc 0.943 | val loss 0.980 acc 0.712 | 194s
epoch  43 | train loss 0.217 acc 0.932 | val loss 0.770 acc 0.758 | 198s
epoch  44 | train loss 0.187 acc 0.940 | val loss 0.831 acc 0.744 | 202s
epoch  45 | train loss 0.191 acc 0.938 | val loss 0.688 acc 0.790 | 207s
epoch  46 | train loss 0.153 acc 0.954 | val loss 0.744 acc 0.771 | 211s
epoch  47 | train loss 0.154 acc 0.952 | val loss 0.797 acc 0.733 | 215s
epoch  48 | train loss 0.151 acc 0.952 | val loss 0.867 acc 0.760 | 219s
epoch  49 | train loss 0.160 acc 0.952 | val loss 0.804 acc 0.760 | 223s
epoch  50 | train loss 0.179 acc 0.942 | val loss 0.984 acc 0.725 | 227s
epoch  51 | train loss 0.152 acc 0.953 | val loss 0.891 acc 0.731 | 232s
epoch  52 | train loss 0.133 acc 0.956 | val loss 0.586 acc 0.794 | 236s
epoch  53 | train loss 0.115 acc 0.969 | val loss 0.766 acc 0.752 | 240s
epoch  54 | train loss 0.122 acc 0.961 | val loss 0.779 acc 0.765 | 245s
epoch  55 | train loss 0.129 acc 0.963 | val loss 0.681 acc 0.773 | 250s
epoch  56 | train loss 0.109 acc 0.970 | val loss 0.964 acc 0.715 | 255s
epoch  57 | train loss 0.107 acc 0.967 | val loss 0.760 acc 0.762 | 260s
epoch  58 | train loss 0.106 acc 0.967 | val loss 0.626 acc 0.798 | 265s
epoch  59 | train loss 0.135 acc 0.959 | val loss 0.625 acc 0.806 | 270s
epoch  60 | train loss 0.110 acc 0.968 | val loss 0.799 acc 0.781 | 275s
epoch  61 | train loss 0.116 acc 0.964 | val loss 0.721 acc 0.771 | 280s
epoch  62 | train loss 0.124 acc 0.966 | val loss 0.775 acc 0.756 | 285s
epoch  63 | train loss 0.101 acc 0.969 | val loss 0.790 acc 0.781 | 290s
epoch  64 | train loss 0.082 acc 0.979 | val loss 0.630 acc 0.825 | 294s
epoch  65 | train loss 0.076 acc 0.980 | val loss 0.717 acc 0.752 | 298s
epoch  66 | train loss 0.103 acc 0.968 | val loss 0.770 acc 0.788 | 302s
epoch  67 | train loss 0.091 acc 0.973 | val loss 0.632 acc 0.808 | 306s
epoch  68 | train loss 0.071 acc 0.981 | val loss 0.583 acc 0.819 | 310s
epoch  69 | train loss 0.066 acc 0.982 | val loss 0.804 acc 0.756 | 314s
epoch  70 | train loss 0.076 acc 0.976 | val loss 0.677 acc 0.785 | 319s
epoch  71 | train loss 0.060 acc 0.988 | val loss 0.551 acc 0.837 | 323s
epoch  72 | train loss 0.069 acc 0.980 | val loss 0.809 acc 0.781 | 327s
epoch  73 | train loss 0.055 acc 0.988 | val loss 0.495 acc 0.846 | 332s
epoch  74 | train loss 0.061 acc 0.984 | val loss 0.690 acc 0.796 | 336s
epoch  75 | train loss 0.071 acc 0.981 | val loss 0.632 acc 0.808 | 341s
epoch  76 | train loss 0.058 acc 0.983 | val loss 0.606 acc 0.823 | 346s
epoch  77 | train loss 0.054 acc 0.987 | val loss 0.537 acc 0.842 | 351s
epoch  78 | train loss 0.052 acc 0.986 | val loss 0.600 acc 0.829 | 356s
epoch  79 | train loss 0.063 acc 0.984 | val loss 0.667 acc 0.810 | 361s
epoch  80 | train loss 0.051 acc 0.984 | val loss 0.549 acc 0.831 | 366s
epoch  81 | train loss 0.042 acc 0.988 | val loss 0.581 acc 0.798 | 370s
epoch  82 | train loss 0.053 acc 0.984 | val loss 0.602 acc 0.829 | 375s
epoch  83 | train loss 0.046 acc 0.990 | val loss 0.518 acc 0.863 | 380s
epoch  84 | train loss 0.045 acc 0.991 | val loss 0.572 acc 0.823 | 385s
epoch  85 | train loss 0.040 acc 0.992 | val loss 0.589 acc 0.821 | 389s
epoch  86 | train loss 0.026 acc 0.996 | val loss 0.471 acc 0.854 | 394s
epoch  87 | train loss 0.035 acc 0.992 | val loss 0.560 acc 0.831 | 399s
epoch  88 | train loss 0.034 acc 0.990 | val loss 0.590 acc 0.817 | 404s
epoch  89 | train loss 0.028 acc 0.996 | val loss 0.473 acc 0.852 | 409s
epoch  90 | train loss 0.018 acc 0.998 | val loss 0.559 acc 0.825 | 414s
epoch  91 | train loss 0.022 acc 0.995 | val loss 0.490 acc 0.837 | 419s
epoch  92 | train loss 0.029 acc 0.993 | val loss 0.567 acc 0.835 | 424s
epoch  93 | train loss 0.018 acc 0.998 | val loss 0.490 acc 0.854 | 429s
epoch  94 | train loss 0.024 acc 0.996 | val loss 0.487 acc 0.850 | 434s
epoch  95 | train loss 0.014 acc 0.998 | val loss 0.466 acc 0.844 | 440s
epoch  96 | train loss 0.016 acc 0.997 | val loss 0.485 acc 0.846 | 445s
epoch  97 | train loss 0.018 acc 0.998 | val loss 0.475 acc 0.848 | 450s
epoch  98 | train loss 0.018 acc 0.997 | val loss 0.499 acc 0.856 | 455s
epoch  99 | train loss 0.015 acc 0.998 | val loss 0.501 acc 0.837 | 460s
epoch 100 | train loss 0.019 acc 0.997 | val loss 0.515 acc 0.852 | 464s
epoch 101 | train loss 0.019 acc 0.995 | val loss 0.457 acc 0.848 | 469s
epoch 102 | train loss 0.017 acc 0.997 | val loss 0.455 acc 0.850 | 473s
epoch 103 | train loss 0.021 acc 0.996 | val loss 0.443 acc 0.846 | 476s
epoch 104 | train loss 0.016 acc 0.998 | val loss 0.465 acc 0.863 | 478s
epoch 105 | train loss 0.017 acc 0.997 | val loss 0.460 acc 0.854 | 481s
epoch 106 | train loss 0.015 acc 0.999 | val loss 0.463 acc 0.850 | 483s
epoch 107 | train loss 0.017 acc 0.998 | val loss 0.443 acc 0.863 | 485s
epoch 108 | train loss 0.020 acc 0.995 | val loss 0.497 acc 0.842 | 487s
epoch 109 | train loss 0.019 acc 0.997 | val loss 0.479 acc 0.863 | 490s
epoch 110 | train loss 0.015 acc 0.997 | val loss 0.476 acc 0.852 | 492s
epoch 111 | train loss 0.019 acc 0.996 | val loss 0.443 acc 0.865 | 494s
epoch 112 | train loss 0.022 acc 0.995 | val loss 0.475 acc 0.858 | 497s
epoch 113 | train loss 0.014 acc 0.998 | val loss 0.464 acc 0.856 | 499s
epoch 114 | train loss 0.013 acc 0.997 | val loss 0.460 acc 0.848 | 501s
epoch 115 | train loss 0.013 acc 0.998 | val loss 0.495 acc 0.852 | 504s
epoch 116 | train loss 0.017 acc 0.996 | val loss 0.485 acc 0.856 | 506s
epoch 117 | train loss 0.011 acc 0.999 | val loss 0.492 acc 0.846 | 509s
epoch 118 | train loss 0.012 acc 0.998 | val loss 0.498 acc 0.856 | 511s
epoch 119 | train loss 0.009 acc 0.999 | val loss 0.473 acc 0.858 | 514s
epoch 120 | train loss 0.011 acc 0.998 | val loss 0.470 acc 0.865 | 516s
epoch 121 | train loss 0.012 acc 0.998 | val loss 0.472 acc 0.856 | 518s
epoch 122 | train loss 0.009 acc 0.999 | val loss 0.471 acc 0.858 | 522s
epoch 123 | train loss 0.009 acc 0.999 | val loss 0.452 acc 0.860 | 525s
epoch 124 | train loss 0.009 acc 0.999 | val loss 0.451 acc 0.873 | 528s
epoch 125 | train loss 0.010 acc 1.000 | val loss 0.465 acc 0.875 | 532s
epoch 126 | train loss 0.012 acc 0.997 | val loss 0.472 acc 0.877 | 536s
epoch 127 | train loss 0.007 acc 1.000 | val loss 0.468 acc 0.875 | 540s
epoch 128 | train loss 0.009 acc 0.998 | val loss 0.460 acc 0.873 | 544s
epoch 129 | train loss 0.009 acc 0.999 | val loss 0.459 acc 0.867 | 547s
epoch 130 | train loss 0.009 acc 0.999 | val loss 0.459 acc 0.867 | 551s
epoch 131 | train loss 0.007 acc 1.000 | val loss 0.451 acc 0.865 | 555s
epoch 132 | train loss 0.008 acc 0.999 | val loss 0.448 acc 0.871 | 558s
epoch 133 | train loss 0.009 acc 0.999 | val loss 0.448 acc 0.873 | 562s
epoch 134 | train loss 0.007 acc 0.999 | val loss 0.447 acc 0.875 | 566s
epoch 135 | train loss 0.010 acc 0.998 | val loss 0.449 acc 0.865 | 569s
epoch 136 | train loss 0.007 acc 0.999 | val loss 0.452 acc 0.873 | 573s
epoch 137 | train loss 0.008 acc 0.999 | val loss 0.456 acc 0.869 | 576s
epoch 138 | train loss 0.009 acc 0.999 | val loss 0.455 acc 0.865 | 580s
epoch 139 | train loss 0.009 acc 0.998 | val loss 0.455 acc 0.863 | 584s
epoch 140 | train loss 0.008 acc 0.999 | val loss 0.451 acc 0.875 | 587s
epoch 141 | train loss 0.006 acc 1.000 | val loss 0.450 acc 0.867 | 591s
epoch 142 | train loss 0.006 acc 1.000 | val loss 0.449 acc 0.871 | 595s
epoch 143 | train loss 0.010 acc 0.998 | val loss 0.446 acc 0.867 | 599s
epoch 144 | train loss 0.007 acc 0.999 | val loss 0.452 acc 0.871 | 603s
epoch 145 | train loss 0.008 acc 0.999 | val loss 0.446 acc 0.863 | 607s
epoch 146 | train loss 0.006 acc 1.000 | val loss 0.452 acc 0.867 | 611s
epoch 147 | train loss 0.007 acc 0.999 | val loss 0.446 acc 0.867 | 614s
epoch 148 | train loss 0.007 acc 1.000 | val loss 0.446 acc 0.869 | 618s
epoch 149 | train loss 0.006 acc 0.999 | val loss 0.449 acc 0.869 | 622s
epoch 150 | train loss 0.008 acc 0.998 | val loss 0.454 acc 0.867 | 626s
final validation accuracy 0.8667
