a12_longer | fold 0 | seed 0 | cuda | 1,176,752 parameters
epoch   1 | train loss 2.319 acc 0.283 | val loss 3.593 acc 0.115 | 5s
epoch   2 | train loss 1.719 acc 0.460 | val loss 3.981 acc 0.167 | 10s
epoch   3 | train loss 1.405 acc 0.540 | val loss 2.990 acc 0.254 | 15s
epoch   4 | train loss 1.233 acc 0.598 | val loss 1.532 acc 0.500 | 21s
epoch   5 | train loss 1.100 acc 0.629 | val loss 2.384 acc 0.427 | 26s
epoch   6 | train loss 0.996 acc 0.672 | val loss 1.603 acc 0.498 | 31s
epoch   7 | train loss 0.900 acc 0.682 | val loss 1.165 acc 0.606 | 36s
epoch   8 | train loss 0.827 acc 0.711 | val loss 1.052 acc 0.658 | 41s
epoch   9 | train loss 0.828 acc 0.721 | val loss 0.957 acc 0.679 | 46s
epoch  10 | train loss 0.772 acc 0.746 | val loss 2.025 acc 0.429 | 52s
epoch  11 | train loss 0.738 acc 0.740 | val loss 1.901 acc 0.471 | 57s
epoch  12 | train loss 0.699 acc 0.763 | val loss 1.122 acc 0.648 | 63s
epoch  13 | train loss 0.668 acc 0.772 | val loss 0.926 acc 0.690 | 68s
epoch  14 | train loss 0.593 acc 0.804 | val loss 1.854 acc 0.454 | 74s
epoch  15 | train loss 0.600 acc 0.795 | val loss 0.870 acc 0.710 | 79s
epoch  16 | train loss 0.575 acc 0.798 | val loss 0.972 acc 0.696 | 85s
epoch  17 | train loss 0.542 acc 0.806 | val loss 0.803 acc 0.725 | 90s
epoch  18 | train loss 0.517 acc 0.821 | val loss 1.387 acc 0.581 | 96s
epoch  19 | train loss 0.509 acc 0.819 | val loss 0.907 acc 0.721 | 101s
epoch  20 | train loss 0.510 acc 0.820 | val loss 2.243 acc 0.452 | 107s
epoch  21 | train loss 0.446 acc 0.845 | val loss 0.845 acc 0.731 | 112s
epoch  22 | train loss 0.407 acc 0.867 | val loss 0.993 acc 0.715 | 118s
epoch  23 | train loss 0.443 acc 0.854 | val loss 0.900 acc 0.727 | 123s
epoch  24 | train loss 0.406 acc 0.853 | val loss 1.536 acc 0.581 | 129s
epoch  25 | train loss 0.405 acc 0.868 | val loss 0.897 acc 0.715 | 134s
epoch  26 | train loss 0.412 acc 0.860 | val loss 1.752 acc 0.558 | 140s
epoch  27 | train loss 0.367 acc 0.888 | val loss 0.755 acc 0.750 | 145s
epoch  28 | train loss 0.326 acc 0.889 | val loss 1.380 acc 0.637 | 150s
epoch  29 | train loss 0.320 acc 0.895 | val loss 0.745 acc 0.765 | 155s
epoch  30 | train loss 0.319 acc 0.883 | val loss 1.028 acc 0.706 | 160s
epoch  31 | train loss 0.344 acc 0.881 | val loss 0.884 acc 0.706 | 165s
epoch  32 | train loss 0.294 acc 0.904 | val loss 0.791 acc 0.769 | 170s
epoch  33 | train loss 0.291 acc 0.905 | val loss 0.758 acc 0.750 | 175s
epoch  34 | train loss 0.290 acc 0.899 | val loss 0.940 acc 0.702 | 181s
epoch  35 | train loss 0.275 acc 0.905 | val loss 0.792 acc 0.769 | 186s
epoch  36 | train loss 0.285 acc 0.902 | val loss 0.832 acc 0.754 | 190s
epoch  37 | train loss 0.236 acc 0.926 | val loss 0.928 acc 0.723 | 194s
epoch  38 | train loss 0.211 acc 0.932 | val loss 0.769 acc 0.783 | 197s
epoch  39 | train loss 0.207 acc 0.936 | val loss 0.776 acc 0.767 | 201s
epoch  40 | train loss 0.218 acc 0.931 | val loss 1.208 acc 0.704 | 204s
epoch  41 | train loss 0.205 acc 0.936 | val loss 1.011 acc 0.698 | 208s
epoch  42 | train loss 0.181 acc 0.940 | val loss 0.996 acc 0.742 | 210s
epoch  43 | train loss 0.176 acc 0.942 | val loss 0.933 acc 0.710 | 213s
epoch  44 | train loss 0.184 acc 0.941 | val loss 0.765 acc 0.771 | 216s
epoch  45 | train loss 0.148 acc 0.955 | val loss 0.940 acc 0.738 | 220s
epoch  46 | train loss 0.165 acc 0.946 | val loss 0.674 acc 0.802 | 223s
epoch  47 | train loss 0.163 acc 0.944 | val loss 0.876 acc 0.744 | 227s
epoch  48 | train loss 0.166 acc 0.947 | val loss 0.687 acc 0.796 | 230s
epoch  49 | train loss 0.122 acc 0.966 | val loss 1.351 acc 0.658 | 234s
epoch  50 | train loss 0.125 acc 0.968 | val loss 0.734 acc 0.790 | 239s
epoch  51 | train loss 0.122 acc 0.963 | val loss 0.733 acc 0.769 | 244s
epoch  52 | train loss 0.137 acc 0.955 | val loss 1.589 acc 0.633 | 248s
epoch  53 | train loss 0.152 acc 0.952 | val loss 0.816 acc 0.775 | 253s
epoch  54 | train loss 0.113 acc 0.967 | val loss 0.817 acc 0.758 | 257s
epoch  55 | train loss 0.131 acc 0.955 | val loss 1.239 acc 0.688 | 262s
epoch  56 | train loss 0.141 acc 0.956 | val loss 0.709 acc 0.798 | 266s
epoch  57 | train loss 0.149 acc 0.949 | val loss 0.709 acc 0.812 | 271s
epoch  58 | train loss 0.118 acc 0.965 | val loss 1.003 acc 0.746 | 275s
epoch  59 | train loss 0.109 acc 0.969 | val loss 0.779 acc 0.785 | 279s
epoch  60 | train loss 0.099 acc 0.968 | val loss 0.606 acc 0.837 | 283s
epoch  61 | train loss 0.088 acc 0.976 | val loss 0.653 acc 0.810 | 287s
epoch  62 | train loss 0.089 acc 0.975 | val loss 0.672 acc 0.808 | 292s
epoch  63 | train loss 0.092 acc 0.970 | val loss 0.958 acc 0.754 | 297s
epoch  64 | train loss 0.077 acc 0.979 | val loss 0.589 acc 0.827 | 301s
epoch  65 | train loss 0.076 acc 0.978 | val loss 0.747 acc 0.783 | 306s
epoch  66 | train loss 0.068 acc 0.984 | val loss 0.661 acc 0.825 | 311s
epoch  67 | train loss 0.078 acc 0.974 | val loss 0.720 acc 0.812 | 316s
epoch  68 | train loss 0.072 acc 0.977 | val loss 0.619 acc 0.821 | 321s
epoch  69 | train loss 0.061 acc 0.982 | val loss 0.704 acc 0.804 | 326s
epoch  70 | train loss 0.064 acc 0.985 | val loss 0.706 acc 0.808 | 331s
epoch  71 | train loss 0.066 acc 0.983 | val loss 0.636 acc 0.833 | 336s
epoch  72 | train loss 0.060 acc 0.986 | val loss 0.721 acc 0.802 | 340s
epoch  73 | train loss 0.047 acc 0.986 | val loss 0.666 acc 0.821 | 344s
epoch  74 | train loss 0.044 acc 0.990 | val loss 0.507 acc 0.835 | 349s
epoch  75 | train loss 0.063 acc 0.981 | val loss 0.731 acc 0.788 | 353s
epoch  76 | train loss 0.058 acc 0.984 | val loss 0.680 acc 0.817 | 358s
epoch  77 | train loss 0.045 acc 0.990 | val loss 0.594 acc 0.835 | 362s
epoch  78 | train loss 0.038 acc 0.993 | val loss 0.715 acc 0.792 | 367s
epoch  79 | train loss 0.048 acc 0.989 | val loss 0.586 acc 0.831 | 371s
epoch  80 | train loss 0.050 acc 0.986 | val loss 0.701 acc 0.798 | 375s
epoch  81 | train loss 0.044 acc 0.991 | val loss 0.554 acc 0.821 | 379s
epoch  82 | train loss 0.041 acc 0.992 | val loss 0.558 acc 0.850 | 384s
epoch  83 | train loss 0.042 acc 0.988 | val loss 0.778 acc 0.781 | 388s
epoch  84 | train loss 0.057 acc 0.983 | val loss 0.799 acc 0.775 | 393s
epoch  85 | train loss 0.035 acc 0.992 | val loss 0.619 acc 0.817 | 398s
epoch  86 | train loss 0.040 acc 0.992 | val loss 0.599 acc 0.819 | 403s
epoch  87 | train loss 0.035 acc 0.989 | val loss 0.714 acc 0.810 | 407s
epoch  88 | train loss 0.031 acc 0.993 | val loss 0.679 acc 0.798 | 413s
epoch  89 | train loss 0.035 acc 0.991 | val loss 0.567 acc 0.846 | 417s
epoch  90 | train loss 0.036 acc 0.991 | val loss 0.705 acc 0.804 | 422s
epoch  91 | train loss 0.027 acc 0.994 | val loss 0.565 acc 0.842 | 427s
epoch  92 | train loss 0.030 acc 0.994 | val loss 0.519 acc 0.850 | 432s
epoch  93 | train loss 0.022 acc 0.995 | val loss 0.492 acc 0.860 | 436s
epoch  94 | train loss 0.024 acc 0.996 | val loss 0.557 acc 0.835 | 440s
epoch  95 | train loss 0.025 acc 0.994 | val loss 0.547 acc 0.846 | 445s
epoch  96 | train loss 0.025 acc 0.995 | val loss 0.550 acc 0.848 | 449s
epoch  97 | train loss 0.021 acc 0.996 | val loss 0.549 acc 0.833 | 454s
epoch  98 | train loss 0.016 acc 0.999 | val loss 0.539 acc 0.852 | 458s
epoch  99 | train loss 0.020 acc 0.995 | val loss 0.559 acc 0.835 | 463s
epoch 100 | train loss 0.023 acc 0.993 | val loss 0.579 acc 0.831 | 467s
epoch 101 | train loss 0.025 acc 0.996 | val loss 0.637 acc 0.831 | 471s
epoch 102 | train loss 0.016 acc 0.998 | val loss 0.544 acc 0.840 | 476s
epoch 103 | train loss 0.014 acc 0.999 | val loss 0.510 acc 0.844 | 481s
epoch 104 | train loss 0.011 acc 0.998 | val loss 0.503 acc 0.860 | 486s
epoch 105 | train loss 0.014 acc 0.998 | val loss 0.492 acc 0.850 | 491s
epoch 106 | train loss 0.020 acc 0.996 | val loss 0.568 acc 0.844 | 495s
epoch 107 | train loss 0.011 acc 0.999 | val loss 0.490 acc 0.852 | 500s
epoch 108 | train loss 0.013 acc 0.998 | val loss 0.506 acc 0.854 | 505s
epoch 109 | train loss 0.012 acc 0.999 | val loss 0.488 acc 0.858 | 509s
epoch 110 | train loss 0.011 acc 0.998 | val loss 0.492 acc 0.858 | 513s
epoch 111 | train loss 0.017 acc 0.997 | val loss 0.530 acc 0.844 | 518s
epoch 112 | train loss 0.015 acc 0.996 | val loss 0.490 acc 0.856 | 523s
epoch 113 | train loss 0.017 acc 0.998 | val loss 0.532 acc 0.844 | 528s
epoch 114 | train loss 0.010 acc 0.999 | val loss 0.530 acc 0.846 | 532s
epoch 115 | train loss 0.013 acc 0.997 | val loss 0.501 acc 0.856 | 537s
epoch 116 | train loss 0.008 acc 0.999 | val loss 0.506 acc 0.840 | 541s
epoch 117 | train loss 0.011 acc 0.998 | val loss 0.493 acc 0.850 | 546s
epoch 118 | train loss 0.011 acc 0.998 | val loss 0.526 acc 0.854 | 550s
epoch 119 | train loss 0.007 acc 1.000 | val loss 0.517 acc 0.854 | 555s
epoch 120 | train loss 0.009 acc 0.998 | val loss 0.517 acc 0.858 | 559s
epoch 121 | train loss 0.012 acc 0.999 | val loss 0.528 acc 0.863 | 563s
epoch 122 | train loss 0.009 acc 0.999 | val loss 0.501 acc 0.856 | 568s
epoch 123 | train loss 0.010 acc 0.999 | val loss 0.506 acc 0.863 | 572s
epoch 124 | train loss 0.010 acc 0.999 | val loss 0.518 acc 0.869 | 577s
epoch 125 | train loss 0.009 acc 0.998 | val loss 0.513 acc 0.858 | 582s
epoch 126 | train loss 0.009 acc 0.998 | val loss 0.506 acc 0.858 | 586s
epoch 127 | train loss 0.009 acc 0.997 | val loss 0.502 acc 0.858 | 591s
epoch 128 | train loss 0.010 acc 0.998 | val loss 0.495 acc 0.865 | 596s
epoch 129 | train loss 0.008 acc 0.999 | val loss 0.492 acc 0.860 | 600s
epoch 130 | train loss 0.011 acc 0.998 | val loss 0.508 acc 0.863 | 605s
epoch 131 | train loss 0.009 acc 0.999 | val loss 0.493 acc 0.865 | 610s
epoch 132 | train loss 0.006 acc 1.000 | val loss 0.494 acc 0.860 | 615s
epoch 133 | train loss 0.009 acc 0.998 | val loss 0.503 acc 0.867 | 620s
epoch 134 | train loss 0.008 acc 0.999 | val loss 0.500 acc 0.863 | 625s
epoch 135 | train loss 0.006 acc 0.999 | val loss 0.506 acc 0.860 | 630s
epoch 136 | train loss 0.008 acc 0.999 | val loss 0.497 acc 0.863 | 635s
epoch 137 | train loss 0.006 acc 0.999 | val loss 0.498 acc 0.860 | 640s
epoch 138 | train loss 0.010 acc 0.998 | val loss 0.501 acc 0.860 | 645s
epoch 139 | train loss 0.008 acc 0.999 | val loss 0.496 acc 0.865 | 650s
epoch 140 | train loss 0.005 acc 1.000 | val loss 0.497 acc 0.863 | 656s
epoch 141 | train loss 0.008 acc 0.999 | val loss 0.494 acc 0.865 | 660s
epoch 142 | train loss 0.006 acc 1.000 | val loss 0.496 acc 0.869 | 665s
epoch 143 | train loss 0.006 acc 1.000 | val loss 0.494 acc 0.867 | 670s
epoch 144 | train loss 0.007 acc 1.000 | val loss 0.491 acc 0.865 | 674s
epoch 145 | train loss 0.005 acc 1.000 | val loss 0.495 acc 0.867 | 679s
epoch 146 | train loss 0.007 acc 0.999 | val loss 0.489 acc 0.869 | 683s
epoch 147 | train loss 0.006 acc 1.000 | val loss 0.487 acc 0.865 | 688s
epoch 148 | train loss 0.008 acc 0.998 | val loss 0.491 acc 0.867 | 693s
epoch 149 | train loss 0.006 acc 1.000 | val loss 0.494 acc 0.865 | 698s
epoch 150 | train loss 0.009 acc 0.998 | val loss 0.491 acc 0.865 | 703s
final validation accuracy 0.8646
