a12_longer | fold 3 | seed 0 | cuda | 1,176,752 parameters
epoch   1 | train loss 2.335 acc 0.263 | val loss 4.176 acc 0.062 | 6s
epoch   2 | train loss 1.710 acc 0.476 | val loss 2.234 acc 0.290 | 12s
epoch   3 | train loss 1.407 acc 0.558 | val loss 7.964 acc 0.108 | 18s
epoch   4 | train loss 1.223 acc 0.606 | val loss 1.833 acc 0.452 | 23s
epoch   5 | train loss 1.068 acc 0.638 | val loss 2.177 acc 0.438 | 27s
epoch   6 | train loss 0.994 acc 0.654 | val loss 3.527 acc 0.262 | 31s
epoch   7 | train loss 0.930 acc 0.688 | val loss 1.458 acc 0.521 | 36s
epoch   8 | train loss 0.836 acc 0.718 | val loss 1.573 acc 0.529 | 42s
epoch   9 | train loss 0.833 acc 0.723 | val loss 1.167 acc 0.627 | 47s
epoch  10 | train loss 0.721 acc 0.764 | val loss 1.020 acc 0.650 | 53s
epoch  11 | train loss 0.729 acc 0.758 | val loss 1.364 acc 0.577 | 59s
epoch  12 | train loss 0.705 acc 0.761 | val loss 1.251 acc 0.600 | 63s
epoch  13 | train loss 0.640 acc 0.790 | val loss 1.289 acc 0.560 | 68s
epoch  14 | train loss 0.634 acc 0.792 | val loss 1.869 acc 0.502 | 72s
epoch  15 | train loss 0.650 acc 0.769 | val loss 1.006 acc 0.665 | 77s
epoch  16 | train loss 0.587 acc 0.794 | val loss 0.999 acc 0.692 | 81s
epoch  17 | train loss 0.551 acc 0.803 | val loss 1.638 acc 0.542 | 86s
epoch  18 | train loss 0.543 acc 0.809 | val loss 1.390 acc 0.583 | 90s
epoch  19 | train loss 0.517 acc 0.828 | val loss 1.729 acc 0.504 | 94s
epoch  20 | train loss 0.507 acc 0.831 | val loss 0.880 acc 0.723 | 98s
epoch  21 | train loss 0.422 acc 0.855 | val loss 1.195 acc 0.658 | 103s
epoch  22 | train loss 0.456 acc 0.845 | val loss 1.130 acc 0.633 | 107s
epoch  23 | train loss 0.410 acc 0.858 | val loss 1.248 acc 0.652 | 112s
epoch  24 | train loss 0.410 acc 0.863 | val loss 1.028 acc 0.721 | 118s
epoch  25 | train loss 0.460 acc 0.835 | val loss 1.617 acc 0.556 | 123s
epoch  26 | train loss 0.407 acc 0.856 | val loss 1.462 acc 0.625 | 129s
epoch  27 | train loss 0.385 acc 0.861 | val loss 1.076 acc 0.696 | 134s
epoch  28 | train loss 0.366 acc 0.870 | val loss 0.929 acc 0.731 | 139s
epoch  29 | train loss 0.326 acc 0.892 | val loss 0.991 acc 0.706 | 145s
epoch  30 | train loss 0.310 acc 0.898 | val loss 0.912 acc 0.723 | 150s
epoch  31 | train loss 0.298 acc 0.902 | val loss 0.828 acc 0.733 | 156s
epoch  32 | train loss 0.337 acc 0.878 | val loss 0.750 acc 0.758 | 161s
epoch  33 | train loss 0.334 acc 0.882 | val loss 1.274 acc 0.640 | 167s
epoch  34 | train loss 0.320 acc 0.891 | val loss 0.837 acc 0.731 | 172s
epoch  35 | train loss 0.277 acc 0.904 | val loss 0.728 acc 0.769 | 177s
epoch  36 | train loss 0.269 acc 0.903 | val loss 0.995 acc 0.696 | 183s
epoch  37 | train loss 0.245 acc 0.918 | val loss 0.652 acc 0.798 | 188s
epoch  38 | train loss 0.251 acc 0.910 | val loss 0.899 acc 0.721 | 194s
epoch  39 | train loss 0.287 acc 0.904 | val loss 0.695 acc 0.785 | 200s
epoch  40 | train loss 0.229 acc 0.923 | val loss 0.713 acc 0.794 | 205s
epoch  41 | train loss 0.231 acc 0.924 | val loss 0.829 acc 0.740 | 211s
epoch  42 | train loss 0.213 acc 0.929 | val loss 0.816 acc 0.746 | 216s
epoch  43 | train loss 0.206 acc 0.936 | val loss 1.063 acc 0.738 | 221s
epoch  44 | train loss 0.201 acc 0.931 | val loss 0.920 acc 0.733 | 227s
epoch  45 | train loss 0.196 acc 0.934 | val loss 1.191 acc 0.698 | 232s
epoch  46 | train loss 0.188 acc 0.941 | val loss 0.960 acc 0.729 | 237s
epoch  47 | train loss 0.203 acc 0.930 | val loss 0.794 acc 0.756 | 242s
epoch  48 | train loss 0.173 acc 0.944 | val loss 0.906 acc 0.754 | 248s
epoch  49 | train loss 0.157 acc 0.952 | val loss 0.646 acc 0.790 | 253s
epoch  50 | train loss 0.140 acc 0.957 | val loss 0.718 acc 0.771 | 257s
epoch  51 | train loss 0.170 acc 0.944 | val loss 0.898 acc 0.748 | 261s
epoch  52 | train loss 0.165 acc 0.951 | val loss 1.122 acc 0.694 | 266s
epoch  53 | train loss 0.146 acc 0.954 | val loss 1.220 acc 0.702 | 270s
epoch  54 | train loss 0.151 acc 0.956 | val loss 1.200 acc 0.710 | 275s
epoch  55 | train loss 0.156 acc 0.953 | val loss 1.120 acc 0.725 | 279s
epoch  56 | train loss 0.126 acc 0.960 | val loss 0.708 acc 0.781 | 283s
epoch  57 | train loss 0.109 acc 0.971 | val loss 0.905 acc 0.754 | 288s
epoch  58 | train loss 0.110 acc 0.969 | val loss 0.916 acc 0.712 | 292s
epoch  59 | train loss 0.099 acc 0.975 | val loss 0.975 acc 0.752 | 297s
epoch  60 | train loss 0.105 acc 0.972 | val loss 0.817 acc 0.775 | 301s
epoch  61 | train loss 0.088 acc 0.973 | val loss 0.786 acc 0.760 | 306s
epoch  62 | train loss 0.092 acc 0.976 | val loss 0.731 acc 0.798 | 311s
epoch  63 | train loss 0.076 acc 0.980 | val loss 0.560 acc 0.821 | 316s
epoch  64 | train loss 0.075 acc 0.979 | val loss 0.635 acc 0.790 | 321s
epoch  65 | train loss 0.095 acc 0.974 | val loss 0.701 acc 0.788 | 326s
epoch  66 | train loss 0.085 acc 0.976 | val loss 0.763 acc 0.785 | 331s
epoch  67 | train loss 0.083 acc 0.979 | val loss 0.719 acc 0.788 | 336s
epoch  68 | train loss 0.090 acc 0.973 | val loss 0.754 acc 0.771 | 341s
epoch  69 | train loss 0.079 acc 0.977 | val loss 0.621 acc 0.819 | 345s
epoch  70 | train loss 0.079 acc 0.979 | val loss 0.595 acc 0.796 | 350s
epoch  71 | train loss 0.088 acc 0.972 | val loss 0.679 acc 0.817 | 354s
epoch  72 | train loss 0.094 acc 0.969 | val loss 0.562 acc 0.833 | 358s
epoch  73 | train loss 0.068 acc 0.979 | val loss 0.632 acc 0.794 | 362s
epoch  74 | train loss 0.054 acc 0.989 | val loss 0.623 acc 0.810 | 367s
epoch  75 | train loss 0.058 acc 0.988 | val loss 0.640 acc 0.806 | 371s
epoch  76 | train loss 0.059 acc 0.982 | val loss 0.744 acc 0.800 | 375s
epoch  77 | train loss 0.054 acc 0.990 | val loss 0.583 acc 0.837 | 380s
epoch  78 | train loss 0.040 acc 0.992 | val loss 0.690 acc 0.812 | 384s
epoch  79 | train loss 0.049 acc 0.986 | val loss 0.587 acc 0.827 | 389s
epoch  80 | train loss 0.052 acc 0.985 | val loss 0.604 acc 0.823 | 393s
epoch  81 | train loss 0.065 acc 0.980 | val loss 0.549 acc 0.831 | 398s
epoch  82 | train loss 0.041 acc 0.991 | val loss 0.603 acc 0.821 | 403s
epoch  83 | train loss 0.048 acc 0.986 | val loss 0.718 acc 0.775 | 408s
epoch  84 | train loss 0.047 acc 0.988 | val loss 0.594 acc 0.833 | 413s
epoch  85 | train loss 0.038 acc 0.992 | val loss 0.640 acc 0.823 | 418s
epoch  86 | train loss 0.032 acc 0.994 | val loss 0.563 acc 0.837 | 423s
epoch  87 | train loss 0.038 acc 0.993 | val loss 0.524 acc 0.827 | 428s
epoch  88 | train loss 0.040 acc 0.990 | val loss 0.615 acc 0.833 | 433s
epoch  89 | train loss 0.031 acc 0.993 | val loss 0.536 acc 0.827 | 438s
epoch  90 | train loss 0.031 acc 0.992 | val loss 0.534 acc 0.837 | 443s
epoch  91 | train loss 0.031 acc 0.993 | val loss 0.598 acc 0.833 | 447s
epoch  92 | train loss 0.029 acc 0.995 | val loss 0.551 acc 0.835 | 451s
epoch  93 | train loss 0.033 acc 0.991 | val loss 0.549 acc 0.835 | 456s
epoch  94 | train loss 0.023 acc 0.997 | val loss 0.700 acc 0.819 | 460s
epoch  95 | train loss 0.027 acc 0.994 | val loss 0.548 acc 0.858 | 464s
epoch  96 | train loss 0.029 acc 0.995 | val loss 0.566 acc 0.829 | 469s
epoch  97 | train loss 0.024 acc 0.996 | val loss 0.640 acc 0.815 | 473s
epoch  98 | train loss 0.020 acc 0.997 | val loss 0.578 acc 0.844 | 477s
epoch  99 | train loss 0.022 acc 0.996 | val loss 0.660 acc 0.827 | 482s
epoch 100 | train loss 0.023 acc 0.994 | val loss 0.543 acc 0.840 | 486s
epoch 101 | train loss 0.018 acc 0.997 | val loss 0.534 acc 0.837 | 490s
epoch 102 | train loss 0.019 acc 0.997 | val loss 0.608 acc 0.831 | 495s
epoch 103 | train loss 0.015 acc 0.997 | val loss 0.545 acc 0.837 | 500s
epoch 104 | train loss 0.016 acc 0.998 | val loss 0.522 acc 0.856 | 505s
epoch 105 | train loss 0.018 acc 0.995 | val loss 0.534 acc 0.846 | 511s
epoch 106 | train loss 0.016 acc 0.998 | val loss 0.568 acc 0.840 | 516s
epoch 107 | train loss 0.012 acc 0.998 | val loss 0.539 acc 0.833 | 521s
epoch 108 | train loss 0.014 acc 0.998 | val loss 0.525 acc 0.844 | 526s
epoch 109 | train loss 0.015 acc 0.999 | val loss 0.608 acc 0.817 | 531s
epoch 110 | train loss 0.013 acc 0.998 | val loss 0.517 acc 0.848 | 535s
epoch 111 | train loss 0.015 acc 0.997 | val loss 0.515 acc 0.858 | 540s
epoch 112 | train loss 0.018 acc 0.998 | val loss 0.539 acc 0.844 | 544s
epoch 113 | train loss 0.016 acc 0.997 | val loss 0.560 acc 0.844 | 549s
epoch 114 | train loss 0.017 acc 0.997 | val loss 0.537 acc 0.833 | 553s
epoch 115 | train loss 0.011 acc 0.999 | val loss 0.513 acc 0.842 | 557s
epoch 116 | train loss 0.011 acc 1.000 | val loss 0.526 acc 0.844 | 561s
epoch 117 | train loss 0.014 acc 0.998 | val loss 0.560 acc 0.831 | 565s
epoch 118 | train loss 0.013 acc 0.998 | val loss 0.535 acc 0.848 | 570s
epoch 119 | train loss 0.013 acc 0.999 | val loss 0.559 acc 0.835 | 574s
epoch 120 | train loss 0.011 acc 0.999 | val loss 0.571 acc 0.846 | 578s
epoch 121 | train loss 0.012 acc 0.998 | val loss 0.549 acc 0.850 | 583s
epoch 122 | train loss 0.012 acc 0.998 | val loss 0.563 acc 0.852 | 588s
epoch 123 | train loss 0.009 acc 0.998 | val loss 0.562 acc 0.842 | 593s
epoch 124 | train loss 0.009 acc 0.999 | val loss 0.533 acc 0.850 | 597s
epoch 125 | train loss 0.009 acc 0.999 | val loss 0.544 acc 0.854 | 602s
epoch 126 | train loss 0.009 acc 0.999 | val loss 0.537 acc 0.848 | 607s
epoch 127 | train loss 0.008 acc 0.999 | val loss 0.558 acc 0.844 | 612s
epoch 128 | train loss 0.010 acc 0.997 | val loss 0.527 acc 0.852 | 617s
epoch 129 | train loss 0.008 acc 0.999 | val loss 0.541 acc 0.850 | 622s
epoch 130 | train loss 0.010 acc 0.999 | val loss 0.533 acc 0.846 | 627s
epoch 131 | train loss 0.008 acc 1.000 | val loss 0.520 acc 0.856 | 632s
epoch 132 | train loss 0.009 acc 0.998 | val loss 0.522 acc 0.854 | 637s
epoch 133 | train loss 0.009 acc 0.999 | val loss 0.518 acc 0.854 | 642s
epoch 134 | train loss 0.009 acc 0.999 | val loss 0.530 acc 0.852 | 647s
epoch 135 | train loss 0.010 acc 0.998 | val loss 0.520 acc 0.854 | 652s
epoch 136 | train loss 0.008 acc 0.999 | val loss 0.521 acc 0.846 | 657s
epoch 137 | train loss 0.007 acc 1.000 | val loss 0.517 acc 0.848 | 662s
epoch 138 | train loss 0.012 acc 0.998 | val loss 0.533 acc 0.846 | 667s
epoch 139 | train loss 0.010 acc 0.999 | val loss 0.531 acc 0.848 | 672s
epoch 140 | train loss 0.006 acc 1.000 | val loss 0.532 acc 0.848 | 677s
epoch 141 | train loss 0.009 acc 0.998 | val loss 0.523 acc 0.854 | 682s
epoch 142 | train loss 0.006 acc 0.999 | val loss 0.519 acc 0.850 | 687s
epoch 143 | train loss 0.007 acc 0.999 | val loss 0.517 acc 0.850 | 692s
epoch 144 | train loss 0.010 acc 0.999 | val loss 0.527 acc 0.854 | 697s
epoch 145 | train loss 0.008 acc 0.998 | val loss 0.523 acc 0.848 | 701s
epoch 146 | train loss 0.008 acc 0.999 | val loss 0.530 acc 0.850 | 706s
epoch 147 | train loss 0.008 acc 0.999 | val loss 0.521 acc 0.852 | 711s
epoch 148 | train loss 0.009 acc 0.999 | val loss 0.526 acc 0.850 | 716s
epoch 149 | train loss 0.011 acc 0.998 | val loss 0.533 acc 0.842 | 721s
epoch 150 | train loss 0.006 acc 1.000 | val loss 0.526 acc 0.850 | 726s
final validation accuracy 0.8500
