a12_longer | fold 1 | seed 2 | cuda | 1,176,752 parameters
epoch   1 | train loss 2.286 acc 0.283 | val loss 3.452 acc 0.115 | 5s
epoch   2 | train loss 1.693 acc 0.485 | val loss 3.945 acc 0.246 | 11s
epoch   3 | train loss 1.413 acc 0.536 | val loss 2.443 acc 0.365 | 16s
epoch   4 | train loss 1.232 acc 0.586 | val loss 1.684 acc 0.431 | 21s
epoch   5 | train loss 1.119 acc 0.624 | val loss 1.508 acc 0.527 | 27s
epoch   6 | train loss 1.002 acc 0.658 | val loss 3.161 acc 0.346 | 33s
epoch   7 | train loss 0.898 acc 0.697 | val loss 0.974 acc 0.646 | 38s
epoch   8 | train loss 0.880 acc 0.699 | val loss 1.245 acc 0.581 | 44s
epoch   9 | train loss 0.798 acc 0.731 | val loss 1.352 acc 0.590 | 49s
epoch  10 | train loss 0.752 acc 0.737 | val loss 1.179 acc 0.613 | 55s
epoch  11 | train loss 0.711 acc 0.762 | val loss 1.066 acc 0.652 | 60s
epoch  12 | train loss 0.668 acc 0.769 | val loss 1.038 acc 0.627 | 66s
epoch  13 | train loss 0.657 acc 0.776 | val loss 3.633 acc 0.356 | 70s
epoch  14 | train loss 0.662 acc 0.787 | val loss 1.010 acc 0.673 | 75s
epoch  15 | train loss 0.571 acc 0.799 | val loss 1.348 acc 0.596 | 79s
epoch  16 | train loss 0.570 acc 0.803 | val loss 1.426 acc 0.592 | 83s
epoch  17 | train loss 0.565 acc 0.807 | val loss 0.964 acc 0.698 | 87s
epoch  18 | train loss 0.569 acc 0.811 | val loss 1.385 acc 0.592 | 90s
epoch  19 | train loss 0.569 acc 0.812 | val loss 1.089 acc 0.637 | 94s
epoch  20 | train loss 0.476 acc 0.837 | val loss 2.050 acc 0.498 | 99s
epoch  21 | train loss 0.463 acc 0.840 | val loss 1.093 acc 0.644 | 103s
epoch  22 | train loss 0.426 acc 0.857 | val loss 0.920 acc 0.688 | 108s
epoch  23 | train loss 0.409 acc 0.864 | val loss 1.002 acc 0.677 | 112s
epoch  24 | train loss 0.415 acc 0.858 | val loss 0.894 acc 0.717 | 118s
epoch  25 | train loss 0.415 acc 0.862 | val loss 0.869 acc 0.725 | 124s
epoch  26 | train loss 0.408 acc 0.859 | val loss 0.880 acc 0.712 | 129s
epoch  27 | train loss 0.388 acc 0.859 | val loss 1.180 acc 0.619 | 135s
epoch  28 | train loss 0.377 acc 0.869 | val loss 0.986 acc 0.669 | 140s
epoch  29 | train loss 0.341 acc 0.893 | val loss 1.017 acc 0.685 | 145s
epoch  30 | train loss 0.327 acc 0.888 | val loss 0.707 acc 0.777 | 151s
epoch  31 | train loss 0.336 acc 0.885 | val loss 1.062 acc 0.690 | 156s
epoch  32 | train loss 0.333 acc 0.892 | val loss 0.891 acc 0.727 | 161s
epoch  33 | train loss 0.305 acc 0.898 | val loss 1.228 acc 0.685 | 167s
epoch  34 | train loss 0.265 acc 0.912 | val loss 0.531 acc 0.854 | 172s
epoch  35 | train loss 0.258 acc 0.912 | val loss 0.777 acc 0.773 | 177s
epoch  36 | train loss 0.269 acc 0.907 | val loss 1.431 acc 0.621 | 182s
epoch  37 | train loss 0.273 acc 0.899 | val loss 0.942 acc 0.712 | 188s
epoch  38 | train loss 0.280 acc 0.898 | val loss 2.132 acc 0.523 | 193s
epoch  39 | train loss 0.247 acc 0.922 | val loss 0.976 acc 0.700 | 199s
epoch  40 | train loss 0.226 acc 0.927 | val loss 0.805 acc 0.742 | 204s
epoch  41 | train loss 0.253 acc 0.917 | val loss 0.729 acc 0.779 | 210s
epoch  42 | train loss 0.199 acc 0.935 | val loss 0.614 acc 0.796 | 215s
epoch  43 | train loss 0.204 acc 0.936 | val loss 0.982 acc 0.735 | 221s
epoch  44 | train loss 0.201 acc 0.936 | val loss 0.596 acc 0.808 | 226s
epoch  45 | train loss 0.177 acc 0.941 | val loss 0.668 acc 0.777 | 232s
epoch  46 | train loss 0.169 acc 0.949 | val loss 0.772 acc 0.748 | 237s
epoch  47 | train loss 0.184 acc 0.939 | val loss 0.805 acc 0.756 | 243s
epoch  48 | train loss 0.186 acc 0.944 | val loss 0.886 acc 0.746 | 248s
epoch  49 | train loss 0.130 acc 0.963 | val loss 0.589 acc 0.821 | 254s
epoch  50 | train loss 0.139 acc 0.959 | val loss 0.726 acc 0.771 | 259s
epoch  51 | train loss 0.142 acc 0.961 | val loss 0.565 acc 0.833 | 264s
epoch  52 | train loss 0.142 acc 0.956 | val loss 0.971 acc 0.731 | 268s
epoch  53 | train loss 0.145 acc 0.956 | val loss 0.745 acc 0.810 | 272s
epoch  54 | train loss 0.120 acc 0.961 | val loss 0.618 acc 0.804 | 276s
epoch  55 | train loss 0.124 acc 0.962 | val loss 0.869 acc 0.750 | 281s
epoch  56 | train loss 0.123 acc 0.963 | val loss 0.855 acc 0.765 | 285s
epoch  57 | train loss 0.134 acc 0.960 | val loss 0.614 acc 0.827 | 289s
epoch  58 | train loss 0.116 acc 0.961 | val loss 0.780 acc 0.771 | 293s
epoch  59 | train loss 0.109 acc 0.963 | val loss 0.698 acc 0.800 | 298s
epoch  60 | train loss 0.100 acc 0.971 | val loss 0.755 acc 0.788 | 302s
epoch  61 | train loss 0.103 acc 0.967 | val loss 0.697 acc 0.800 | 306s
epoch  62 | train loss 0.096 acc 0.970 | val loss 0.721 acc 0.802 | 311s
epoch  63 | train loss 0.098 acc 0.972 | val loss 0.655 acc 0.819 | 316s
epoch  64 | train loss 0.098 acc 0.968 | val loss 0.513 acc 0.840 | 321s
epoch  65 | train loss 0.095 acc 0.973 | val loss 0.606 acc 0.815 | 326s
epoch  66 | train loss 0.078 acc 0.982 | val loss 0.623 acc 0.804 | 331s
epoch  67 | train loss 0.082 acc 0.978 | val loss 0.628 acc 0.812 | 336s
epoch  68 | train loss 0.082 acc 0.975 | val loss 0.546 acc 0.844 | 341s
epoch  69 | train loss 0.082 acc 0.978 | val loss 0.542 acc 0.840 | 346s
epoch  70 | train loss 0.058 acc 0.986 | val loss 0.549 acc 0.837 | 352s
epoch  71 | train loss 0.056 acc 0.985 | val loss 0.569 acc 0.837 | 356s
epoch  72 | train loss 0.061 acc 0.982 | val loss 0.727 acc 0.819 | 361s
epoch  73 | train loss 0.059 acc 0.986 | val loss 0.643 acc 0.802 | 365s
epoch  74 | train loss 0.066 acc 0.982 | val loss 0.687 acc 0.810 | 370s
epoch  75 | train loss 0.057 acc 0.986 | val loss 0.606 acc 0.815 | 373s
epoch  76 | train loss 0.053 acc 0.987 | val loss 0.655 acc 0.827 | 377s
epoch  77 | train loss 0.062 acc 0.983 | val loss 0.703 acc 0.810 | 381s
epoch  78 | train loss 0.046 acc 0.990 | val loss 0.486 acc 0.854 | 386s
epoch  79 | train loss 0.051 acc 0.987 | val loss 0.677 acc 0.812 | 390s
epoch  80 | train loss 0.050 acc 0.988 | val loss 0.538 acc 0.856 | 394s
epoch  81 | train loss 0.040 acc 0.990 | val loss 0.478 acc 0.865 | 399s
epoch  82 | train loss 0.046 acc 0.988 | val loss 0.564 acc 0.825 | 403s
epoch  83 | train loss 0.038 acc 0.993 | val loss 0.500 acc 0.867 | 408s
epoch  84 | train loss 0.035 acc 0.991 | val loss 0.473 acc 0.867 | 413s
epoch  85 | train loss 0.036 acc 0.993 | val loss 0.540 acc 0.833 | 418s
epoch  86 | train loss 0.037 acc 0.993 | val loss 0.572 acc 0.840 | 423s
epoch  87 | train loss 0.037 acc 0.991 | val loss 0.845 acc 0.771 | 428s
epoch  88 | train loss 0.050 acc 0.988 | val loss 0.884 acc 0.779 | 433s
epoch  89 | train loss 0.044 acc 0.986 | val loss 0.509 acc 0.873 | 438s
epoch  90 | train loss 0.023 acc 0.996 | val loss 0.492 acc 0.848 | 443s
epoch  91 | train loss 0.024 acc 0.995 | val loss 0.523 acc 0.850 | 448s
epoch  92 | train loss 0.025 acc 0.994 | val loss 0.503 acc 0.856 | 452s
epoch  93 | train loss 0.025 acc 0.996 | val loss 0.608 acc 0.837 | 456s
epoch  94 | train loss 0.020 acc 0.996 | val loss 0.541 acc 0.846 | 461s
epoch  95 | train loss 0.031 acc 0.992 | val loss 0.575 acc 0.833 | 465s
epoch  96 | train loss 0.031 acc 0.990 | val loss 0.447 acc 0.858 | 469s
epoch  97 | train loss 0.028 acc 0.995 | val loss 0.537 acc 0.844 | 473s
epoch  98 | train loss 0.025 acc 0.994 | val loss 0.514 acc 0.846 | 478s
epoch  99 | train loss 0.026 acc 0.996 | val loss 0.496 acc 0.840 | 483s
epoch 100 | train loss 0.020 acc 0.996 | val loss 0.502 acc 0.850 | 487s
epoch 101 | train loss 0.020 acc 0.998 | val loss 0.504 acc 0.846 | 492s
epoch 102 | train loss 0.020 acc 0.997 | val loss 0.424 acc 0.867 | 496s
epoch 103 | train loss 0.017 acc 0.997 | val loss 0.487 acc 0.863 | 501s
epoch 104 | train loss 0.019 acc 0.996 | val loss 0.433 acc 0.871 | 506s
epoch 105 | train loss 0.016 acc 0.999 | val loss 0.453 acc 0.852 | 511s
epoch 106 | train loss 0.013 acc 0.999 | val loss 0.427 acc 0.863 | 516s
epoch 107 | train loss 0.015 acc 0.997 | val loss 0.478 acc 0.865 | 521s
epoch 108 | train loss 0.017 acc 0.996 | val loss 0.436 acc 0.860 | 525s
epoch 109 | train loss 0.017 acc 0.997 | val loss 0.445 acc 0.860 | 530s
epoch 110 | train loss 0.015 acc 0.998 | val loss 0.431 acc 0.869 | 535s
epoch 111 | train loss 0.012 acc 0.998 | val loss 0.481 acc 0.856 | 540s
epoch 112 | train loss 0.010 acc 0.999 | val loss 0.441 acc 0.856 | 544s
epoch 113 | train loss 0.015 acc 0.998 | val loss 0.445 acc 0.869 | 548s
epoch 114 | train loss 0.012 acc 0.998 | val loss 0.463 acc 0.850 | 553s
epoch 115 | train loss 0.009 acc 0.999 | val loss 0.457 acc 0.854 | 557s
epoch 116 | train loss 0.010 acc 0.998 | val loss 0.443 acc 0.871 | 561s
epoch 117 | train loss 0.012 acc 0.998 | val loss 0.448 acc 0.871 | 566s
epoch 118 | train loss 0.014 acc 0.998 | val loss 0.462 acc 0.848 | 570s
epoch 119 | train loss 0.009 acc 1.000 | val loss 0.423 acc 0.867 | 575s
epoch 120 | train loss 0.010 acc 0.998 | val loss 0.459 acc 0.856 | 579s
epoch 121 | train loss 0.012 acc 0.998 | val loss 0.462 acc 0.850 | 584s
epoch 122 | train loss 0.009 acc 0.999 | val loss 0.457 acc 0.856 | 588s
epoch 123 | train loss 0.011 acc 0.999 | val loss 0.460 acc 0.850 | 593s
epoch 124 | train loss 0.010 acc 0.999 | val loss 0.446 acc 0.865 | 598s
epoch 125 | train loss 0.009 acc 0.999 | val loss 0.453 acc 0.858 | 603s
epoch 126 | train loss 0.008 acc 0.999 | val loss 0.448 acc 0.858 | 607s
epoch 127 | train loss 0.007 acc 0.999 | val loss 0.450 acc 0.860 | 612s
epoch 128 | train loss 0.011 acc 0.996 | val loss 0.432 acc 0.860 | 617s
epoch 129 | train loss 0.008 acc 1.000 | val loss 0.426 acc 0.867 | 622s
epoch 130 | train loss 0.010 acc 0.998 | val loss 0.440 acc 0.863 | 627s
epoch 131 | train loss 0.008 acc 0.999 | val loss 0.443 acc 0.860 | 631s
epoch 132 | train loss 0.009 acc 0.999 | val loss 0.440 acc 0.860 | 636s
epoch 133 | train loss 0.008 acc 0.999 | val loss 0.443 acc 0.854 | 641s
epoch 134 | train loss 0.008 acc 0.999 | val loss 0.442 acc 0.856 | 646s
epoch 135 | train loss 0.009 acc 0.999 | val loss 0.453 acc 0.858 | 651s
epoch 136 | train loss 0.006 acc 1.000 | val loss 0.444 acc 0.860 | 656s
epoch 137 | train loss 0.006 acc 1.000 | val loss 0.441 acc 0.856 | 661s
epoch 138 | train loss 0.007 acc 1.000 | val loss 0.447 acc 0.856 | 666s
epoch 139 | train loss 0.007 acc 0.999 | val loss 0.439 acc 0.856 | 671s
epoch 140 | train loss 0.008 acc 0.999 | val loss 0.442 acc 0.865 | 676s
epoch 141 | train loss 0.008 acc 0.999 | val loss 0.443 acc 0.865 | 681s
epoch 142 | train loss 0.008 acc 0.999 | val loss 0.448 acc 0.860 | 686s
epoch 143 | train loss 0.008 acc 0.998 | val loss 0.443 acc 0.860 | 691s
epoch 144 | train loss 0.010 acc 0.999 | val loss 0.443 acc 0.860 | 696s
epoch 145 | train loss 0.006 acc 0.999 | val loss 0.441 acc 0.860 | 701s
epoch 146 | train loss 0.006 acc 0.999 | val loss 0.445 acc 0.860 | 706s
epoch 147 | train loss 0.007 acc 0.999 | val loss 0.441 acc 0.858 | 710s
epoch 148 | train loss 0.008 acc 0.998 | val loss 0.440 acc 0.860 | 715s
epoch 149 | train loss 0.006 acc 1.000 | val loss 0.442 acc 0.854 | 720s
epoch 150 | train loss 0.008 acc 0.998 | val loss 0.446 acc 0.858 | 725s
final validation accuracy 0.8583
