a12_longer | fold 4 | seed 2 | cuda | 1,176,752 parameters
epoch   1 | train loss 2.293 acc 0.295 | val loss 3.485 acc 0.090 | 6s
epoch   2 | train loss 1.692 acc 0.484 | val loss 4.191 acc 0.190 | 11s
epoch   3 | train loss 1.429 acc 0.537 | val loss 3.735 acc 0.262 | 15s
epoch   4 | train loss 1.229 acc 0.590 | val loss 2.774 acc 0.273 | 19s
epoch   5 | train loss 1.065 acc 0.632 | val loss 1.287 acc 0.560 | 23s
epoch   6 | train loss 0.980 acc 0.676 | val loss 1.350 acc 0.556 | 27s
epoch   7 | train loss 0.933 acc 0.681 | val loss 1.569 acc 0.542 | 31s
epoch   8 | train loss 0.857 acc 0.717 | val loss 1.786 acc 0.485 | 35s
epoch   9 | train loss 0.814 acc 0.727 | val loss 1.041 acc 0.619 | 40s
epoch  10 | train loss 0.742 acc 0.746 | val loss 1.228 acc 0.608 | 44s
epoch  11 | train loss 0.732 acc 0.748 | val loss 1.096 acc 0.633 | 48s
epoch  12 | train loss 0.678 acc 0.771 | val loss 1.416 acc 0.552 | 53s
epoch  13 | train loss 0.661 acc 0.771 | val loss 1.068 acc 0.652 | 57s
epoch  14 | train loss 0.669 acc 0.766 | val loss 1.019 acc 0.671 | 63s
epoch  15 | train loss 0.586 acc 0.806 | val loss 0.796 acc 0.723 | 68s
epoch  16 | train loss 0.571 acc 0.800 | val loss 1.272 acc 0.573 | 73s
epoch  17 | train loss 0.540 acc 0.814 | val loss 1.141 acc 0.642 | 78s
epoch  18 | train loss 0.542 acc 0.817 | val loss 0.987 acc 0.681 | 83s
epoch  19 | train loss 0.548 acc 0.810 | val loss 1.175 acc 0.667 | 88s
epoch  20 | train loss 0.486 acc 0.840 | val loss 0.882 acc 0.723 | 93s
epoch  21 | train loss 0.453 acc 0.848 | val loss 0.983 acc 0.652 | 98s
epoch  22 | train loss 0.436 acc 0.848 | val loss 1.085 acc 0.671 | 102s
epoch  23 | train loss 0.425 acc 0.854 | val loss 1.173 acc 0.644 | 107s
epoch  24 | train loss 0.416 acc 0.846 | val loss 1.508 acc 0.554 | 111s
epoch  25 | train loss 0.390 acc 0.865 | val loss 1.181 acc 0.648 | 115s
epoch  26 | train loss 0.394 acc 0.860 | val loss 1.005 acc 0.688 | 119s
epoch  27 | train loss 0.347 acc 0.883 | val loss 0.937 acc 0.698 | 123s
epoch  28 | train loss 0.358 acc 0.879 | val loss 1.111 acc 0.640 | 127s
epoch  29 | train loss 0.351 acc 0.883 | val loss 0.744 acc 0.765 | 131s
epoch  30 | train loss 0.311 acc 0.891 | val loss 1.079 acc 0.696 | 135s
epoch  31 | train loss 0.293 acc 0.898 | val loss 1.569 acc 0.575 | 140s
epoch  32 | train loss 0.303 acc 0.902 | val loss 1.375 acc 0.617 | 145s
epoch  33 | train loss 0.285 acc 0.909 | val loss 0.722 acc 0.775 | 149s
epoch  34 | train loss 0.258 acc 0.913 | val loss 0.766 acc 0.744 | 154s
epoch  35 | train loss 0.241 acc 0.922 | val loss 1.040 acc 0.725 | 159s
epoch  36 | train loss 0.261 acc 0.914 | val loss 0.981 acc 0.708 | 164s
epoch  37 | train loss 0.247 acc 0.919 | val loss 0.802 acc 0.731 | 169s
epoch  38 | train loss 0.284 acc 0.901 | val loss 0.916 acc 0.733 | 174s
epoch  39 | train loss 0.236 acc 0.919 | val loss 1.095 acc 0.688 | 179s
epoch  40 | train loss 0.197 acc 0.935 | val loss 0.701 acc 0.781 | 184s
epoch  41 | train loss 0.218 acc 0.928 | val loss 1.299 acc 0.652 | 189s
epoch  42 | train loss 0.223 acc 0.923 | val loss 0.841 acc 0.748 | 194s
epoch  43 | train loss 0.200 acc 0.935 | val loss 0.632 acc 0.779 | 198s
epoch  44 | train loss 0.181 acc 0.944 | val loss 0.748 acc 0.754 | 202s
epoch  45 | train loss 0.177 acc 0.940 | val loss 0.756 acc 0.783 | 207s
epoch  46 | train loss 0.171 acc 0.948 | val loss 0.772 acc 0.783 | 211s
epoch  47 | train loss 0.151 acc 0.949 | val loss 0.749 acc 0.775 | 215s
epoch  48 | train loss 0.155 acc 0.953 | val loss 0.914 acc 0.735 | 219s
epoch  49 | train loss 0.120 acc 0.966 | val loss 0.847 acc 0.758 | 223s
epoch  50 | train loss 0.107 acc 0.969 | val loss 0.757 acc 0.781 | 228s
epoch  51 | train loss 0.137 acc 0.958 | val loss 0.767 acc 0.769 | 232s
epoch  52 | train loss 0.124 acc 0.963 | val loss 1.129 acc 0.723 | 236s
epoch  53 | train loss 0.127 acc 0.965 | val loss 0.643 acc 0.796 | 240s
epoch  54 | train loss 0.136 acc 0.956 | val loss 0.712 acc 0.783 | 244s
epoch  55 | train loss 0.131 acc 0.959 | val loss 0.799 acc 0.746 | 249s
epoch  56 | train loss 0.127 acc 0.959 | val loss 0.952 acc 0.725 | 254s
epoch  57 | train loss 0.137 acc 0.959 | val loss 0.981 acc 0.740 | 259s
epoch  58 | train loss 0.155 acc 0.949 | val loss 0.697 acc 0.781 | 264s
epoch  59 | train loss 0.121 acc 0.961 | val loss 0.604 acc 0.817 | 270s
epoch  60 | train loss 0.099 acc 0.977 | val loss 0.655 acc 0.808 | 275s
epoch  61 | train loss 0.105 acc 0.970 | val loss 0.653 acc 0.804 | 280s
epoch  62 | train loss 0.090 acc 0.976 | val loss 0.521 acc 0.842 | 285s
epoch  63 | train loss 0.073 acc 0.982 | val loss 0.531 acc 0.840 | 290s
epoch  64 | train loss 0.081 acc 0.978 | val loss 0.832 acc 0.773 | 295s
epoch  65 | train loss 0.086 acc 0.973 | val loss 0.717 acc 0.798 | 299s
epoch  66 | train loss 0.085 acc 0.978 | val loss 0.723 acc 0.794 | 304s
epoch  67 | train loss 0.076 acc 0.980 | val loss 0.608 acc 0.806 | 308s
epoch  68 | train loss 0.084 acc 0.972 | val loss 0.675 acc 0.798 | 312s
epoch  69 | train loss 0.081 acc 0.977 | val loss 0.630 acc 0.810 | 316s
epoch  70 | train loss 0.078 acc 0.979 | val loss 0.747 acc 0.779 | 320s
epoch  71 | train loss 0.058 acc 0.985 | val loss 0.612 acc 0.835 | 324s
epoch  72 | train loss 0.047 acc 0.992 | val loss 0.566 acc 0.835 | 328s
epoch  73 | train loss 0.055 acc 0.986 | val loss 0.577 acc 0.829 | 332s
epoch  74 | train loss 0.054 acc 0.989 | val loss 0.580 acc 0.846 | 337s
epoch  75 | train loss 0.038 acc 0.991 | val loss 0.626 acc 0.823 | 341s
epoch  76 | train loss 0.048 acc 0.988 | val loss 0.634 acc 0.821 | 346s
epoch  77 | train loss 0.046 acc 0.987 | val loss 0.725 acc 0.792 | 351s
epoch  78 | train loss 0.040 acc 0.989 | val loss 0.537 acc 0.842 | 357s
epoch  79 | train loss 0.055 acc 0.985 | val loss 0.569 acc 0.825 | 362s
epoch  80 | train loss 0.044 acc 0.989 | val loss 0.592 acc 0.833 | 367s
epoch  81 | train loss 0.038 acc 0.992 | val loss 0.565 acc 0.844 | 372s
epoch  82 | train loss 0.032 acc 0.994 | val loss 0.562 acc 0.831 | 377s
epoch  83 | train loss 0.040 acc 0.990 | val loss 0.649 acc 0.810 | 381s
epoch  84 | train loss 0.036 acc 0.991 | val loss 0.698 acc 0.806 | 386s
epoch  85 | train loss 0.032 acc 0.994 | val loss 0.552 acc 0.840 | 391s
epoch  86 | train loss 0.025 acc 0.996 | val loss 0.487 acc 0.852 | 396s
epoch  87 | train loss 0.028 acc 0.996 | val loss 0.554 acc 0.829 | 400s
epoch  88 | train loss 0.036 acc 0.990 | val loss 0.590 acc 0.819 | 405s
epoch  89 | train loss 0.045 acc 0.987 | val loss 0.613 acc 0.833 | 410s
epoch  90 | train loss 0.029 acc 0.996 | val loss 0.547 acc 0.833 | 414s
epoch  91 | train loss 0.034 acc 0.992 | val loss 0.640 acc 0.819 | 419s
epoch  92 | train loss 0.032 acc 0.994 | val loss 0.576 acc 0.823 | 424s
epoch  93 | train loss 0.023 acc 0.996 | val loss 0.470 acc 0.852 | 429s
epoch  94 | train loss 0.024 acc 0.995 | val loss 0.518 acc 0.852 | 434s
epoch  95 | train loss 0.024 acc 0.995 | val loss 0.462 acc 0.854 | 439s
epoch  96 | train loss 0.021 acc 0.996 | val loss 0.452 acc 0.854 | 445s
epoch  97 | train loss 0.019 acc 0.998 | val loss 0.523 acc 0.852 | 450s
epoch  98 | train loss 0.019 acc 0.997 | val loss 0.451 acc 0.854 | 455s
epoch  99 | train loss 0.020 acc 0.996 | val loss 0.500 acc 0.852 | 460s
epoch 100 | train loss 0.018 acc 0.996 | val loss 0.500 acc 0.856 | 465s
epoch 101 | train loss 0.020 acc 0.996 | val loss 0.526 acc 0.846 | 470s
epoch 102 | train loss 0.019 acc 0.997 | val loss 0.461 acc 0.854 | 474s
epoch 103 | train loss 0.014 acc 0.998 | val loss 0.553 acc 0.850 | 476s
epoch 104 | train loss 0.026 acc 0.993 | val loss 0.488 acc 0.858 | 479s
epoch 105 | train loss 0.018 acc 0.998 | val loss 0.521 acc 0.840 | 481s
epoch 106 | train loss 0.020 acc 0.996 | val loss 0.487 acc 0.854 | 483s
epoch 107 | train loss 0.016 acc 0.997 | val loss 0.496 acc 0.852 | 485s
epoch 108 | train loss 0.016 acc 0.998 | val loss 0.464 acc 0.865 | 488s
epoch 109 | train loss 0.013 acc 0.998 | val loss 0.479 acc 0.854 | 490s
epoch 110 | train loss 0.016 acc 0.996 | val loss 0.487 acc 0.854 | 492s
epoch 111 | train loss 0.014 acc 0.998 | val loss 0.526 acc 0.852 | 495s
epoch 112 | train loss 0.012 acc 0.999 | val loss 0.479 acc 0.860 | 497s
epoch 113 | train loss 0.012 acc 0.998 | val loss 0.497 acc 0.856 | 499s
epoch 114 | train loss 0.008 acc 0.999 | val loss 0.476 acc 0.867 | 502s
epoch 115 | train loss 0.010 acc 0.999 | val loss 0.464 acc 0.869 | 504s
epoch 116 | train loss 0.009 acc 0.999 | val loss 0.490 acc 0.865 | 507s
epoch 117 | train loss 0.015 acc 0.996 | val loss 0.452 acc 0.867 | 509s
epoch 118 | train loss 0.015 acc 0.998 | val loss 0.477 acc 0.865 | 511s
epoch 119 | train loss 0.012 acc 0.999 | val loss 0.486 acc 0.860 | 514s
epoch 120 | train loss 0.008 acc 0.999 | val loss 0.465 acc 0.873 | 516s
epoch 121 | train loss 0.010 acc 0.999 | val loss 0.453 acc 0.873 | 519s
epoch 122 | train loss 0.010 acc 0.999 | val loss 0.467 acc 0.873 | 522s
epoch 123 | train loss 0.012 acc 0.998 | val loss 0.477 acc 0.867 | 525s
epoch 124 | train loss 0.010 acc 0.999 | val loss 0.458 acc 0.865 | 529s
epoch 125 | train loss 0.014 acc 0.998 | val loss 0.442 acc 0.877 | 533s
epoch 126 | train loss 0.010 acc 0.999 | val loss 0.458 acc 0.865 | 536s
epoch 127 | train loss 0.009 acc 0.999 | val loss 0.443 acc 0.869 | 540s
epoch 128 | train loss 0.010 acc 0.997 | val loss 0.435 acc 0.865 | 544s
epoch 129 | train loss 0.011 acc 0.998 | val loss 0.461 acc 0.867 | 548s
epoch 130 | train loss 0.009 acc 0.999 | val loss 0.453 acc 0.871 | 552s
epoch 131 | train loss 0.007 acc 1.000 | val loss 0.444 acc 0.869 | 556s
epoch 132 | train loss 0.008 acc 0.998 | val loss 0.446 acc 0.871 | 560s
epoch 133 | train loss 0.010 acc 0.998 | val loss 0.451 acc 0.858 | 563s
epoch 134 | train loss 0.009 acc 0.999 | val loss 0.449 acc 0.867 | 567s
epoch 135 | train loss 0.010 acc 0.998 | val loss 0.452 acc 0.869 | 571s
epoch 136 | train loss 0.008 acc 0.999 | val loss 0.448 acc 0.867 | 574s
epoch 137 | train loss 0.009 acc 0.999 | val loss 0.433 acc 0.869 | 578s
epoch 138 | train loss 0.008 acc 0.999 | val loss 0.448 acc 0.865 | 581s
epoch 139 | train loss 0.007 acc 0.999 | val loss 0.446 acc 0.869 | 585s
epoch 140 | train loss 0.007 acc 0.999 | val loss 0.443 acc 0.873 | 589s
epoch 141 | train loss 0.008 acc 0.998 | val loss 0.446 acc 0.873 | 592s
epoch 142 | train loss 0.008 acc 0.999 | val loss 0.451 acc 0.871 | 596s
epoch 143 | train loss 0.006 acc 1.000 | val loss 0.447 acc 0.867 | 600s
epoch 144 | train loss 0.011 acc 0.996 | val loss 0.441 acc 0.869 | 603s
epoch 145 | train loss 0.007 acc 0.999 | val loss 0.453 acc 0.873 | 607s
epoch 146 | train loss 0.008 acc 0.999 | val loss 0.450 acc 0.869 | 611s
epoch 147 | train loss 0.009 acc 0.998 | val loss 0.448 acc 0.871 | 615s
epoch 148 | train loss 0.007 acc 1.000 | val loss 0.450 acc 0.865 | 618s
epoch 149 | train loss 0.010 acc 0.998 | val loss 0.442 acc 0.871 | 622s
epoch 150 | train loss 0.007 acc 0.999 | val loss 0.447 acc 0.869 | 626s
final validation accuracy 0.8687
